Archive member included to satisfy reference by file (symbol)

.\CortexM3\ARM_GCC_541\Debug\ZumoBot.a(PWM.o)
                              .\CortexM3\ARM_GCC_541\Debug\Motor.o (PWM_Stop)
.\CortexM3\ARM_GCC_541\Debug\ZumoBot.a(I2C.o)
                              .\CortexM3\ARM_GCC_541\Debug\Nunchuk.o (I2C_Start)
.\CortexM3\ARM_GCC_541\Debug\ZumoBot.a(I2C_INT.o)
                              .\CortexM3\ARM_GCC_541\Debug\ZumoBot.a(I2C.o) (I2C_ISR)
.\CortexM3\ARM_GCC_541\Debug\ZumoBot.a(I2C_PM.o)
                              .\CortexM3\ARM_GCC_541\Debug\ZumoBot.a(I2C.o) (I2C_backup)
.\CortexM3\ARM_GCC_541\Debug\ZumoBot.a(I2C_MASTER.o)
                              .\CortexM3\ARM_GCC_541\Debug\I2C_made.o (I2C_MasterWriteBuf)
.\CortexM3\ARM_GCC_541\Debug\ZumoBot.a(UART_1.o)
                              .\CortexM3\ARM_GCC_541\Debug\main.o (UART_1_Start)
.\CortexM3\ARM_GCC_541\Debug\ZumoBot.a(MotorDirLeft.o)
                              .\CortexM3\ARM_GCC_541\Debug\Motor.o (MotorDirLeft_Write)
.\CortexM3\ARM_GCC_541\Debug\ZumoBot.a(MotorDirRight.o)
                              .\CortexM3\ARM_GCC_541\Debug\Motor.o (MotorDirRight_Write)
.\CortexM3\ARM_GCC_541\Debug\ZumoBot.a(L3.o)
                              .\CortexM3\ARM_GCC_541\Debug\Reflectance.o (L3_Write)
.\CortexM3\ARM_GCC_541\Debug\ZumoBot.a(Timer_L3.o)
                              .\CortexM3\ARM_GCC_541\Debug\Reflectance.o (Timer_L3_ReadStatusRegister)
.\CortexM3\ARM_GCC_541\Debug\ZumoBot.a(Timer_R3.o)
                              .\CortexM3\ARM_GCC_541\Debug\Reflectance.o (Timer_R3_ReadStatusRegister)
.\CortexM3\ARM_GCC_541\Debug\ZumoBot.a(IR_led.o)
                              .\CortexM3\ARM_GCC_541\Debug\Reflectance.o (IR_led_Write)
.\CortexM3\ARM_GCC_541\Debug\ZumoBot.a(Timer_R1.o)
                              .\CortexM3\ARM_GCC_541\Debug\Reflectance.o (Timer_R1_ReadStatusRegister)
.\CortexM3\ARM_GCC_541\Debug\ZumoBot.a(R1.o)
                              .\CortexM3\ARM_GCC_541\Debug\Reflectance.o (R1_Write)
.\CortexM3\ARM_GCC_541\Debug\ZumoBot.a(R3.o)
                              .\CortexM3\ARM_GCC_541\Debug\Reflectance.o (R3_Write)
.\CortexM3\ARM_GCC_541\Debug\ZumoBot.a(Timer_L1.o)
                              .\CortexM3\ARM_GCC_541\Debug\Reflectance.o (Timer_L1_ReadStatusRegister)
.\CortexM3\ARM_GCC_541\Debug\ZumoBot.a(L1.o)
                              .\CortexM3\ARM_GCC_541\Debug\Reflectance.o (L1_Write)
.\CortexM3\ARM_GCC_541\Debug\ZumoBot.a(ADC_Battery.o)
                              .\CortexM3\ARM_GCC_541\Debug\main.o (ADC_Battery_Start)
.\CortexM3\ARM_GCC_541\Debug\ZumoBot.a(ADC_Battery_INT.o)
                              .\CortexM3\ARM_GCC_541\Debug\ZumoBot.a(ADC_Battery.o) (ADC_Battery_ISR)
.\CortexM3\ARM_GCC_541\Debug\ZumoBot.a(BatteryLed.o)
                              .\CortexM3\ARM_GCC_541\Debug\main.o (BatteryLed_Write)
.\CortexM3\ARM_GCC_541\Debug\ZumoBot.a(IR_receiver.o)
                              .\CortexM3\ARM_GCC_541\Debug\IR.o (IR_receiver_Read)
.\CortexM3\ARM_GCC_541\Debug\ZumoBot.a(Trig.o)
                              .\CortexM3\ARM_GCC_541\Debug\Ultra.o (Trig_Write)
.\CortexM3\ARM_GCC_541\Debug\ZumoBot.a(Timer.o)
                              .\CortexM3\ARM_GCC_541\Debug\Ultra.o (Timer_ReadStatusRegister)
.\CortexM3\ARM_GCC_541\Debug\ZumoBot.a(Echo.o)
                              .\CortexM3\ARM_GCC_541\Debug\Ultra.o (Echo_Read)
.\CortexM3\ARM_GCC_541\Debug\ZumoBot.a(ultra_isr.o)
                              .\CortexM3\ARM_GCC_541\Debug\Ultra.o (ultra_isr_StartEx)
.\CortexM3\ARM_GCC_541\Debug\ZumoBot.a(Buzzer_PWM.o)
                              .\CortexM3\ARM_GCC_541\Debug\Beep.o (Buzzer_PWM_Stop)
.\CortexM3\ARM_GCC_541\Debug\ZumoBot.a(IR_isr.o)
                              .\CortexM3\ARM_GCC_541\Debug\IR.o (IR_isr_StartEx)
.\CortexM3\ARM_GCC_541\Debug\ZumoBot.a(Timer_IR.o)
                              .\CortexM3\ARM_GCC_541\Debug\IR.o (Timer_IR_ReadStatusRegister)
.\CortexM3\ARM_GCC_541\Debug\ZumoBot.a(Timer_R2.o)
                              .\CortexM3\ARM_GCC_541\Debug\Reflectance.o (Timer_R2_ReadStatusRegister)
.\CortexM3\ARM_GCC_541\Debug\ZumoBot.a(Timer_L2.o)
                              .\CortexM3\ARM_GCC_541\Debug\Reflectance.o (Timer_L2_ReadStatusRegister)
.\CortexM3\ARM_GCC_541\Debug\ZumoBot.a(L2.o)
                              .\CortexM3\ARM_GCC_541\Debug\Reflectance.o (L2_Write)
.\CortexM3\ARM_GCC_541\Debug\ZumoBot.a(R2.o)
                              .\CortexM3\ARM_GCC_541\Debug\Reflectance.o (R2_Write)
.\CortexM3\ARM_GCC_541\Debug\ZumoBot.a(Control_Reg_1.o)
                              .\CortexM3\ARM_GCC_541\Debug\Reflectance.o (Control_Reg_1_Write)
.\CortexM3\ARM_GCC_541\Debug\ZumoBot.a(UART_1_IntClock.o)
                              .\CortexM3\ARM_GCC_541\Debug\ZumoBot.a(UART_1.o) (UART_1_IntClock_Start)
.\CortexM3\ARM_GCC_541\Debug\ZumoBot.a(ADC_Battery_theACLK.o)
[...]
Memory Configuration

Name             Origin             Length             Attributes
rom              0x00000000         0x00040000         xr
ram              0x1fff8000         0x00010000         xrw
*default*        0x00000000         0xffffffff

Linker script and memory map

LOAD c:/program files (x86)/cypress/psoc creator/4.2/psoc creator/import/gnu/arm/5.4.1/bin/../lib/gcc/arm-none-eabi/5.4.1/armv7-m/crti.o
LOAD c:/program files (x86)/cypress/psoc creator/4.2/psoc creator/import/gnu/arm/5.4.1/bin/../lib/gcc/arm-none-eabi/5.4.1/armv7-m/crtbegin.o
LOAD c:/program files (x86)/cypress/psoc creator/4.2/psoc creator/import/gnu/arm/5.4.1/bin/../lib/gcc/arm-none-eabi/5.4.1/../../../../arm-none-eabi/lib/armv7-m/crt0.o
START GROUP
LOAD .\CortexM3\ARM_GCC_541\Debug\Accel.o
LOAD .\CortexM3\ARM_GCC_541\Debug\Ambient.o
LOAD .\CortexM3\ARM_GCC_541\Debug\Beep.o
LOAD .\CortexM3\ARM_GCC_541\Debug\Gyro.o
LOAD .\CortexM3\ARM_GCC_541\Debug\I2C_made.o
LOAD .\CortexM3\ARM_GCC_541\Debug\IR.o
LOAD .\CortexM3\ARM_GCC_541\Debug\Magnet.o
LOAD .\CortexM3\ARM_GCC_541\Debug\Motor.o
LOAD .\CortexM3\ARM_GCC_541\Debug\Nunchuk.o
LOAD .\CortexM3\ARM_GCC_541\Debug\Reflectance.o
LOAD .\CortexM3\ARM_GCC_541\Debug\Ultra.o
LOAD .\CortexM3\ARM_GCC_541\Debug\Systick.o
LOAD .\CortexM3\ARM_GCC_541\Debug\Retarget.o
LOAD .\CortexM3\ARM_GCC_541\Debug\main.o
LOAD .\CortexM3\ARM_GCC_541\Debug\cyfitter_cfg.o
LOAD .\CortexM3\ARM_GCC_541\Debug\cymetadata.o
LOAD .\CortexM3\ARM_GCC_541\Debug\Cm3Start.o
LOAD .\CortexM3\ARM_GCC_541\Debug\ZumoBot.a
LOAD C:\Program Files (x86)\Cypress\PSoC Creator\4.2\PSoC Creator\psoc\content\cycomponentlibrary\CyComponentLibrary.cylib\CortexM3\ARM_GCC_541\Debug\CyComponentLibrary.a
LOAD c:/program files (x86)/cypress/psoc creator/4.2/psoc creator/import/gnu/arm/5.4.1/bin/../lib/gcc/arm-none-eabi/5.4.1/../../../../arm-none-eabi/lib/armv7-m\libm.a
END GROUP
START GROUP
LOAD c:/program files (x86)/cypress/psoc creator/4.2/psoc creator/import/gnu/arm/5.4.1/bin/../lib/gcc/arm-none-eabi/5.4.1/armv7-m\libgcc.a
LOAD c:/program files (x86)/cypress/psoc creator/4.2/psoc creator/import/gnu/arm/5.4.1/bin/../lib/gcc/arm-none-eabi/5.4.1/../../../../arm-none-eabi/lib/armv7-m\libg.a
LOAD c:/program files (x86)/cypress/psoc creator/4.2/psoc creator/import/gnu/arm/5.4.1/bin/../lib/gcc/arm-none-eabi/5.4.1/../../../../arm-none-eabi/lib/armv7-m\libc.a
END GROUP
LOAD c:/program files (x86)/cypress/psoc creator/4.2/psoc creator/import/gnu/arm/5.4.1/bin/../lib/gcc/arm-none-eabi/5.4.1/armv7-m/crtend.o
LOAD c:/program files (x86)/cypress/psoc creator/4.2/psoc creator/import/gnu/arm/5.4.1/bin/../lib/gcc/arm-none-eabi/5.4.1/armv7-m/crtn.o
START GROUP
LOAD c:/program files (x86)/cypress/psoc creator/4.2/psoc creator/import/gnu/arm/5.4.1/bin/../lib/gcc/arm-none-eabi/5.4.1/armv7-m\libgcc.a
LOAD c:/program files (x86)/cypress/psoc creator/4.2/psoc creator/import/gnu/arm/5.4.1/bin/../lib/gcc/arm-none-eabi/5.4.1/../../../../arm-none-eabi/lib/armv7-m\libc.a
LOAD c:/program files (x86)/cypress/psoc creator/4.2/psoc creator/import/gnu/arm/5.4.1/bin/../lib/gcc/arm-none-eabi/5.4.1/../../../../arm-none-eabi/lib/armv7-m\libnosys.a
END GROUP
                0x00000000                CY_APPL_ORIGIN = 0x0
                0x00000100                CY_FLASH_ROW_SIZE = 0x100
                0x00000020                CY_ECC_ROW_SIZE = 0x20
                0x00000000                CY_EE_IN_BTLDR = 0x0
                0x00000000                CY_APPL_LOADABLE = 0x0
                0x00000800                CY_EE_SIZE = 0x800
                0x00000001                CY_APPL_NUM = 0x1
                0x00000001                CY_APPL_MAX = 0x1
                0x00000040                CY_METADATA_SIZE = 0x40
                0x00000000                CY_APPL_LOADABLE = 0x0
                0x00000000                CY_CHECKSUM_EXCLUDE_SIZE = ALIGN (0x0, CY_FLASH_ROW_SIZE)
                [!provide]                PROVIDE (__cy_heap_start, _end)
                0x00000001                PROVIDE (__cy_region_num, ((__cy_regions_end - __cy_regions) / 0x10))
                0x20008000                PROVIDE (__cy_stack, (ORIGIN (ram) + LENGTH (ram)))
                [!provide]                PROVIDE (__cy_heap_end, (__cy_stack - 0x800))

.cybootloader   0x00000000        0x0
 *(.cybootloader)
                0x00000000                appl1_start = CY_APPL_ORIGIN?CY_APPL_ORIGIN:ALIGN (CY_FLASH_ROW_SIZE)
                0x0001ff00                appl2_start = (appl1_start + ALIGN ((((LENGTH (rom) - appl1_start) - (0x2 * CY_FLASH_ROW_SIZE)) / 0x2), CY_FLASH_ROW_SIZE))
                0x00000000                appl_start = (CY_APPL_NUM == 0x1)?appl1_start:appl2_start
                0x00000000                ecc_offset = ((appl_start / CY_FLASH_ROW_SIZE) * CY_ECC_ROW_SIZE)
                0x00000000                ee_offset = (CY_APPL_LOADABLE && ! (CY_EE_IN_BTLDR))?((CY_EE_SIZE / CY_APPL_MAX) * (CY_APPL_NUM - 0x1)):0x0
                0x00000800                ee_size = (CY_APPL_LOADABLE && ! (CY_EE_IN_BTLDR))?(CY_EE_SIZE / CY_APPL_MAX):CY_EE_SIZE
                [!provide]                PROVIDE (CY_ECC_OFFSET, ecc_offset)

.text           0x00000000     0x6b1c
 CREATE_OBJECT_SYMBOLS
                0x00000000                PROVIDE (__cy_interrupt_vector, RomVectors)
 *(.romvectors)
 .romvectors    0x00000000       0x10 .\CortexM3\ARM_GCC_541\Debug\Cm3Start.o
                0x00000000                RomVectors
                0x00000001                ASSERT ((. != __cy_interrupt_vector), No interrupt vector)
                0x00000001                ASSERT (CY_APPL_ORIGIN?(SIZEOF (.cybootloader) <= CY_APPL_ORIGIN):0x1, Wrong image location)
                0x00000010                PROVIDE (__cy_reset, Reset)
 *(.text.Reset)
 .text.Reset    0x00000010       0x18 .\CortexM3\ARM_GCC_541\Debug\Cm3Start.o
                0x00000010                Reset
                0x00000001                ASSERT ((. != __cy_reset), No reset code)
 *(.dma_init)
                0x00000001                ASSERT ((((appl_start + .) <= 0x10000) || 0x1), DMA Init must be within the first 64k of flash)
 *(.text .text.* .gnu.linkonce.t.*)
 .text          0x00000028       0x5c c:/program files (x86)/cypress/psoc creator/4.2/psoc creator/import/gnu/arm/5.4.1/bin/../lib/gcc/arm-none-eabi/5.4.1/armv7-m/crtbegin.o
 .text.reflectance_handler
                0x00000084      0x1c4 .\CortexM3\ARM_GCC_541\Debug\Reflectance.o
                0x00000084                reflectance_handler
 .text.ultrasonic_handler
                0x00000248       0x40 .\CortexM3\ARM_GCC_541\Debug\Ultra.o
                0x00000248                ultrasonic_handler
 .text.USER_ISR
                0x00000288       0x18 .\CortexM3\ARM_GCC_541\Debug\Systick.o
                0x00000288                USER_ISR
 .text.Systick_Start
                0x000002a0       0x40 .\CortexM3\ARM_GCC_541\Debug\Systick.o
                0x000002a0                Systick_Start
 .text._write   0x000002e0       0x2c .\CortexM3\ARM_GCC_541\Debug\Retarget.o
                0x000002e0                _write
 .text._read    0x0000030c       0xbc .\CortexM3\ARM_GCC_541\Debug\Retarget.o
                0x0000030c                _read
 .text.main     0x000003c8       0x68 .\CortexM3\ARM_GCC_541\Debug\main.o
                0x000003c8                main
 .text.CyClockStartupError
                0x00000430        0x4 .\CortexM3\ARM_GCC_541\Debug\cyfitter_cfg.o
 .text.cfg_write_bytes32
                0x00000434       0x34 .\CortexM3\ARM_GCC_541\Debug\cyfitter_cfg.o
 .text.CYMEMZERO
                0x00000468        0xc .\CortexM3\ARM_GCC_541\Debug\cyfitter_cfg.o
 .text.AnalogSetDefault
                0x00000474       0x80 .\CortexM3\ARM_GCC_541\Debug\cyfitter_cfg.o
 .text.CYCONFIGCPY
                0x000004f4        0x8 .\CortexM3\ARM_GCC_541\Debug\cyfitter_cfg.o
 .text.ClockSetup
                0x000004fc      0x160 .\CortexM3\ARM_GCC_541\Debug\cyfitter_cfg.o
 .text.cyfitter_cfg
                0x0000065c      0x144 .\CortexM3\ARM_GCC_541\Debug\cyfitter_cfg.o
                0x0000065c                cyfitter_cfg
 .text.IntDefaultHandler
                0x000007a0       0x10 .\CortexM3\ARM_GCC_541\Debug\Cm3Start.o
                0x000007a0                IntDefaultHandler
 .text._sbrk    0x000007b0       0x30 .\CortexM3\ARM_GCC_541\Debug\Cm3Start.o
                0x000007b0                _sbrk
 .text.Start_c  0x000007e0       0x4c .\CortexM3\ARM_GCC_541\Debug\Cm3Start.o
                0x000007e0                Start_c
 .text.initialize_psoc
                0x0000082c       0x68 .\CortexM3\ARM_GCC_541\Debug\Cm3Start.o
                0x0000082c                initialize_psoc
 .text.UART_1_Init
                0x00000894       0x24 .\CortexM3\ARM_GCC_541\Debug\ZumoBot.a(UART_1.o)
                0x00000894                UART_1_Init
 .text.UART_1_Enable
                0x000008b8       0x38 .\CortexM3\ARM_GCC_541\Debug\ZumoBot.a(UART_1.o)
                0x000008b8                UART_1_Enable
 .text.UART_1_Start
                0x000008f0       0x1c .\CortexM3\ARM_GCC_541\Debug\ZumoBot.a(UART_1.o)
                0x000008f0                UART_1_Start
 .text.UART_1_GetChar
                0x0000090c       0x2c .\CortexM3\ARM_GCC_541\Debug\ZumoBot.a(UART_1.o)
                0x0000090c                UART_1_GetChar
 .text.UART_1_PutChar
                0x00000938       0x18 .\CortexM3\ARM_GCC_541\Debug\ZumoBot.a(UART_1.o)
                0x00000938                UART_1_PutChar
 .text.L3_Write
                0x00000950       0x18 .\CortexM3\ARM_GCC_541\Debug\ZumoBot.a(L3.o)
                0x00000950                L3_Write
 .text.L3_SetDriveMode
                0x00000968       0x18 .\CortexM3\ARM_GCC_541\Debug\ZumoBot.a(L3.o)
                0x00000968                L3_SetDriveMode
 .text.Timer_L3_ReadStatusRegister
                0x00000980        0xc .\CortexM3\ARM_GCC_541\Debug\ZumoBot.a(Timer_L3.o)
                0x00000980                Timer_L3_ReadStatusRegister
 .text.Timer_L3_ReadPeriod
                0x0000098c        0xc .\CortexM3\ARM_GCC_541\Debug\ZumoBot.a(Timer_L3.o)
                0x0000098c                Timer_L3_ReadPeriod
 .text.Timer_L3_ReadCapture
                0x00000998        0xc .\CortexM3\ARM_GCC_541\Debug\ZumoBot.a(Timer_L3.o)
                0x00000998                Timer_L3_ReadCapture
 .text.Timer_L3_ReadCounter
                0x000009a4       0x14 .\CortexM3\ARM_GCC_541\Debug\ZumoBot.a(Timer_L3.o)
                0x000009a4                Timer_L3_ReadCounter
 .text.Timer_R3_ReadStatusRegister
                0x000009b8        0xc .\CortexM3\ARM_GCC_541\Debug\ZumoBot.a(Timer_R3.o)
                0x000009b8                Timer_R3_ReadStatusRegister
 .text.Timer_R3_ReadPeriod
                0x000009c4        0xc .\CortexM3\ARM_GCC_541\Debug\ZumoBot.a(Timer_R3.o)
                0x000009c4                Timer_R3_ReadPeriod
 .text.Timer_R3_ReadCapture
                0x000009d0        0xc .\CortexM3\ARM_GCC_541\Debug\ZumoBot.a(Timer_R3.o)
                0x000009d0                Timer_R3_ReadCapture
 .text.Timer_R3_ReadCounter
                0x000009dc       0x14 .\CortexM3\ARM_GCC_541\Debug\ZumoBot.a(Timer_R3.o)
                0x000009dc                Timer_R3_ReadCounter
 .text.Timer_R1_ReadStatusRegister
                0x000009f0        0xc .\CortexM3\ARM_GCC_541\Debug\ZumoBot.a(Timer_R1.o)
                0x000009f0                Timer_R1_ReadStatusRegister
 .text.Timer_R1_ReadPeriod
                0x000009fc        0xc .\CortexM3\ARM_GCC_541\Debug\ZumoBot.a(Timer_R1.o)
                0x000009fc                Timer_R1_ReadPeriod
 .text.Timer_R1_ReadCapture
                0x00000a08        0xc .\CortexM3\ARM_GCC_541\Debug\ZumoBot.a(Timer_R1.o)
                0x00000a08                Timer_R1_ReadCapture
 .text.Timer_R1_ReadCounter
                0x00000a14       0x14 .\CortexM3\ARM_GCC_541\Debug\ZumoBot.a(Timer_R1.o)
                0x00000a14                Timer_R1_ReadCounter
 .text.R1_Write
                0x00000a28       0x18 .\CortexM3\ARM_GCC_541\Debug\ZumoBot.a(R1.o)
                0x00000a28                R1_Write
 .text.R1_SetDriveMode
                0x00000a40       0x18 .\CortexM3\ARM_GCC_541\Debug\ZumoBot.a(R1.o)
                0x00000a40                R1_SetDriveMode
 .text.R3_Write
                0x00000a58       0x18 .\CortexM3\ARM_GCC_541\Debug\ZumoBot.a(R3.o)
                0x00000a58                R3_Write
 .text.R3_SetDriveMode
                0x00000a70       0x18 .\CortexM3\ARM_GCC_541\Debug\ZumoBot.a(R3.o)
                0x00000a70                R3_SetDriveMode
 .text.Timer_L1_ReadStatusRegister
                0x00000a88        0xc .\CortexM3\ARM_GCC_541\Debug\ZumoBot.a(Timer_L1.o)
                0x00000a88                Timer_L1_ReadStatusRegister
 .text.Timer_L1_ReadPeriod
                0x00000a94        0xc .\CortexM3\ARM_GCC_541\Debug\ZumoBot.a(Timer_L1.o)
                0x00000a94                Timer_L1_ReadPeriod
 .text.Timer_L1_ReadCapture
                0x00000aa0        0xc .\CortexM3\ARM_GCC_541\Debug\ZumoBot.a(Timer_L1.o)
                0x00000aa0                Timer_L1_ReadCapture
 .text.Timer_L1_ReadCounter
                0x00000aac       0x14 .\CortexM3\ARM_GCC_541\Debug\ZumoBot.a(Timer_L1.o)
                0x00000aac                Timer_L1_ReadCounter
 .text.L1_Write
                0x00000ac0       0x18 .\CortexM3\ARM_GCC_541\Debug\ZumoBot.a(L1.o)
                0x00000ac0                L1_Write
 .text.L1_SetDriveMode
                0x00000ad8       0x18 .\CortexM3\ARM_GCC_541\Debug\ZumoBot.a(L1.o)
                0x00000ad8                L1_SetDriveMode
 .text.ADC_Battery_CalcGain
                0x00000af0       0x64 .\CortexM3\ARM_GCC_541\Debug\ZumoBot.a(ADC_Battery.o)
 .text.ADC_Battery_Enable
                0x00000b54       0x94 .\CortexM3\ARM_GCC_541\Debug\ZumoBot.a(ADC_Battery.o)
                0x00000b54                ADC_Battery_Enable
 .text.ADC_Battery_SetResolution
                0x00000be8       0x38 .\CortexM3\ARM_GCC_541\Debug\ZumoBot.a(ADC_Battery.o)
                0x00000be8                ADC_Battery_SetResolution
 .text.ADC_Battery_Init
                0x00000c20       0x3c .\CortexM3\ARM_GCC_541\Debug\ZumoBot.a(ADC_Battery.o)
                0x00000c20                ADC_Battery_Init
 .text.ADC_Battery_Start
                0x00000c5c       0x1c .\CortexM3\ARM_GCC_541\Debug\ZumoBot.a(ADC_Battery.o)
                0x00000c5c                ADC_Battery_Start
 .text.ADC_Battery_StartConvert
                0x00000c78       0x10 .\CortexM3\ARM_GCC_541\Debug\ZumoBot.a(ADC_Battery.o)
                0x00000c78                ADC_Battery_StartConvert
 .text.ADC_Battery_IsEndConversion
                0x00000c88       0x24 .\CortexM3\ARM_GCC_541\Debug\ZumoBot.a(ADC_Battery.o)
                0x00000c88                ADC_Battery_IsEndConversion
 .text.ADC_Battery_GetResult16
                0x00000cac       0x18 .\CortexM3\ARM_GCC_541\Debug\ZumoBot.a(ADC_Battery.o)
                0x00000cac                ADC_Battery_GetResult16
 .text.ADC_Battery_ISR
                0x00000cc4        0x4 .\CortexM3\ARM_GCC_541\Debug\ZumoBot.a(ADC_Battery_INT.o)
                0x00000cc4                ADC_Battery_ISR
 .text.BatteryLed_Write
                0x00000cc8       0x18 .\CortexM3\ARM_GCC_541\Debug\ZumoBot.a(BatteryLed.o)
                0x00000cc8                BatteryLed_Write
 .text.Trig_Write
                0x00000ce0       0x18 .\CortexM3\ARM_GCC_541\Debug\ZumoBot.a(Trig.o)
                0x00000ce0                Trig_Write
 .text.Echo_Read
                0x00000cf8       0x10 .\CortexM3\ARM_GCC_541\Debug\ZumoBot.a(Echo.o)
                0x00000cf8                Echo_Read
 .text.Timer_R2_ReadStatusRegister
                0x00000d08        0xc .\CortexM3\ARM_GCC_541\Debug\ZumoBot.a(Timer_R2.o)
                0x00000d08                Timer_R2_ReadStatusRegister
 .text.Timer_R2_ReadPeriod
                0x00000d14        0xc .\CortexM3\ARM_GCC_541\Debug\ZumoBot.a(Timer_R2.o)
                0x00000d14                Timer_R2_ReadPeriod
 .text.Timer_R2_ReadCapture
                0x00000d20        0xc .\CortexM3\ARM_GCC_541\Debug\ZumoBot.a(Timer_R2.o)
                0x00000d20                Timer_R2_ReadCapture
 .text.Timer_R2_ReadCounter
                0x00000d2c       0x14 .\CortexM3\ARM_GCC_541\Debug\ZumoBot.a(Timer_R2.o)
                0x00000d2c                Timer_R2_ReadCounter
 .text.Timer_L2_ReadStatusRegister
                0x00000d40        0xc .\CortexM3\ARM_GCC_541\Debug\ZumoBot.a(Timer_L2.o)
                0x00000d40                Timer_L2_ReadStatusRegister
 .text.Timer_L2_ReadPeriod
                0x00000d4c        0xc .\CortexM3\ARM_GCC_541\Debug\ZumoBot.a(Timer_L2.o)
                0x00000d4c                Timer_L2_ReadPeriod
 .text.Timer_L2_ReadCapture
                0x00000d58        0xc .\CortexM3\ARM_GCC_541\Debug\ZumoBot.a(Timer_L2.o)
                0x00000d58                Timer_L2_ReadCapture
 .text.Timer_L2_ReadCounter
                0x00000d64       0x14 .\CortexM3\ARM_GCC_541\Debug\ZumoBot.a(Timer_L2.o)
                0x00000d64                Timer_L2_ReadCounter
 .text.L2_Write
                0x00000d78       0x18 .\CortexM3\ARM_GCC_541\Debug\ZumoBot.a(L2.o)
                0x00000d78                L2_Write
 .text.L2_SetDriveMode
                0x00000d90       0x18 .\CortexM3\ARM_GCC_541\Debug\ZumoBot.a(L2.o)
                0x00000d90                L2_SetDriveMode
 .text.R2_Write
                0x00000da8       0x18 .\CortexM3\ARM_GCC_541\Debug\ZumoBot.a(R2.o)
                0x00000da8                R2_Write
 .text.R2_SetDriveMode
                0x00000dc0       0x18 .\CortexM3\ARM_GCC_541\Debug\ZumoBot.a(R2.o)
                0x00000dc0                R2_SetDriveMode
 .text.Control_Reg_1_Write
                0x00000dd8        0xc .\CortexM3\ARM_GCC_541\Debug\ZumoBot.a(Control_Reg_1.o)
                0x00000dd8                Control_Reg_1_Write
 .text.UART_1_IntClock_Start
                0x00000de4       0x1c .\CortexM3\ARM_GCC_541\Debug\ZumoBot.a(UART_1_IntClock.o)
                0x00000de4                UART_1_IntClock_Start
 .text.ADC_Battery_theACLK_SetModeRegister
                0x00000e00       0x14 .\CortexM3\ARM_GCC_541\Debug\ZumoBot.a(ADC_Battery_theACLK.o)
                0x00000e00                ADC_Battery_theACLK_SetModeRegister
 .text.CyHalt   0x00000e14        0x4 .\CortexM3\ARM_GCC_541\Debug\ZumoBot.a(CyLib.o)
                0x00000e14                CyHalt
 .text.CyDelay  0x00000e18       0x2c .\CortexM3\ARM_GCC_541\Debug\ZumoBot.a(CyLib.o)
                0x00000e18                CyDelay
 .text.CyDelayUs
                0x00000e44       0x14 .\CortexM3\ARM_GCC_541\Debug\ZumoBot.a(CyLib.o)
                0x00000e44                CyDelayUs
 .text.CyIntSetSysVector
                0x00000e58       0x28 .\CortexM3\ARM_GCC_541\Debug\ZumoBot.a(CyLib.o)
                0x00000e58                CyIntSetSysVector
 .text.CyIntSetVector
                0x00000e80       0x28 .\CortexM3\ARM_GCC_541\Debug\ZumoBot.a(CyLib.o)
                0x00000e80                CyIntSetVector
 .text.CyIntSetPriority
                0x00000ea8       0x30 .\CortexM3\ARM_GCC_541\Debug\ZumoBot.a(CyLib.o)
                0x00000ea8                CyIntSetPriority
 .text          0x00000ed8       0x20 .\CortexM3\ARM_GCC_541\Debug\ZumoBot.a(CyBootAsmGnu.o)
                0x00000ed8                CyDelayCycles
                0x00000ee8                CyEnterCriticalSection
                0x00000ef0                CyExitCriticalSection
 .text          0x00000ef8      0x370 c:/program files (x86)/cypress/psoc creator/4.2/psoc creator/import/gnu/arm/5.4.1/bin/../lib/gcc/arm-none-eabi/5.4.1/armv7-m\libgcc.a(_arm_addsubdf3.o)
                0x00000ef8                __aeabi_drsub
                0x00000f00                __aeabi_dsub
                0x00000f00                __subdf3
                0x00000f04                __aeabi_dadd
                0x00000f04                __adddf3
                0x0000117c                __floatunsidf
                0x0000117c                __aeabi_ui2d
                0x0000119c                __floatsidf
                0x0000119c                __aeabi_i2d
                0x000011c0                __aeabi_f2d
                0x000011c0                __extendsfdf2
                0x000011fc                __floatundidf
                0x000011fc                __aeabi_ul2d
                0x0000120c                __floatdidf
                0x0000120c                __aeabi_l2d
 .text          0x00001268      0x424 c:/program files (x86)/cypress/psoc creator/4.2/psoc creator/import/gnu/arm/5.4.1/bin/../lib/gcc/arm-none-eabi/5.4.1/armv7-m\libgcc.a(_arm_muldivdf3.o)
                0x00001268                __aeabi_dmul
                0x00001268                __muldf3
                0x000014bc                __divdf3
                0x000014bc                __aeabi_ddiv
 .text          0x0000168c      0x110 c:/program files (x86)/cypress/psoc creator/4.2/psoc creator/import/gnu/arm/5.4.1/bin/../lib/gcc/arm-none-eabi/5.4.1/armv7-m\libgcc.a(_arm_cmpdf2.o)
                0x0000168c                __gtdf2
                0x0000168c                __gedf2
                0x00001694                __ltdf2
                0x00001694                __ledf2
                0x0000169c                __nedf2
                0x0000169c                __eqdf2
                0x0000169c                __cmpdf2
                0x00001718                __aeabi_cdrcmple
                0x00001728                __aeabi_cdcmpeq
                0x00001728                __aeabi_cdcmple
                0x00001738                __aeabi_dcmpeq
                0x0000174c                __aeabi_dcmplt
                0x00001760                __aeabi_dcmple
                0x00001774                __aeabi_dcmpge
                0x00001788                __aeabi_dcmpgt
 .text          0x0000179c       0x2c c:/program files (x86)/cypress/psoc creator/4.2/psoc creator/import/gnu/arm/5.4.1/bin/../lib/gcc/arm-none-eabi/5.4.1/armv7-m\libgcc.a(_arm_unorddf2.o)
                0x0000179c                __unorddf2
                0x0000179c                __aeabi_dcmpun
 .text          0x000017c8      0x21c c:/program files (x86)/cypress/psoc creator/4.2/psoc creator/import/gnu/arm/5.4.1/bin/../lib/gcc/arm-none-eabi/5.4.1/armv7-m\libgcc.a(_arm_addsubsf3.o)
                0x000017c8                __aeabi_frsub
                0x000017d0                __subsf3
                0x000017d0                __aeabi_fsub
                0x000017d4                __aeabi_fadd
                0x000017d4                __addsf3
                0x00001934                __aeabi_ui2f
                0x00001934                __floatunsisf
                0x0000193c                __aeabi_i2f
                0x0000193c                __floatsisf
                0x00001958                __aeabi_ul2f
                0x00001958                __floatundisf
                0x00001968                __aeabi_l2f
                0x00001968                __floatdisf
 .text          0x000019e4      0x2a0 c:/program files (x86)/cypress/psoc creator/4.2/psoc creator/import/gnu/arm/5.4.1/bin/../lib/gcc/arm-none-eabi/5.4.1/armv7-m\libgcc.a(_arm_muldivsf3.o)
                0x000019e4                __mulsf3
                0x000019e4                __aeabi_fmul
                0x00001b4c                __aeabi_fdiv
                0x00001b4c                __divsf3
 .text          0x00001c84      0x2ec c:/program files (x86)/cypress/psoc creator/4.2/psoc creator/import/gnu/arm/5.4.1/bin/../lib/gcc/arm-none-eabi/5.4.1/armv7-m\libgcc.a(_udivmoddi4.o)
                0x00001c84                __udivmoddi4
 .text          0x00001f70        0x4 c:/program files (x86)/cypress/psoc creator/4.2/psoc creator/import/gnu/arm/5.4.1/bin/../lib/gcc/arm-none-eabi/5.4.1/armv7-m\libgcc.a(_dvmd_tls.o)
                0x00001f70                __aeabi_idiv0
                0x00001f70                __aeabi_ldiv0
 .text.__errno  0x00001f74        0xc c:/program files (x86)/cypress/psoc creator/4.2/psoc creator/import/gnu/arm/5.4.1/bin/../lib/gcc/arm-none-eabi/5.4.1/../../../../arm-none-eabi/lib/armv7-m\libg.a(lib_a-errno.o)
                0x00001f74                __errno
 .text.__libc_init_array
                0x00001f80       0x50 c:/program files (x86)/cypress/psoc creator/4.2/psoc creator/import/gnu/arm/5.4.1/bin/../lib/gcc/arm-none-eabi/5.4.1/../../../../arm-none-eabi/lib/armv7-m\libg.a(lib_a-init.o)
                0x00001f80                __libc_init_array
 .text          0x00001fd0       0xec c:/program files (x86)/cypress/psoc creator/4.2/psoc creator/import/gnu/arm/5.4.1/bin/../lib/gcc/arm-none-eabi/5.4.1/../../../../arm-none-eabi/lib/armv7-m\libg.a(lib_a-memcpy.o)
                0x00001fd0                memcpy
 .text.memset   0x000020bc       0x9c c:/program files (x86)/cypress/psoc creator/4.2/psoc creator/import/gnu/arm/5.4.1/bin/../lib/gcc/arm-none-eabi/5.4.1/../../../../arm-none-eabi/lib/armv7-m\libg.a(lib_a-memset.o)
                0x000020bc                memset
 .text.printf   0x00002158       0x28 c:/program files (x86)/cypress/psoc creator/4.2/psoc creator/import/gnu/arm/5.4.1/bin/../lib/gcc/arm-none-eabi/5.4.1/../../../../arm-none-eabi/lib/armv7-m\libg.a(lib_a-printf.o)
                0x00002158                printf
 .text._puts_r  0x00002180       0x68 c:/program files (x86)/cypress/psoc creator/4.2/psoc creator/import/gnu/arm/5.4.1/bin/../lib/gcc/arm-none-eabi/5.4.1/../../../../arm-none-eabi/lib/armv7-m\libg.a(lib_a-puts.o)
                0x00002180                _puts_r
 .text.puts     0x000021e8       0x10 c:/program files (x86)/cypress/psoc creator/4.2/psoc creator/import/gnu/arm/5.4.1/bin/../lib/gcc/arm-none-eabi/5.4.1/../../../../arm-none-eabi/lib/armv7-m\libg.a(lib_a-puts.o)
                0x000021e8                puts
 .text.strlen   0x000021f8       0x5c c:/program files (x86)/cypress/psoc creator/4.2/psoc creator/import/gnu/arm/5.4.1/bin/../lib/gcc/arm-none-eabi/5.4.1/../../../../arm-none-eabi/lib/armv7-m\libg.a(lib_a-strlen-stub.o)
                0x000021f8                strlen
 .text._vfprintf_r
                0x00002254     0x1788 c:/program files (x86)/cypress/psoc creator/4.2/psoc creator/import/gnu/arm/5.4.1/bin/../lib/gcc/arm-none-eabi/5.4.1/../../../../arm-none-eabi/lib/armv7-m\libg.a(lib_a-vfprintf.o)
                0x00002254                _vfprintf_r
 .text.__sbprintf
                0x000039dc       0x6c c:/program files (x86)/cypress/psoc creator/4.2/psoc creator/import/gnu/arm/5.4.1/bin/../lib/gcc/arm-none-eabi/5.4.1/../../../../arm-none-eabi/lib/armv7-m\libg.a(lib_a-vfprintf.o)
 .text.__swsetup_r
                0x00003a48       0xc8 c:/program files (x86)/cypress/psoc creator/4.2/psoc creator/import/gnu/arm/5.4.1/bin/../lib/gcc/arm-none-eabi/5.4.1/../../../../arm-none-eabi/lib/armv7-m\libg.a(lib_a-wsetup.o)
                0x00003a48                __swsetup_r
 .text.startup.register_fini
                0x00003b10       0x14 c:/program files (x86)/cypress/psoc creator/4.2/psoc creator/import/gnu/arm/5.4.1/bin/../lib/gcc/arm-none-eabi/5.4.1/../../../../arm-none-eabi/lib/armv7-m\libg.a(lib_a-__call_atexit.o)
 .text.atexit   0x00003b24        0xc c:/program files (x86)/cypress/psoc creator/4.2/psoc creator/import/gnu/arm/5.4.1/bin/../lib/gcc/arm-none-eabi/5.4.1/../../../../arm-none-eabi/lib/armv7-m\libg.a(lib_a-atexit.o)
                0x00003b24                atexit
 .text.quorem   0x00003b30      0x12c c:/program files (x86)/cypress/psoc creator/4.2/psoc creator/import/gnu/arm/5.4.1/bin/../lib/gcc/arm-none-eabi/5.4.1/../../../../arm-none-eabi/lib/armv7-m\libg.a(lib_a-dtoa.o)
 *fill*         0x00003c5c        0x4 
 .text._dtoa_r  0x00003c60      0xe4c c:/program files (x86)/cypress/psoc creator/4.2/psoc creator/import/gnu/arm/5.4.1/bin/../lib/gcc/arm-none-eabi/5.4.1/../../../../arm-none-eabi/lib/armv7-m\libg.a(lib_a-dtoa.o)
                0x00003c60                _dtoa_r
 .text.__sflush_r
                0x00004aac      0x148 c:/program files (x86)/cypress/psoc creator/4.2/psoc creator/import/gnu/arm/5.4.1/bin/../lib/gcc/arm-none-eabi/5.4.1/../../../../arm-none-eabi/lib/armv7-m\libg.a(lib_a-fflush.o)
                0x00004aac                __sflush_r
 .text._fflush_r
                0x00004bf4       0x2c c:/program files (x86)/cypress/psoc creator/4.2/psoc creator/import/gnu/arm/5.4.1/bin/../lib/gcc/arm-none-eabi/5.4.1/../../../../arm-none-eabi/lib/armv7-m\libg.a(lib_a-fflush.o)
                0x00004bf4                _fflush_r
 .text._cleanup_r
                0x00004c20        0xc c:/program files (x86)/cypress/psoc creator/4.2/psoc creator/import/gnu/arm/5.4.1/bin/../lib/gcc/arm-none-eabi/5.4.1/../../../../arm-none-eabi/lib/armv7-m\libg.a(lib_a-findfp.o)
                0x00004c20                _cleanup_r
 .text.__sinit.part.1
                0x00004c2c       0xf0 c:/program files (x86)/cypress/psoc creator/4.2/psoc creator/import/gnu/arm/5.4.1/bin/../lib/gcc/arm-none-eabi/5.4.1/../../../../arm-none-eabi/lib/armv7-m\libg.a(lib_a-findfp.o)
 .text.__sinit  0x00004d1c        0xc c:/program files (x86)/cypress/psoc creator/4.2/psoc creator/import/gnu/arm/5.4.1/bin/../lib/gcc/arm-none-eabi/5.4.1/../../../../arm-none-eabi/lib/armv7-m\libg.a(lib_a-findfp.o)
                0x00004d1c                __sinit
 .text.__sfp_lock_acquire
                0x00004d28        0x4 c:/program files (x86)/cypress/psoc creator/4.2/psoc creator/import/gnu/arm/5.4.1/bin/../lib/gcc/arm-none-eabi/5.4.1/../../../../arm-none-eabi/lib/armv7-m\libg.a(lib_a-findfp.o)
                0x00004d28                __sfp_lock_acquire
 .text.__sfp_lock_release
                0x00004d2c        0x4 c:/program files (x86)/cypress/psoc creator/4.2/psoc creator/import/gnu/arm/5.4.1/bin/../lib/gcc/arm-none-eabi/5.4.1/../../../../arm-none-eabi/lib/armv7-m\libg.a(lib_a-findfp.o)
                0x00004d2c                __sfp_lock_release
 .text.__libc_fini_array
                0x00004d30       0x28 c:/program files (x86)/cypress/psoc creator/4.2/psoc creator/import/gnu/arm/5.4.1/bin/../lib/gcc/arm-none-eabi/5.4.1/../../../../arm-none-eabi/lib/armv7-m\libg.a(lib_a-fini.o)
                0x00004d30                __libc_fini_array
 .text._malloc_trim_r
                0x00004d58       0x9c c:/program files (x86)/cypress/psoc creator/4.2/psoc creator/import/gnu/arm/5.4.1/bin/../lib/gcc/arm-none-eabi/5.4.1/../../../../arm-none-eabi/lib/armv7-m\libg.a(lib_a-freer.o)
                0x00004d58                _malloc_trim_r
 .text._free_r  0x00004df4      0x1d0 c:/program files (x86)/cypress/psoc creator/4.2/psoc creator/import/gnu/arm/5.4.1/bin/../lib/gcc/arm-none-eabi/5.4.1/../../../../arm-none-eabi/lib/armv7-m\libg.a(lib_a-freer.o)
                0x00004df4                _free_r
 .text.__sfvwrite_r
                0x00004fc4      0x308 c:/program files (x86)/cypress/psoc creator/4.2/psoc creator/import/gnu/arm/5.4.1/bin/../lib/gcc/arm-none-eabi/5.4.1/../../../../arm-none-eabi/lib/armv7-m\libg.a(lib_a-fvwrite.o)
                0x00004fc4                __sfvwrite_r
 .text._fwalk_reent
                0x000052cc       0x50 c:/program files (x86)/cypress/psoc creator/4.2/psoc creator/import/gnu/arm/5.4.1/bin/../lib/gcc/arm-none-eabi/5.4.1/../../../../arm-none-eabi/lib/armv7-m\libg.a(lib_a-fwalk.o)
                0x000052cc                _fwalk_reent
 .text.__locale_charset
                0x0000531c        0x8 c:/program files (x86)/cypress/psoc creator/4.2/psoc creator/import/gnu/arm/5.4.1/bin/../lib/gcc/arm-none-eabi/5.4.1/../../../../arm-none-eabi/lib/armv7-m\libg.a(lib_a-locale.o)
                0x0000531c                __locale_charset
 .text.__locale_mb_cur_max
                0x00005324        0xc c:/program files (x86)/cypress/psoc creator/4.2/psoc creator/import/gnu/arm/5.4.1/bin/../lib/gcc/arm-none-eabi/5.4.1/../../../../arm-none-eabi/lib/armv7-m\libg.a(lib_a-locale.o)
                0x00005324                __locale_mb_cur_max
 .text._localeconv_r
                0x00005330        0x8 c:/program files (x86)/cypress/psoc creator/4.2/psoc creator/import/gnu/arm/5.4.1/bin/../lib/gcc/arm-none-eabi/5.4.1/../../../../arm-none-eabi/lib/armv7-m\libg.a(lib_a-locale.o)
                0x00005330                _localeconv_r
 .text.__swhatbuf_r
                0x00005338       0x60 c:/program files (x86)/cypress/psoc creator/4.2/psoc creator/import/gnu/arm/5.4.1/bin/../lib/gcc/arm-none-eabi/5.4.1/../../../../arm-none-eabi/lib/armv7-m\libg.a(lib_a-makebuf.o)
                0x00005338                __swhatbuf_r
 .text.__smakebuf_r
                0x00005398       0x88 c:/program files (x86)/cypress/psoc creator/4.2/psoc creator/import/gnu/arm/5.4.1/bin/../lib/gcc/arm-none-eabi/5.4.1/../../../../arm-none-eabi/lib/armv7-m\libg.a(lib_a-makebuf.o)
                0x00005398                __smakebuf_r
 .text._malloc_r
                0x00005420      0x558 c:/program files (x86)/cypress/psoc creator/4.2/psoc creator/import/gnu/arm/5.4.1/bin/../lib/gcc/arm-none-eabi/5.4.1/../../../../arm-none-eabi/lib/armv7-m\libg.a(lib_a-mallocr.o)
                0x00005420                _malloc_r
 .text.memchr   0x00005978       0x8c c:/program files (x86)/cypress/psoc creator/4.2/psoc creator/import/gnu/arm/5.4.1/bin/../lib/gcc/arm-none-eabi/5.4.1/../../../../arm-none-eabi/lib/armv7-m\libg.a(lib_a-memchr-stub.o)
                0x00005978                memchr
 .text.memmove  0x00005a04       0xc8 c:/program files (x86)/cypress/psoc creator/4.2/psoc creator/import/gnu/arm/5.4.1/bin/../lib/gcc/arm-none-eabi/5.4.1/../../../../arm-none-eabi/lib/armv7-m\libg.a(lib_a-memmove.o)
                0x00005a04                memmove
 .text.__malloc_lock
                0x00005acc        0x4 c:/program files (x86)/cypress/psoc creator/4.2/psoc creator/import/gnu/arm/5.4.1/bin/../lib/gcc/arm-none-eabi/5.4.1/../../../../arm-none-eabi/lib/armv7-m\libg.a(lib_a-mlock.o)
                0x00005acc                __malloc_lock
 .text.__malloc_unlock
                0x00005ad0        0x4 c:/program files (x86)/cypress/psoc creator/4.2/psoc creator/import/gnu/arm/5.4.1/bin/../lib/gcc/arm-none-eabi/5.4.1/../../../../arm-none-eabi/lib/armv7-m\libg.a(lib_a-mlock.o)
                0x00005ad0                __malloc_unlock
 .text._Balloc  0x00005ad4       0x50 c:/program files (x86)/cypress/psoc creator/4.2/psoc creator/import/gnu/arm/5.4.1/bin/../lib/gcc/arm-none-eabi/5.4.1/../../../../arm-none-eabi/lib/armv7-m\libg.a(lib_a-mprec.o)
                0x00005ad4                _Balloc
 .text._Bfree   0x00005b24       0x14 c:/program files (x86)/cypress/psoc creator/4.2/psoc creator/import/gnu/arm/5.4.1/bin/../lib/gcc/arm-none-eabi/5.4.1/../../../../arm-none-eabi/lib/armv7-m\libg.a(lib_a-mprec.o)
                0x00005b24                _Bfree
 .text.__multadd
                0x00005b38       0x80 c:/program files (x86)/cypress/psoc creator/4.2/psoc creator/import/gnu/arm/5.4.1/bin/../lib/gcc/arm-none-eabi/5.4.1/../../../../arm-none-eabi/lib/armv7-m\libg.a(lib_a-mprec.o)
                0x00005b38                __multadd
 .text.__hi0bits
                0x00005bb8       0x40 c:/program files (x86)/cypress/psoc creator/4.2/psoc creator/import/gnu/arm/5.4.1/bin/../lib/gcc/arm-none-eabi/5.4.1/../../../../arm-none-eabi/lib/armv7-m\libg.a(lib_a-mprec.o)
                0x00005bb8                __hi0bits
 .text.__lo0bits
                0x00005bf8       0x5c c:/program files (x86)/cypress/psoc creator/4.2/psoc creator/import/gnu/arm/5.4.1/bin/../lib/gcc/arm-none-eabi/5.4.1/../../../../arm-none-eabi/lib/armv7-m\libg.a(lib_a-mprec.o)
                0x00005bf8                __lo0bits
 .text.__i2b    0x00005c54       0x14 c:/program files (x86)/cypress/psoc creator/4.2/psoc creator/import/gnu/arm/5.4.1/bin/../lib/gcc/arm-none-eabi/5.4.1/../../../../arm-none-eabi/lib/armv7-m\libg.a(lib_a-mprec.o)
                0x00005c54                __i2b
 .text.__multiply
                0x00005c68      0x13c c:/program files (x86)/cypress/psoc creator/4.2/psoc creator/import/gnu/arm/5.4.1/bin/../lib/gcc/arm-none-eabi/5.4.1/../../../../arm-none-eabi/lib/armv7-m\libg.a(lib_a-mprec.o)
                0x00005c68                __multiply
 .text.__pow5mult
                0x00005da4       0xa0 c:/program files (x86)/cypress/psoc creator/4.2/psoc creator/import/gnu/arm/5.4.1/bin/../lib/gcc/arm-none-eabi/5.4.1/../../../../arm-none-eabi/lib/armv7-m\libg.a(lib_a-mprec.o)
                0x00005da4                __pow5mult
 .text.__lshift
                0x00005e44       0xac c:/program files (x86)/cypress/psoc creator/4.2/psoc creator/import/gnu/arm/5.4.1/bin/../lib/gcc/arm-none-eabi/5.4.1/../../../../arm-none-eabi/lib/armv7-m\libg.a(lib_a-mprec.o)
                0x00005e44                __lshift
 .text.__mcmp   0x00005ef0       0x40 c:/program files (x86)/cypress/psoc creator/4.2/psoc creator/import/gnu/arm/5.4.1/bin/../lib/gcc/arm-none-eabi/5.4.1/../../../../arm-none-eabi/lib/armv7-m\libg.a(lib_a-mprec.o)
                0x00005ef0                __mcmp
 .text.__mdiff  0x00005f30      0x128 c:/program files (x86)/cypress/psoc creator/4.2/psoc creator/import/gnu/arm/5.4.1/bin/../lib/gcc/arm-none-eabi/5.4.1/../../../../arm-none-eabi/lib/armv7-m\libg.a(lib_a-mprec.o)
                0x00005f30                __mdiff
 .text.__d2b    0x00006058       0xa8 c:/program files (x86)/cypress/psoc creator/4.2/psoc creator/import/gnu/arm/5.4.1/bin/../lib/gcc/arm-none-eabi/5.4.1/../../../../arm-none-eabi/lib/armv7-m\libg.a(lib_a-mprec.o)
                0x00006058                __d2b
 .text._realloc_r
                0x00006100      0x3d4 c:/program files (x86)/cypress/psoc creator/4.2/psoc creator/import/gnu/arm/5.4.1/bin/../lib/gcc/arm-none-eabi/5.4.1/../../../../arm-none-eabi/lib/armv7-m\libg.a(lib_a-reallocr.o)
                0x00006100                _realloc_r
 .text._sbrk_r  0x000064d4       0x24 c:/program files (x86)/cypress/psoc creator/4.2/psoc creator/import/gnu/arm/5.4.1/bin/../lib/gcc/arm-none-eabi/5.4.1/../../../../arm-none-eabi/lib/armv7-m\libg.a(lib_a-sbrkr.o)
                0x000064d4                _sbrk_r
 .text.__sread  0x000064f8       0x24 c:/program files (x86)/cypress/psoc creator/4.2/psoc creator/import/gnu/arm/5.4.1/bin/../lib/gcc/arm-none-eabi/5.4.1/../../../../arm-none-eabi/lib/armv7-m\libg.a(lib_a-stdio.o)
                0x000064f8                __sread
 .text.__swrite
                0x0000651c       0x3c c:/program files (x86)/cypress/psoc creator/4.2/psoc creator/import/gnu/arm/5.4.1/bin/../lib/gcc/arm-none-eabi/5.4.1/../../../../arm-none-eabi/lib/armv7-m\libg.a(lib_a-stdio.o)
                0x0000651c                __swrite
 .text.__sseek  0x00006558       0x20 c:/program files (x86)/cypress/psoc creator/4.2/psoc creator/import/gnu/arm/5.4.1/bin/../lib/gcc/arm-none-eabi/5.4.1/../../../../arm-none-eabi/lib/armv7-m\libg.a(lib_a-stdio.o)
                0x00006558                __sseek
 .text.__sclose
                0x00006578        0x8 c:/program files (x86)/cypress/psoc creator/4.2/psoc creator/import/gnu/arm/5.4.1/bin/../lib/gcc/arm-none-eabi/5.4.1/../../../../arm-none-eabi/lib/armv7-m\libg.a(lib_a-stdio.o)
                0x00006578                __sclose
 .text.__sprint_r.part.0
                0x00006580       0x78 c:/program files (x86)/cypress/psoc creator/4.2/psoc creator/import/gnu/arm/5.4.1/bin/../lib/gcc/arm-none-eabi/5.4.1/../../../../arm-none-eabi/lib/armv7-m\libg.a(lib_a-vfiprintf.o)
 .text.__sprint_r
                0x000065f8       0x14 c:/program files (x86)/cypress/psoc creator/4.2/psoc creator/import/gnu/arm/5.4.1/bin/../lib/gcc/arm-none-eabi/5.4.1/../../../../arm-none-eabi/lib/armv7-m\libg.a(lib_a-vfiprintf.o)
                0x000065f8                __sprint_r
 .text._write_r
                0x0000660c       0x2c c:/program files (x86)/cypress/psoc creator/4.2/psoc creator/import/gnu/arm/5.4.1/bin/../lib/gcc/arm-none-eabi/5.4.1/../../../../arm-none-eabi/lib/armv7-m\libg.a(lib_a-writer.o)
                0x0000660c                _write_r
 .text.__register_exitproc
                0x00006638       0xa4 c:/program files (x86)/cypress/psoc creator/4.2/psoc creator/import/gnu/arm/5.4.1/bin/../lib/gcc/arm-none-eabi/5.4.1/../../../../arm-none-eabi/lib/armv7-m\libg.a(lib_a-__atexit.o)
                0x00006638                __register_exitproc
 .text._calloc_r
                0x000066dc       0x60 c:/program files (x86)/cypress/psoc creator/4.2/psoc creator/import/gnu/arm/5.4.1/bin/../lib/gcc/arm-none-eabi/5.4.1/../../../../arm-none-eabi/lib/armv7-m\libg.a(lib_a-callocr.o)
                0x000066dc                _calloc_r
 .text._close_r
                0x0000673c       0x24 c:/program files (x86)/cypress/psoc creator/4.2/psoc creator/import/gnu/arm/5.4.1/bin/../lib/gcc/arm-none-eabi/5.4.1/../../../../arm-none-eabi/lib/armv7-m\libg.a(lib_a-closer.o)
                0x0000673c                _close_r
 .text._fclose_r
                0x00006760       0x84 c:/program files (x86)/cypress/psoc creator/4.2/psoc creator/import/gnu/arm/5.4.1/bin/../lib/gcc/arm-none-eabi/5.4.1/../../../../arm-none-eabi/lib/armv7-m\libg.a(lib_a-fclose.o)
                0x00006760                _fclose_r
 .text.__fputwc
                0x000067e4       0x94 c:/program files (x86)/cypress/psoc creator/4.2/psoc creator/import/gnu/arm/5.4.1/bin/../lib/gcc/arm-none-eabi/5.4.1/../../../../arm-none-eabi/lib/armv7-m\libg.a(lib_a-fputwc.o)
                0x000067e4                __fputwc
 .text._fputwc_r
                0x00006878       0x24 c:/program files (x86)/cypress/psoc creator/4.2/psoc creator/import/gnu/arm/5.4.1/bin/../lib/gcc/arm-none-eabi/5.4.1/../../../../arm-none-eabi/lib/armv7-m\libg.a(lib_a-fputwc.o)
                0x00006878                _fputwc_r
 .text._fstat_r
                0x0000689c       0x28 c:/program files (x86)/cypress/psoc creator/4.2/psoc creator/import/gnu/arm/5.4.1/bin/../lib/gcc/arm-none-eabi/5.4.1/../../../../arm-none-eabi/lib/armv7-m\libg.a(lib_a-fstatr.o)
                0x0000689c                _fstat_r
 .text._isatty_r
                0x000068c4       0x24 c:/program files (x86)/cypress/psoc creator/4.2/psoc creator/import/gnu/arm/5.4.1/bin/../lib/gcc/arm-none-eabi/5.4.1/../../../../arm-none-eabi/lib/armv7-m\libg.a(lib_a-isattyr.o)
                0x000068c4                _isatty_r
 .text._lseek_r
                0x000068e8       0x2c c:/program files (x86)/cypress/psoc creator/4.2/psoc creator/import/gnu/arm/5.4.1/bin/../lib/gcc/arm-none-eabi/5.4.1/../../../../arm-none-eabi/lib/armv7-m\libg.a(lib_a-lseekr.o)
                0x000068e8                _lseek_r
 .text._read_r  0x00006914       0x2c c:/program files (x86)/cypress/psoc creator/4.2/psoc creator/import/gnu/arm/5.4.1/bin/../lib/gcc/arm-none-eabi/5.4.1/../../../../arm-none-eabi/lib/armv7-m\libg.a(lib_a-readr.o)
                0x00006914                _read_r
 .text.__swbuf_r
                0x00006940       0xac c:/program files (x86)/cypress/psoc creator/4.2/psoc creator/import/gnu/arm/5.4.1/bin/../lib/gcc/arm-none-eabi/5.4.1/../../../../arm-none-eabi/lib/armv7-m\libg.a(lib_a-wbuf.o)
                0x00006940                __swbuf_r
 .text._wcrtomb_r
                0x000069ec       0x54 c:/program files (x86)/cypress/psoc creator/4.2/psoc creator/import/gnu/arm/5.4.1/bin/../lib/gcc/arm-none-eabi/5.4.1/../../../../arm-none-eabi/lib/armv7-m\libg.a(lib_a-wcrtomb.o)
                0x000069ec                _wcrtomb_r
 .text.__ascii_wctomb
                0x00006a40       0x1c c:/program files (x86)/cypress/psoc creator/4.2/psoc creator/import/gnu/arm/5.4.1/bin/../lib/gcc/arm-none-eabi/5.4.1/../../../../arm-none-eabi/lib/armv7-m\libg.a(lib_a-wctomb_r.o)
                0x00006a40                __ascii_wctomb
 .text          0x00006a5c       0x50 c:/program files (x86)/cypress/psoc creator/4.2/psoc creator/import/gnu/arm/5.4.1/bin/../lib/gcc/arm-none-eabi/5.4.1/armv7-m\libgcc.a(_arm_fixdfsi.o)
                0x00006a5c                __aeabi_d2iz
                0x00006a5c                __fixdfsi
 .text          0x00006aac       0x30 c:/program files (x86)/cypress/psoc creator/4.2/psoc creator/import/gnu/arm/5.4.1/bin/../lib/gcc/arm-none-eabi/5.4.1/armv7-m\libgcc.a(_aeabi_uldivmod.o)
                0x00006aac                __aeabi_uldivmod
 .text._close   0x00006adc       0x10 c:/program files (x86)/cypress/psoc creator/4.2/psoc creator/import/gnu/arm/5.4.1/bin/../lib/gcc/arm-none-eabi/5.4.1/../../../../arm-none-eabi/lib/armv7-m\libnosys.a(close.o)
                0x00006adc                _close
 .text._fstat   0x00006aec       0x10 c:/program files (x86)/cypress/psoc creator/4.2/psoc creator/import/gnu/arm/5.4.1/bin/../lib/gcc/arm-none-eabi/5.4.1/../../../../arm-none-eabi/lib/armv7-m\libnosys.a(fstat.o)
                0x00006aec                _fstat
 .text._isatty  0x00006afc       0x10 c:/program files (x86)/cypress/psoc creator/4.2/psoc creator/import/gnu/arm/5.4.1/bin/../lib/gcc/arm-none-eabi/5.4.1/../../../../arm-none-eabi/lib/armv7-m\libnosys.a(isatty.o)
                0x00006afc                _isatty
 .text._lseek   0x00006b0c       0x10 c:/program files (x86)/cypress/psoc creator/4.2/psoc creator/import/gnu/arm/5.4.1/bin/../lib/gcc/arm-none-eabi/5.4.1/../../../../arm-none-eabi/lib/armv7-m\libnosys.a(lseek.o)
                0x00006b0c                _lseek
 *(.plt)
 *(.gnu.warning)
 *(.glue_7t)
 .glue_7t       0x00006b1c        0x0 linker stubs
 *(.glue_7)
 .glue_7        0x00006b1c        0x0 linker stubs
 *(.vfp11_veneer)
 .vfp11_veneer  0x00006b1c        0x0 linker stubs
 *(.bootloader)
 *(.ARM.extab* .gnu.linkonce.armextab.*)
 *(.gcc_except_table)

.v4_bx          0x00006b1c        0x0
 .v4_bx         0x00006b1c        0x0 linker stubs

.iplt           0x00006b1c        0x0
 .iplt          0x00006b1c        0x0 c:/program files (x86)/cypress/psoc creator/4.2/psoc creator/import/gnu/arm/5.4.1/bin/../lib/gcc/arm-none-eabi/5.4.1/armv7-m/crtbegin.o

.eh_frame_hdr
 *(.eh_frame_hdr)

.eh_frame       0x00006b1c        0x4
 *(.eh_frame)
 .eh_frame      0x00006b1c        0x0 c:/program files (x86)/cypress/psoc creator/4.2/psoc creator/import/gnu/arm/5.4.1/bin/../lib/gcc/arm-none-eabi/5.4.1/armv7-m/crtbegin.o
 .eh_frame      0x00006b1c        0x4 c:/program files (x86)/cypress/psoc creator/4.2/psoc creator/import/gnu/arm/5.4.1/bin/../lib/gcc/arm-none-eabi/5.4.1/armv7-m/crtend.o
                [!provide]                PROVIDE (__exidx_start, .)

.ARM.exidx      0x00006b20        0x8
 *(.ARM.exidx* .gnu.linkonce.armexidx.*)
 .ARM.exidx     0x00006b20        0x8 c:/program files (x86)/cypress/psoc creator/4.2/psoc creator/import/gnu/arm/5.4.1/bin/../lib/gcc/arm-none-eabi/5.4.1/armv7-m\libgcc.a(_udivmoddi4.o)
                0x00006b28                __exidx_end = .

.rodata         0x00006b28      0x210
 *(.rodata .rodata.* .gnu.linkonce.r.*)
 .rodata.str1.4
                0x00006b28       0x10 .\CortexM3\ARM_GCC_541\Debug\main.o
 .rodata        0x00006b38       0x3a .\CortexM3\ARM_GCC_541\Debug\cyfitter_cfg.o
 *fill*         0x00006b72        0x2 
 .rodata.str1.4
                0x00006b74        0x2 c:/program files (x86)/cypress/psoc creator/4.2/psoc creator/import/gnu/arm/5.4.1/bin/../lib/gcc/arm-none-eabi/5.4.1/../../../../arm-none-eabi/lib/armv7-m\libg.a(lib_a-impure.o)
 *fill*         0x00006b76        0x2 
 .rodata._global_impure_ptr
                0x00006b78        0x4 c:/program files (x86)/cypress/psoc creator/4.2/psoc creator/import/gnu/arm/5.4.1/bin/../lib/gcc/arm-none-eabi/5.4.1/../../../../arm-none-eabi/lib/armv7-m\libg.a(lib_a-impure.o)
                0x00006b78                _global_impure_ptr
 .rodata.str1.4
                0x00006b7c        0x2 c:/program files (x86)/cypress/psoc creator/4.2/psoc creator/import/gnu/arm/5.4.1/bin/../lib/gcc/arm-none-eabi/5.4.1/../../../../arm-none-eabi/lib/armv7-m\libg.a(lib_a-puts.o)
 *fill*         0x00006b7e        0x2 
 .rodata.blanks.7070
                0x00006b80       0x10 c:/program files (x86)/cypress/psoc creator/4.2/psoc creator/import/gnu/arm/5.4.1/bin/../lib/gcc/arm-none-eabi/5.4.1/../../../../arm-none-eabi/lib/armv7-m\libg.a(lib_a-vfprintf.o)
 .rodata.str1.4
                0x00006b90       0x42 c:/program files (x86)/cypress/psoc creator/4.2/psoc creator/import/gnu/arm/5.4.1/bin/../lib/gcc/arm-none-eabi/5.4.1/../../../../arm-none-eabi/lib/armv7-m\libg.a(lib_a-vfprintf.o)
 *fill*         0x00006bd2        0x2 
 .rodata.zeroes.7071
                0x00006bd4       0x10 c:/program files (x86)/cypress/psoc creator/4.2/psoc creator/import/gnu/arm/5.4.1/bin/../lib/gcc/arm-none-eabi/5.4.1/../../../../arm-none-eabi/lib/armv7-m\libg.a(lib_a-vfprintf.o)
 .rodata.str1.4
                0x00006be4       0x10 c:/program files (x86)/cypress/psoc creator/4.2/psoc creator/import/gnu/arm/5.4.1/bin/../lib/gcc/arm-none-eabi/5.4.1/../../../../arm-none-eabi/lib/armv7-m\libg.a(lib_a-dtoa.o)
                                 0x12 (size before relaxing)
 .rodata.str1.4
                0x00006bf4        0xc c:/program files (x86)/cypress/psoc creator/4.2/psoc creator/import/gnu/arm/5.4.1/bin/../lib/gcc/arm-none-eabi/5.4.1/../../../../arm-none-eabi/lib/armv7-m\libg.a(lib_a-locale.o)
                                 0x12 (size before relaxing)
 .rodata.__mprec_tens
                0x00006c00       0xc8 c:/program files (x86)/cypress/psoc creator/4.2/psoc creator/import/gnu/arm/5.4.1/bin/../lib/gcc/arm-none-eabi/5.4.1/../../../../arm-none-eabi/lib/armv7-m\libg.a(lib_a-mprec.o)
                0x00006c00                __mprec_tens
 .rodata.__mprec_bigtens
                0x00006cc8       0x28 c:/program files (x86)/cypress/psoc creator/4.2/psoc creator/import/gnu/arm/5.4.1/bin/../lib/gcc/arm-none-eabi/5.4.1/../../../../arm-none-eabi/lib/armv7-m\libg.a(lib_a-mprec.o)
                0x00006cc8                __mprec_bigtens
 .rodata.p05.5396
                0x00006cf0        0xc c:/program files (x86)/cypress/psoc creator/4.2/psoc creator/import/gnu/arm/5.4.1/bin/../lib/gcc/arm-none-eabi/5.4.1/../../../../arm-none-eabi/lib/armv7-m\libg.a(lib_a-mprec.o)
                0x00006cfc                . = ALIGN (0x4)
 *(.init)
 .init          0x00006cfc        0x4 c:/program files (x86)/cypress/psoc creator/4.2/psoc creator/import/gnu/arm/5.4.1/bin/../lib/gcc/arm-none-eabi/5.4.1/armv7-m/crti.o
                0x00006cfc                _init
 .init          0x00006d00        0x8 c:/program files (x86)/cypress/psoc creator/4.2/psoc creator/import/gnu/arm/5.4.1/bin/../lib/gcc/arm-none-eabi/5.4.1/armv7-m/crtn.o
                0x00006d08                . = ALIGN (0x4)
                0x00006d08                __preinit_array_start = .
 *(.preinit_array)
                0x00006d08                __preinit_array_end = .
                0x00006d08                . = ALIGN (0x4)
                0x00006d08                __init_array_start = .
 *(SORT(.init_array.*))
 .init_array.00000
                0x00006d08        0x4 c:/program files (x86)/cypress/psoc creator/4.2/psoc creator/import/gnu/arm/5.4.1/bin/../lib/gcc/arm-none-eabi/5.4.1/../../../../arm-none-eabi/lib/armv7-m\libg.a(lib_a-__call_atexit.o)
 *(.init_array)
 .init_array    0x00006d0c        0x4 c:/program files (x86)/cypress/psoc creator/4.2/psoc creator/import/gnu/arm/5.4.1/bin/../lib/gcc/arm-none-eabi/5.4.1/armv7-m/crtbegin.o
 .init_array    0x00006d10        0x4 .\CortexM3\ARM_GCC_541\Debug\Cm3Start.o
                0x00006d14                __init_array_end = .
                0x00006d14                . = ALIGN (0x4)
 *(.fini)
 .fini          0x00006d14        0x4 c:/program files (x86)/cypress/psoc creator/4.2/psoc creator/import/gnu/arm/5.4.1/bin/../lib/gcc/arm-none-eabi/5.4.1/armv7-m/crti.o
                0x00006d14                _fini
 .fini          0x00006d18        0x8 c:/program files (x86)/cypress/psoc creator/4.2/psoc creator/import/gnu/arm/5.4.1/bin/../lib/gcc/arm-none-eabi/5.4.1/armv7-m/crtn.o
                0x00006d20                . = ALIGN (0x4)
                0x00006d20                __fini_array_start = .
 *(.fini_array)
 .fini_array    0x00006d20        0x4 c:/program files (x86)/cypress/psoc creator/4.2/psoc creator/import/gnu/arm/5.4.1/bin/../lib/gcc/arm-none-eabi/5.4.1/armv7-m/crtbegin.o
 *(SORT(.fini_array.*))
                0x00006d24                __fini_array_end = .
                0x00006d24                . = ALIGN (0x4)
 *crtbegin.o(.ctors)
 *(EXCLUDE_FILE(*crtend.o) .ctors)
 *(SORT(.ctors.*))
 *crtend.o(.ctors)
                0x00006d24                . = ALIGN (0x4)
 *crtbegin.o(.dtors)
 *(EXCLUDE_FILE(*crtend.o) .dtors)
 *(SORT(.dtors.*))
 *crtend.o(.dtors)
                0x00006d24                . = ALIGN (0x4)
                0x00006d24                __cy_regions = .
                0x00006d24        0x4 LONG 0x6d38 __cy_region_init_ram
                0x00006d28        0x4 LONG 0x1fff80c8 __cy_region_start_data
                0x00006d2c        0x4 LONG 0x8b8 __cy_region_init_size_ram
                0x00006d30        0x4 LONG 0x130 __cy_region_zero_size_ram
                0x00006d34                __cy_regions_end = .
                0x00006d38                . = ALIGN (0x8)
 *fill*         0x00006d34        0x4 
                0x00006d38                _etext = .

.cy_checksum_exclude
                0x00006d38        0x0
 *(.cy_checksum_exclude)

.ramvectors     0x1fff8000       0xc0
                0x1fff8000                __cy_region_start_ram = .
 *(.ramvectors)
 .ramvectors    0x1fff8000       0xc0 .\CortexM3\ARM_GCC_541\Debug\Cm3Start.o
                0x1fff8000                CyRamVectors

.noinit         0x1fff80c0        0x1
 *(.noinit)
 .noinit        0x1fff80c0        0x1 .\CortexM3\ARM_GCC_541\Debug\ZumoBot.a(CyLib.o)
                0x1fff80c0                CyResetStatus

.data           0x1fff80c8      0x8b8 load address 0x00006d38
                0x1fff80c8                __cy_region_start_data = .
 *(.jcr)
 .jcr           0x1fff80c8        0x0 c:/program files (x86)/cypress/psoc creator/4.2/psoc creator/import/gnu/arm/5.4.1/bin/../lib/gcc/arm-none-eabi/5.4.1/armv7-m/crtbegin.o
 .jcr           0x1fff80c8        0x4 c:/program files (x86)/cypress/psoc creator/4.2/psoc creator/import/gnu/arm/5.4.1/bin/../lib/gcc/arm-none-eabi/5.4.1/armv7-m/crtend.o
 *(.got.plt)
 *(.got)
 *(.shdata)
 *(.data .data.* .gnu.linkonce.d.*)
 .data          0x1fff80cc        0x4 .\CortexM3\ARM_GCC_541\Debug\Cm3Start.o
 .data          0x1fff80d0       0x10 .\CortexM3\ARM_GCC_541\Debug\ZumoBot.a(CyLib.o)
                0x1fff80d0                cydelay_32k_ms
                0x1fff80d4                cydelay_freq_khz
                0x1fff80d8                cydelay_freq_mhz
                0x1fff80dc                cydelay_freq_hz
 .data.impure_data
                0x1fff80e0      0x428 c:/program files (x86)/cypress/psoc creator/4.2/psoc creator/import/gnu/arm/5.4.1/bin/../lib/gcc/arm-none-eabi/5.4.1/../../../../arm-none-eabi/lib/armv7-m\libg.a(lib_a-impure.o)
 .data._impure_ptr
                0x1fff8508        0x4 c:/program files (x86)/cypress/psoc creator/4.2/psoc creator/import/gnu/arm/5.4.1/bin/../lib/gcc/arm-none-eabi/5.4.1/../../../../arm-none-eabi/lib/armv7-m\libg.a(lib_a-impure.o)
                0x1fff8508                _impure_ptr
 .data.lconv    0x1fff850c       0x38 c:/program files (x86)/cypress/psoc creator/4.2/psoc creator/import/gnu/arm/5.4.1/bin/../lib/gcc/arm-none-eabi/5.4.1/../../../../arm-none-eabi/lib/armv7-m\libg.a(lib_a-locale.o)
 .data.lc_ctype_charset
                0x1fff8544       0x20 c:/program files (x86)/cypress/psoc creator/4.2/psoc creator/import/gnu/arm/5.4.1/bin/../lib/gcc/arm-none-eabi/5.4.1/../../../../arm-none-eabi/lib/armv7-m\libg.a(lib_a-locale.o)
 .data.__mb_cur_max
                0x1fff8564        0x4 c:/program files (x86)/cypress/psoc creator/4.2/psoc creator/import/gnu/arm/5.4.1/bin/../lib/gcc/arm-none-eabi/5.4.1/../../../../arm-none-eabi/lib/armv7-m\libg.a(lib_a-locale.o)
                0x1fff8564                __mb_cur_max
 .data.__malloc_av_
                0x1fff8568      0x408 c:/program files (x86)/cypress/psoc creator/4.2/psoc creator/import/gnu/arm/5.4.1/bin/../lib/gcc/arm-none-eabi/5.4.1/../../../../arm-none-eabi/lib/armv7-m\libg.a(lib_a-mallocr.o)
                0x1fff8568                __malloc_av_
 .data.__malloc_trim_threshold
                0x1fff8970        0x4 c:/program files (x86)/cypress/psoc creator/4.2/psoc creator/import/gnu/arm/5.4.1/bin/../lib/gcc/arm-none-eabi/5.4.1/../../../../arm-none-eabi/lib/armv7-m\libg.a(lib_a-mallocr.o)
                0x1fff8970                __malloc_trim_threshold
 .data.__malloc_sbrk_base
                0x1fff8974        0x4 c:/program files (x86)/cypress/psoc creator/4.2/psoc creator/import/gnu/arm/5.4.1/bin/../lib/gcc/arm-none-eabi/5.4.1/../../../../arm-none-eabi/lib/armv7-m\libg.a(lib_a-mallocr.o)
                0x1fff8974                __malloc_sbrk_base
 .data.__wctomb
                0x1fff8978        0x4 c:/program files (x86)/cypress/psoc creator/4.2/psoc creator/import/gnu/arm/5.4.1/bin/../lib/gcc/arm-none-eabi/5.4.1/../../../../arm-none-eabi/lib/armv7-m\libg.a(lib_a-wctomb_r.o)
                0x1fff8978                __wctomb
                0x1fff8980                . = ALIGN (0x8)
 *fill*         0x1fff897c        0x4 
 *(.ram)
                0x1fff8980                _edata = .

.igot.plt       0x1fff8980        0x0 load address 0x000075f0
 .igot.plt      0x1fff8980        0x0 c:/program files (x86)/cypress/psoc creator/4.2/psoc creator/import/gnu/arm/5.4.1/bin/../lib/gcc/arm-none-eabi/5.4.1/armv7-m/crtbegin.o

.bss            0x1fff8980      0x130 load address 0x000075f0
                0x1fff8980                PROVIDE (__bss_start__, .)
 *(.shbss)
 *(.bss .bss.* .gnu.linkonce.b.*)
 .bss           0x1fff8980       0x1c c:/program files (x86)/cypress/psoc creator/4.2/psoc creator/import/gnu/arm/5.4.1/bin/../lib/gcc/arm-none-eabi/5.4.1/armv7-m/crtbegin.o
 .bss           0x1fff899c       0x1c .\CortexM3\ARM_GCC_541\Debug\Reflectance.o
 .bss           0x1fff89b8       0x18 .\CortexM3\ARM_GCC_541\Debug\Ultra.o
 .bss           0x1fff89d0        0x5 .\CortexM3\ARM_GCC_541\Debug\Systick.o
 *fill*         0x1fff89d5        0x3 
 .bss           0x1fff89d8       0x90 .\CortexM3\ARM_GCC_541\Debug\Retarget.o
 .bss           0x1fff8a68        0x2 .\CortexM3\ARM_GCC_541\Debug\ZumoBot.a(UART_1.o)
                0x1fff8a68                UART_1_initVar
 .bss           0x1fff8a6a        0x1 .\CortexM3\ARM_GCC_541\Debug\ZumoBot.a(ADC_Battery.o)
                0x1fff8a6a                ADC_Battery_initVar
 *fill*         0x1fff8a6b        0x1 
 .bss.__malloc_max_total_mem
                0x1fff8a6c        0x4 c:/program files (x86)/cypress/psoc creator/4.2/psoc creator/import/gnu/arm/5.4.1/bin/../lib/gcc/arm-none-eabi/5.4.1/../../../../arm-none-eabi/lib/armv7-m\libg.a(lib_a-mallocr.o)
                0x1fff8a6c                __malloc_max_total_mem
 .bss.__malloc_max_sbrked_mem
                0x1fff8a70        0x4 c:/program files (x86)/cypress/psoc creator/4.2/psoc creator/import/gnu/arm/5.4.1/bin/../lib/gcc/arm-none-eabi/5.4.1/../../../../arm-none-eabi/lib/armv7-m\libg.a(lib_a-mallocr.o)
                0x1fff8a70                __malloc_max_sbrked_mem
 .bss.__malloc_top_pad
                0x1fff8a74        0x4 c:/program files (x86)/cypress/psoc creator/4.2/psoc creator/import/gnu/arm/5.4.1/bin/../lib/gcc/arm-none-eabi/5.4.1/../../../../arm-none-eabi/lib/armv7-m\libg.a(lib_a-mallocr.o)
                0x1fff8a74                __malloc_top_pad
 .bss.__malloc_current_mallinfo
                0x1fff8a78       0x28 c:/program files (x86)/cypress/psoc creator/4.2/psoc creator/import/gnu/arm/5.4.1/bin/../lib/gcc/arm-none-eabi/5.4.1/../../../../arm-none-eabi/lib/armv7-m\libg.a(lib_a-mallocr.o)
                0x1fff8a78                __malloc_current_mallinfo
 *(COMMON)
 COMMON         0x1fff8aa0        0xc .\CortexM3\ARM_GCC_541\Debug\ZumoBot.a(ADC_Battery.o)
                0x1fff8aa0                ADC_Battery_offset
                0x1fff8aa2                ADC_Battery_countsPerVolt
                0x1fff8aa4                ADC_Battery_shift
                0x1fff8aa8                ADC_Battery_countsPer10Volt
 COMMON         0x1fff8aac        0x4 c:/program files (x86)/cypress/psoc creator/4.2/psoc creator/import/gnu/arm/5.4.1/bin/../lib/gcc/arm-none-eabi/5.4.1/../../../../arm-none-eabi/lib/armv7-m\libg.a(lib_a-reent.o)
                0x1fff8aac                errno
                0x1fff8ab0                . = ALIGN (0x8)
 *(.ram.b)
                0x1fff8ab0                _end = .
                0x1fff8ab0                __end = .
                0x1fff8ab0                PROVIDE (end, .)
                0x1fff8ab0                PROVIDE (__bss_end__, .)
                0x00006d38                __cy_region_init_ram = LOADADDR (.data)
                0x000008b8                __cy_region_init_size_ram = (_edata - ADDR (.data))
                0x00000130                __cy_region_zero_size_ram = (_end - _edata)

.heap           0x1fff8ab0      0x800 load address 0x000075f0
                0x1fff8ab0                . = _end
                0x1fff92b0                . = (. + 0x800)
 *fill*         0x1fff8ab0      0x800 
                0x1fff92b0                __cy_heap_limit = .

.stack          0x20007800      0x800
                0x20007800                __cy_stack_limit = .
                0x20008000                . = (. + 0x800)
 *fill*         0x20007800      0x800 
                0x00000001                ASSERT ((__cy_stack_limit >= __cy_heap_limit), region RAM overflowed with stack)
                0x00000000                cy_checksum_exclude_size = (CY_APPL_LOADABLE == 0x1)?SIZEOF (.cy_checksum_exclude):0x0
                0x00000001                ASSERT ((cy_checksum_exclude_size <= CY_CHECKSUM_EXCLUDE_SIZE), CY_BOOT: Section .cy_checksum_exclude size exceedes specified limit.)

.cyloadermeta
 *(.cyloadermeta)

.cyloadablemeta
 *(.cyloadablemeta)

.cyconfigecc    0x80000000      0xc04
 *(.cyconfigecc)
 .cyconfigecc   0x80000000      0xc04 .\CortexM3\ARM_GCC_541\Debug\cymetadata.o
                0x80000000                cy_meta_configecc

.cycustnvl      0x90000000        0x4
 *(.cycustnvl)
 .cycustnvl     0x90000000        0x4 .\CortexM3\ARM_GCC_541\Debug\cymetadata.o
                0x90000000                cy_meta_custnvl

.cywolatch      0x90100000        0x4
 *(.cywolatch)
 .cywolatch     0x90100000        0x4 .\CortexM3\ARM_GCC_541\Debug\cymetadata.o
                0x90100000                cy_meta_wonvl

.cyeeprom       0x90200000        0x0
 *(.cyeeprom)
                0x00000001                ASSERT ((. <= ((0x90200000 + ee_offset) + ee_size)), .cyeeprom data will not fit in EEPROM)

.cyflashprotect
                0x90400000      0x100
 *(.cyflashprotect)
 .cyflashprotect
                0x90400000      0x100 .\CortexM3\ARM_GCC_541\Debug\cymetadata.o
                0x90400000                cy_meta_flashprotect

.cymeta         0x90500000        0xc
 *(.cymeta)
 .cymeta        0x90500000        0xc .\CortexM3\ARM_GCC_541\Debug\cymetadata.o
                0x90500000                cy_metadata

.rel.dyn        0x000075f0        0x0 load address 0x9050000c
 .rel.iplt      0x000075f0        0x0 c:/program files (x86)/cypress/psoc creator/4.2/psoc creator/import/gnu/arm/5.4.1/bin/../lib/gcc/arm-none-eabi/5.4.1/armv7-m/crtbegin.o

.stab           0x00000000       0x6c
 *(.stab)
 .stab          0x00000000       0x24 c:/program files (x86)/cypress/psoc creator/4.2/psoc creator/import/gnu/arm/5.4.1/bin/../lib/gcc/arm-none-eabi/5.4.1/../../../../arm-none-eabi/lib/armv7-m\libnosys.a(close.o)
 .stab          0x00000024       0x18 c:/program files (x86)/cypress/psoc creator/4.2/psoc creator/import/gnu/arm/5.4.1/bin/../lib/gcc/arm-none-eabi/5.4.1/../../../../arm-none-eabi/lib/armv7-m\libnosys.a(fstat.o)
                                 0x24 (size before relaxing)
 .stab          0x0000003c       0x18 c:/program files (x86)/cypress/psoc creator/4.2/psoc creator/import/gnu/arm/5.4.1/bin/../lib/gcc/arm-none-eabi/5.4.1/../../../../arm-none-eabi/lib/armv7-m\libnosys.a(isatty.o)
                                 0x24 (size before relaxing)
 .stab          0x00000054       0x18 c:/program files (x86)/cypress/psoc creator/4.2/psoc creator/import/gnu/arm/5.4.1/bin/../lib/gcc/arm-none-eabi/5.4.1/../../../../arm-none-eabi/lib/armv7-m\libnosys.a(lseek.o)
                                 0x24 (size before relaxing)

.stabstr        0x00000000       0xe3
 *(.stabstr)
 .stabstr       0x00000000       0xe3 c:/program files (x86)/cypress/psoc creator/4.2/psoc creator/import/gnu/arm/5.4.1/bin/../lib/gcc/arm-none-eabi/5.4.1/../../../../arm-none-eabi/lib/armv7-m\libnosys.a(close.o)

.debug
 *(.debug)

.line
 *(.line)

.debug_srcinfo
 *(.debug_srcinfo)

.debug_sfnames
 *(.debug_sfnames)

.debug_aranges  0x00000000     0x14f8
 *(.debug_aranges)
 .debug_aranges
                0x00000000       0x20 .\CortexM3\ARM_GCC_541\Debug\Accel.o
 .debug_aranges
                0x00000020       0x20 .\CortexM3\ARM_GCC_541\Debug\Ambient.o
 .debug_aranges
                0x00000040       0x20 .\CortexM3\ARM_GCC_541\Debug\Beep.o
 .debug_aranges
                0x00000060       0x20 .\CortexM3\ARM_GCC_541\Debug\Gyro.o
 .debug_aranges
                0x00000080       0x30 .\CortexM3\ARM_GCC_541\Debug\I2C_made.o
 .debug_aranges
                0x000000b0       0x40 .\CortexM3\ARM_GCC_541\Debug\IR.o
 .debug_aranges
                0x000000f0       0x20 .\CortexM3\ARM_GCC_541\Debug\Magnet.o
 .debug_aranges
                0x00000110       0x40 .\CortexM3\ARM_GCC_541\Debug\Motor.o
 .debug_aranges
                0x00000150       0x30 .\CortexM3\ARM_GCC_541\Debug\Nunchuk.o
 .debug_aranges
                0x00000180       0x40 .\CortexM3\ARM_GCC_541\Debug\Reflectance.o
 .debug_aranges
                0x000001c0       0x38 .\CortexM3\ARM_GCC_541\Debug\Ultra.o
 .debug_aranges
                0x000001f8       0x30 .\CortexM3\ARM_GCC_541\Debug\Systick.o
 .debug_aranges
                0x00000228       0x28 .\CortexM3\ARM_GCC_541\Debug\Retarget.o
 .debug_aranges
                0x00000250       0x20 .\CortexM3\ARM_GCC_541\Debug\main.o
 .debug_aranges
                0x00000270       0x58 .\CortexM3\ARM_GCC_541\Debug\cyfitter_cfg.o
 .debug_aranges
                0x000002c8       0x18 .\CortexM3\ARM_GCC_541\Debug\cymetadata.o
 .debug_aranges
                0x000002e0       0x48 .\CortexM3\ARM_GCC_541\Debug\Cm3Start.o
 .debug_aranges
                0x00000328       0xa8 .\CortexM3\ARM_GCC_541\Debug\ZumoBot.a(PWM.o)
 .debug_aranges
                0x000003d0       0x38 .\CortexM3\ARM_GCC_541\Debug\ZumoBot.a(I2C.o)
 .debug_aranges
                0x00000408       0x20 .\CortexM3\ARM_GCC_541\Debug\ZumoBot.a(I2C_INT.o)
 .debug_aranges
                0x00000428       0x38 .\CortexM3\ARM_GCC_541\Debug\ZumoBot.a(I2C_PM.o)
 .debug_aranges
                0x00000460       0x80 .\CortexM3\ARM_GCC_541\Debug\ZumoBot.a(I2C_MASTER.o)
 .debug_aranges
                0x000004e0       0xf0 .\CortexM3\ARM_GCC_541\Debug\ZumoBot.a(UART_1.o)
 .debug_aranges
                0x000005d0       0x38 .\CortexM3\ARM_GCC_541\Debug\ZumoBot.a(MotorDirLeft.o)
 .debug_aranges
                0x00000608       0x38 .\CortexM3\ARM_GCC_541\Debug\ZumoBot.a(MotorDirRight.o)
 .debug_aranges
                0x00000640       0x38 .\CortexM3\ARM_GCC_541\Debug\ZumoBot.a(L3.o)
 .debug_aranges
                0x00000678       0x88 .\CortexM3\ARM_GCC_541\Debug\ZumoBot.a(Timer_L3.o)
 .debug_aranges
                0x00000700       0x88 .\CortexM3\ARM_GCC_541\Debug\ZumoBot.a(Timer_R3.o)
 .debug_aranges
                0x00000788       0x38 .\CortexM3\ARM_GCC_541\Debug\ZumoBot.a(IR_led.o)
 .debug_aranges
                0x000007c0       0x88 .\CortexM3\ARM_GCC_541\Debug\ZumoBot.a(Timer_R1.o)
 .debug_aranges
                0x00000848       0x38 .\CortexM3\ARM_GCC_541\Debug\ZumoBot.a(R1.o)
 .debug_aranges
                0x00000880       0x38 .\CortexM3\ARM_GCC_541\Debug\ZumoBot.a(R3.o)
 .debug_aranges
                0x000008b8       0x88 .\CortexM3\ARM_GCC_541\Debug\ZumoBot.a(Timer_L1.o)
 .debug_aranges
                0x00000940       0x38 .\CortexM3\ARM_GCC_541\Debug\ZumoBot.a(L1.o)
 .debug_aranges
                0x00000978       0xa8 .\CortexM3\ARM_GCC_541\Debug\ZumoBot.a(ADC_Battery.o)
 .debug_aranges
                0x00000a20       0x20 .\CortexM3\ARM_GCC_541\Debug\ZumoBot.a(ADC_Battery_INT.o)
 .debug_aranges
                0x00000a40       0x38 .\CortexM3\ARM_GCC_541\Debug\ZumoBot.a(BatteryLed.o)
 .debug_aranges
                0x00000a78       0x38 .\CortexM3\ARM_GCC_541\Debug\ZumoBot.a(IR_receiver.o)
 .debug_aranges
                0x00000ab0       0x38 .\CortexM3\ARM_GCC_541\Debug\ZumoBot.a(Trig.o)
 .debug_aranges
                0x00000ae8       0x98 .\CortexM3\ARM_GCC_541\Debug\ZumoBot.a(Timer.o)
 .debug_aranges
                0x00000b80       0x38 .\CortexM3\ARM_GCC_541\Debug\ZumoBot.a(Echo.o)
 .debug_aranges
                0x00000bb8       0x80 .\CortexM3\ARM_GCC_541\Debug\ZumoBot.a(ultra_isr.o)
 .debug_aranges
                0x00000c38       0x80 .\CortexM3\ARM_GCC_541\Debug\ZumoBot.a(Buzzer_PWM.o)
 .debug_aranges
                0x00000cb8       0x80 .\CortexM3\ARM_GCC_541\Debug\ZumoBot.a(IR_isr.o)
 .debug_aranges
                0x00000d38       0x98 .\CortexM3\ARM_GCC_541\Debug\ZumoBot.a(Timer_IR.o)
 .debug_aranges
                0x00000dd0       0x90 .\CortexM3\ARM_GCC_541\Debug\ZumoBot.a(Timer_R2.o)
 .debug_aranges
                0x00000e60       0x90 .\CortexM3\ARM_GCC_541\Debug\ZumoBot.a(Timer_L2.o)
 .debug_aranges
                0x00000ef0       0x38 .\CortexM3\ARM_GCC_541\Debug\ZumoBot.a(L2.o)
 .debug_aranges
                0x00000f28       0x38 .\CortexM3\ARM_GCC_541\Debug\ZumoBot.a(R2.o)
 .debug_aranges
                0x00000f60       0x28 .\CortexM3\ARM_GCC_541\Debug\ZumoBot.a(Control_Reg_1.o)
 .debug_aranges
                0x00000f88       0x70 .\CortexM3\ARM_GCC_541\Debug\ZumoBot.a(UART_1_IntClock.o)
 .debug_aranges
                0x00000ff8       0x80 .\CortexM3\ARM_GCC_541\Debug\ZumoBot.a(ADC_Battery_theACLK.o)
 .debug_aranges
                0x00001078      0x2a0 .\CortexM3\ARM_GCC_541\Debug\ZumoBot.a(CyLib.o)
 .debug_aranges
                0x00001318       0x98 .\CortexM3\ARM_GCC_541\Debug\ZumoBot.a(cyPm.o)
 .debug_aranges
                0x000013b0       0x20 .\CortexM3\ARM_GCC_541\Debug\ZumoBot.a(cyutils.o)
 .debug_aranges
                0x000013d0       0x20 .\CortexM3\ARM_GCC_541\Debug\ZumoBot.a(CyBootAsmGnu.o)
 .debug_aranges
                0x000013f0       0x88 .\CortexM3\ARM_GCC_541\Debug\ZumoBot.a(CyFlash.o)
 .debug_aranges
                0x00001478       0x80 .\CortexM3\ARM_GCC_541\Debug\ZumoBot.a(CySpc.o)

.debug_pubnames
 *(.debug_pubnames)

.debug_info     0x00000000     0xa9c3
 *(.debug_info .gnu.linkonce.wi.*)
 .debug_info    0x00000000      0x138 .\CortexM3\ARM_GCC_541\Debug\Accel.o
 .debug_info    0x00000138      0x10e .\CortexM3\ARM_GCC_541\Debug\Ambient.o
 .debug_info    0x00000246      0x194 .\CortexM3\ARM_GCC_541\Debug\Beep.o
 .debug_info    0x000003da      0x10a .\CortexM3\ARM_GCC_541\Debug\Gyro.o
 .debug_info    0x000004e4      0x2e3 .\CortexM3\ARM_GCC_541\Debug\I2C_made.o
 .debug_info    0x000007c7      0x2d2 .\CortexM3\ARM_GCC_541\Debug\IR.o
 .debug_info    0x00000a99      0x145 .\CortexM3\ARM_GCC_541\Debug\Magnet.o
 .debug_info    0x00000bde      0x2ed .\CortexM3\ARM_GCC_541\Debug\Motor.o
 .debug_info    0x00000ecb      0x2b4 .\CortexM3\ARM_GCC_541\Debug\Nunchuk.o
 .debug_info    0x0000117f      0x7af .\CortexM3\ARM_GCC_541\Debug\Reflectance.o
 .debug_info    0x0000192e      0x2b3 .\CortexM3\ARM_GCC_541\Debug\Ultra.o
 .debug_info    0x00001be1      0x597 .\CortexM3\ARM_GCC_541\Debug\Systick.o
 .debug_info    0x00002178      0x236 .\CortexM3\ARM_GCC_541\Debug\Retarget.o
 .debug_info    0x000023ae      0x239 .\CortexM3\ARM_GCC_541\Debug\main.o
 .debug_info    0x000025e7      0x686 .\CortexM3\ARM_GCC_541\Debug\cyfitter_cfg.o
 .debug_info    0x00002c6d      0x139 .\CortexM3\ARM_GCC_541\Debug\cymetadata.o
 .debug_info    0x00002da6      0x3bb .\CortexM3\ARM_GCC_541\Debug\Cm3Start.o
 .debug_info    0x00003161      0x383 .\CortexM3\ARM_GCC_541\Debug\ZumoBot.a(PWM.o)
 .debug_info    0x000034e4      0x2ad .\CortexM3\ARM_GCC_541\Debug\ZumoBot.a(I2C.o)
 .debug_info    0x00003791      0x184 .\CortexM3\ARM_GCC_541\Debug\ZumoBot.a(I2C_INT.o)
 .debug_info    0x00003915      0x207 .\CortexM3\ARM_GCC_541\Debug\ZumoBot.a(I2C_PM.o)
 .debug_info    0x00003b1c      0x407 .\CortexM3\ARM_GCC_541\Debug\ZumoBot.a(I2C_MASTER.o)
 .debug_info    0x00003f23      0x60c .\CortexM3\ARM_GCC_541\Debug\ZumoBot.a(UART_1.o)
 .debug_info    0x0000452f      0x11f .\CortexM3\ARM_GCC_541\Debug\ZumoBot.a(MotorDirLeft.o)
 .debug_info    0x0000464e      0x11f .\CortexM3\ARM_GCC_541\Debug\ZumoBot.a(MotorDirRight.o)
 .debug_info    0x0000476d      0x11f .\CortexM3\ARM_GCC_541\Debug\ZumoBot.a(L3.o)
 .debug_info    0x0000488c      0x293 .\CortexM3\ARM_GCC_541\Debug\ZumoBot.a(Timer_L3.o)
 .debug_info    0x00004b1f      0x293 .\CortexM3\ARM_GCC_541\Debug\ZumoBot.a(Timer_R3.o)
 .debug_info    0x00004db2      0x11f .\CortexM3\ARM_GCC_541\Debug\ZumoBot.a(IR_led.o)
 .debug_info    0x00004ed1      0x293 .\CortexM3\ARM_GCC_541\Debug\ZumoBot.a(Timer_R1.o)
 .debug_info    0x00005164      0x11f .\CortexM3\ARM_GCC_541\Debug\ZumoBot.a(R1.o)
 .debug_info    0x00005283      0x11f .\CortexM3\ARM_GCC_541\Debug\ZumoBot.a(R3.o)
 .debug_info    0x000053a2      0x293 .\CortexM3\ARM_GCC_541\Debug\ZumoBot.a(Timer_L1.o)
 .debug_info    0x00005635      0x11f .\CortexM3\ARM_GCC_541\Debug\ZumoBot.a(L1.o)
 .debug_info    0x00005754      0x5c0 .\CortexM3\ARM_GCC_541\Debug\ZumoBot.a(ADC_Battery.o)
 .debug_info    0x00005d14       0x92 .\CortexM3\ARM_GCC_541\Debug\ZumoBot.a(ADC_Battery_INT.o)
 .debug_info    0x00005da6      0x11f .\CortexM3\ARM_GCC_541\Debug\ZumoBot.a(BatteryLed.o)
 .debug_info    0x00005ec5      0x11f .\CortexM3\ARM_GCC_541\Debug\ZumoBot.a(IR_receiver.o)
 .debug_info    0x00005fe4      0x11f .\CortexM3\ARM_GCC_541\Debug\ZumoBot.a(Trig.o)
 .debug_info    0x00006103      0x328 .\CortexM3\ARM_GCC_541\Debug\ZumoBot.a(Timer.o)
 .debug_info    0x0000642b      0x11f .\CortexM3\ARM_GCC_541\Debug\ZumoBot.a(Echo.o)
 .debug_info    0x0000654a      0x2d2 .\CortexM3\ARM_GCC_541\Debug\ZumoBot.a(ultra_isr.o)
 .debug_info    0x0000681c      0x279 .\CortexM3\ARM_GCC_541\Debug\ZumoBot.a(Buzzer_PWM.o)
 .debug_info    0x00006a95      0x2d2 .\CortexM3\ARM_GCC_541\Debug\ZumoBot.a(IR_isr.o)
 .debug_info    0x00006d67      0x372 .\CortexM3\ARM_GCC_541\Debug\ZumoBot.a(Timer_IR.o)
 .debug_info    0x000070d9      0x2ee .\CortexM3\ARM_GCC_541\Debug\ZumoBot.a(Timer_R2.o)
 .debug_info    0x000073c7      0x2ee .\CortexM3\ARM_GCC_541\Debug\ZumoBot.a(Timer_L2.o)
 .debug_info    0x000076b5      0x11f .\CortexM3\ARM_GCC_541\Debug\ZumoBot.a(L2.o)
 .debug_info    0x000077d4      0x11f .\CortexM3\ARM_GCC_541\Debug\ZumoBot.a(R2.o)
 .debug_info    0x000078f3       0xd6 .\CortexM3\ARM_GCC_541\Debug\ZumoBot.a(Control_Reg_1.o)
 .debug_info    0x000079c9      0x283 .\CortexM3\ARM_GCC_541\Debug\ZumoBot.a(UART_1_IntClock.o)
 .debug_info    0x00007c4c      0x2c4 .\CortexM3\ARM_GCC_541\Debug\ZumoBot.a(ADC_Battery_theACLK.o)
 .debug_info    0x00007f10     0x1374 .\CortexM3\ARM_GCC_541\Debug\ZumoBot.a(CyLib.o)
 .debug_info    0x00009284      0xa2a .\CortexM3\ARM_GCC_541\Debug\ZumoBot.a(cyPm.o)
 .debug_info    0x00009cae       0xee .\CortexM3\ARM_GCC_541\Debug\ZumoBot.a(cyutils.o)
 .debug_info    0x00009d9c       0x8a .\CortexM3\ARM_GCC_541\Debug\ZumoBot.a(CyBootAsmGnu.o)
 .debug_info    0x00009e26      0x64d .\CortexM3\ARM_GCC_541\Debug\ZumoBot.a(CyFlash.o)
 .debug_info    0x0000a473      0x550 .\CortexM3\ARM_GCC_541\Debug\ZumoBot.a(CySpc.o)

.debug_abbrev   0x00000000     0x3a29
 *(.debug_abbrev)
 .debug_abbrev  0x00000000       0xae .\CortexM3\ARM_GCC_541\Debug\Accel.o
 .debug_abbrev  0x000000ae       0x8c .\CortexM3\ARM_GCC_541\Debug\Ambient.o
 .debug_abbrev  0x0000013a       0xc9 .\CortexM3\ARM_GCC_541\Debug\Beep.o
 .debug_abbrev  0x00000203       0xa5 .\CortexM3\ARM_GCC_541\Debug\Gyro.o
 .debug_abbrev  0x000002a8      0x124 .\CortexM3\ARM_GCC_541\Debug\I2C_made.o
 .debug_abbrev  0x000003cc      0x163 .\CortexM3\ARM_GCC_541\Debug\IR.o
 .debug_abbrev  0x0000052f       0xba .\CortexM3\ARM_GCC_541\Debug\Magnet.o
 .debug_abbrev  0x000005e9       0xdd .\CortexM3\ARM_GCC_541\Debug\Motor.o
 .debug_abbrev  0x000006c6       0xe4 .\CortexM3\ARM_GCC_541\Debug\Nunchuk.o
 .debug_abbrev  0x000007aa      0x137 .\CortexM3\ARM_GCC_541\Debug\Reflectance.o
 .debug_abbrev  0x000008e1      0x12f .\CortexM3\ARM_GCC_541\Debug\Ultra.o
 .debug_abbrev  0x00000a10      0x1be .\CortexM3\ARM_GCC_541\Debug\Systick.o
 .debug_abbrev  0x00000bce      0x111 .\CortexM3\ARM_GCC_541\Debug\Retarget.o
 .debug_abbrev  0x00000cdf       0xf1 .\CortexM3\ARM_GCC_541\Debug\main.o
 .debug_abbrev  0x00000dd0      0x20d .\CortexM3\ARM_GCC_541\Debug\cyfitter_cfg.o
 .debug_abbrev  0x00000fdd       0x77 .\CortexM3\ARM_GCC_541\Debug\cymetadata.o
 .debug_abbrev  0x00001054      0x1e8 .\CortexM3\ARM_GCC_541\Debug\Cm3Start.o
 .debug_abbrev  0x0000123c      0x133 .\CortexM3\ARM_GCC_541\Debug\ZumoBot.a(PWM.o)
 .debug_abbrev  0x0000136f      0x10a .\CortexM3\ARM_GCC_541\Debug\ZumoBot.a(I2C.o)
 .debug_abbrev  0x00001479       0xb6 .\CortexM3\ARM_GCC_541\Debug\ZumoBot.a(I2C_INT.o)
 .debug_abbrev  0x0000152f       0xfe .\CortexM3\ARM_GCC_541\Debug\ZumoBot.a(I2C_PM.o)
 .debug_abbrev  0x0000162d      0x13c .\CortexM3\ARM_GCC_541\Debug\ZumoBot.a(I2C_MASTER.o)
 .debug_abbrev  0x00001769      0x175 .\CortexM3\ARM_GCC_541\Debug\ZumoBot.a(UART_1.o)
 .debug_abbrev  0x000018de       0x90 .\CortexM3\ARM_GCC_541\Debug\ZumoBot.a(MotorDirLeft.o)
 .debug_abbrev  0x0000196e       0x90 .\CortexM3\ARM_GCC_541\Debug\ZumoBot.a(MotorDirRight.o)
 .debug_abbrev  0x000019fe       0x90 .\CortexM3\ARM_GCC_541\Debug\ZumoBot.a(L3.o)
 .debug_abbrev  0x00001a8e      0x11a .\CortexM3\ARM_GCC_541\Debug\ZumoBot.a(Timer_L3.o)
 .debug_abbrev  0x00001ba8      0x11a .\CortexM3\ARM_GCC_541\Debug\ZumoBot.a(Timer_R3.o)
 .debug_abbrev  0x00001cc2       0x90 .\CortexM3\ARM_GCC_541\Debug\ZumoBot.a(IR_led.o)
 .debug_abbrev  0x00001d52      0x11a .\CortexM3\ARM_GCC_541\Debug\ZumoBot.a(Timer_R1.o)
 .debug_abbrev  0x00001e6c       0x90 .\CortexM3\ARM_GCC_541\Debug\ZumoBot.a(R1.o)
 .debug_abbrev  0x00001efc       0x90 .\CortexM3\ARM_GCC_541\Debug\ZumoBot.a(R3.o)
 .debug_abbrev  0x00001f8c      0x11a .\CortexM3\ARM_GCC_541\Debug\ZumoBot.a(Timer_L1.o)
 .debug_abbrev  0x000020a6       0x90 .\CortexM3\ARM_GCC_541\Debug\ZumoBot.a(L1.o)
 .debug_abbrev  0x00002136      0x1ac .\CortexM3\ARM_GCC_541\Debug\ZumoBot.a(ADC_Battery.o)
 .debug_abbrev  0x000022e2       0x42 .\CortexM3\ARM_GCC_541\Debug\ZumoBot.a(ADC_Battery_INT.o)
 .debug_abbrev  0x00002324       0x90 .\CortexM3\ARM_GCC_541\Debug\ZumoBot.a(BatteryLed.o)
 .debug_abbrev  0x000023b4       0x90 .\CortexM3\ARM_GCC_541\Debug\ZumoBot.a(IR_receiver.o)
 .debug_abbrev  0x00002444       0x90 .\CortexM3\ARM_GCC_541\Debug\ZumoBot.a(Trig.o)
 .debug_abbrev  0x000024d4      0x13a .\CortexM3\ARM_GCC_541\Debug\ZumoBot.a(Timer.o)
 .debug_abbrev  0x0000260e       0x90 .\CortexM3\ARM_GCC_541\Debug\ZumoBot.a(Echo.o)
 .debug_abbrev  0x0000269e      0x173 .\CortexM3\ARM_GCC_541\Debug\ZumoBot.a(ultra_isr.o)
 .debug_abbrev  0x00002811      0x12d .\CortexM3\ARM_GCC_541\Debug\ZumoBot.a(Buzzer_PWM.o)
 .debug_abbrev  0x0000293e      0x173 .\CortexM3\ARM_GCC_541\Debug\ZumoBot.a(IR_isr.o)
 .debug_abbrev  0x00002ab1      0x14b .\CortexM3\ARM_GCC_541\Debug\ZumoBot.a(Timer_IR.o)
 .debug_abbrev  0x00002bfc      0x12b .\CortexM3\ARM_GCC_541\Debug\ZumoBot.a(Timer_R2.o)
 .debug_abbrev  0x00002d27      0x12b .\CortexM3\ARM_GCC_541\Debug\ZumoBot.a(Timer_L2.o)
 .debug_abbrev  0x00002e52       0x90 .\CortexM3\ARM_GCC_541\Debug\ZumoBot.a(L2.o)
 .debug_abbrev  0x00002ee2       0x90 .\CortexM3\ARM_GCC_541\Debug\ZumoBot.a(R2.o)
 .debug_abbrev  0x00002f72       0x81 .\CortexM3\ARM_GCC_541\Debug\ZumoBot.a(Control_Reg_1.o)
 .debug_abbrev  0x00002ff3      0x139 .\CortexM3\ARM_GCC_541\Debug\ZumoBot.a(UART_1_IntClock.o)
 .debug_abbrev  0x0000312c      0x121 .\CortexM3\ARM_GCC_541\Debug\ZumoBot.a(ADC_Battery_theACLK.o)
 .debug_abbrev  0x0000324d      0x254 .\CortexM3\ARM_GCC_541\Debug\ZumoBot.a(CyLib.o)
 .debug_abbrev  0x000034a1      0x1ab .\CortexM3\ARM_GCC_541\Debug\ZumoBot.a(cyPm.o)
 .debug_abbrev  0x0000364c       0x8e .\CortexM3\ARM_GCC_541\Debug\ZumoBot.a(cyutils.o)
 .debug_abbrev  0x000036da       0x14 .\CortexM3\ARM_GCC_541\Debug\ZumoBot.a(CyBootAsmGnu.o)
 .debug_abbrev  0x000036ee      0x1a7 .\CortexM3\ARM_GCC_541\Debug\ZumoBot.a(CyFlash.o)
 .debug_abbrev  0x00003895      0x194 .\CortexM3\ARM_GCC_541\Debug\ZumoBot.a(CySpc.o)

.debug_line     0x00000000     0x55d7
 *(.debug_line)
 .debug_line    0x00000000      0x1e6 .\CortexM3\ARM_GCC_541\Debug\Accel.o
 .debug_line    0x000001e6       0xe3 .\CortexM3\ARM_GCC_541\Debug\Ambient.o
 .debug_line    0x000002c9      0x192 .\CortexM3\ARM_GCC_541\Debug\Beep.o
 .debug_line    0x0000045b      0x174 .\CortexM3\ARM_GCC_541\Debug\Gyro.o
 .debug_line    0x000005cf      0x1c6 .\CortexM3\ARM_GCC_541\Debug\I2C_made.o
 .debug_line    0x00000795      0x1fa .\CortexM3\ARM_GCC_541\Debug\IR.o
 .debug_line    0x0000098f      0x1e5 .\CortexM3\ARM_GCC_541\Debug\Magnet.o
 .debug_line    0x00000b74      0x1f7 .\CortexM3\ARM_GCC_541\Debug\Motor.o
 .debug_line    0x00000d6b      0x1c1 .\CortexM3\ARM_GCC_541\Debug\Nunchuk.o
 .debug_line    0x00000f2c      0x2d6 .\CortexM3\ARM_GCC_541\Debug\Reflectance.o
 .debug_line    0x00001202      0x207 .\CortexM3\ARM_GCC_541\Debug\Ultra.o
 .debug_line    0x00001409      0x1d7 .\CortexM3\ARM_GCC_541\Debug\Systick.o
 .debug_line    0x000015e0      0x1d4 .\CortexM3\ARM_GCC_541\Debug\Retarget.o
 .debug_line    0x000017b4      0x248 .\CortexM3\ARM_GCC_541\Debug\main.o
 .debug_line    0x000019fc      0x22d .\CortexM3\ARM_GCC_541\Debug\cyfitter_cfg.o
 .debug_line    0x00001c29      0x141 .\CortexM3\ARM_GCC_541\Debug\cymetadata.o
 .debug_line    0x00001d6a      0x234 .\CortexM3\ARM_GCC_541\Debug\Cm3Start.o
 .debug_line    0x00001f9e      0x1a7 .\CortexM3\ARM_GCC_541\Debug\ZumoBot.a(PWM.o)
 .debug_line    0x00002145       0xd9 .\CortexM3\ARM_GCC_541\Debug\ZumoBot.a(I2C.o)
 .debug_line    0x0000221e      0x114 .\CortexM3\ARM_GCC_541\Debug\ZumoBot.a(I2C_INT.o)
 .debug_line    0x00002332       0xbb .\CortexM3\ARM_GCC_541\Debug\ZumoBot.a(I2C_PM.o)
 .debug_line    0x000023ed      0x1fd .\CortexM3\ARM_GCC_541\Debug\ZumoBot.a(I2C_MASTER.o)
 .debug_line    0x000025ea      0x2c0 .\CortexM3\ARM_GCC_541\Debug\ZumoBot.a(UART_1.o)
 .debug_line    0x000028aa       0x99 .\CortexM3\ARM_GCC_541\Debug\ZumoBot.a(MotorDirLeft.o)
 .debug_line    0x00002943       0x9a .\CortexM3\ARM_GCC_541\Debug\ZumoBot.a(MotorDirRight.o)
 .debug_line    0x000029dd       0x8f .\CortexM3\ARM_GCC_541\Debug\ZumoBot.a(L3.o)
 .debug_line    0x00002a6c      0x156 .\CortexM3\ARM_GCC_541\Debug\ZumoBot.a(Timer_L3.o)
 .debug_line    0x00002bc2      0x156 .\CortexM3\ARM_GCC_541\Debug\ZumoBot.a(Timer_R3.o)
 .debug_line    0x00002d18       0x93 .\CortexM3\ARM_GCC_541\Debug\ZumoBot.a(IR_led.o)
 .debug_line    0x00002dab      0x156 .\CortexM3\ARM_GCC_541\Debug\ZumoBot.a(Timer_R1.o)
 .debug_line    0x00002f01       0x8f .\CortexM3\ARM_GCC_541\Debug\ZumoBot.a(R1.o)
 .debug_line    0x00002f90       0x8f .\CortexM3\ARM_GCC_541\Debug\ZumoBot.a(R3.o)
 .debug_line    0x0000301f      0x156 .\CortexM3\ARM_GCC_541\Debug\ZumoBot.a(Timer_L1.o)
 .debug_line    0x00003175       0x8f .\CortexM3\ARM_GCC_541\Debug\ZumoBot.a(L1.o)
 .debug_line    0x00003204      0x222 .\CortexM3\ARM_GCC_541\Debug\ZumoBot.a(ADC_Battery.o)
 .debug_line    0x00003426       0x58 .\CortexM3\ARM_GCC_541\Debug\ZumoBot.a(ADC_Battery_INT.o)
 .debug_line    0x0000347e       0x97 .\CortexM3\ARM_GCC_541\Debug\ZumoBot.a(BatteryLed.o)
 .debug_line    0x00003515       0x98 .\CortexM3\ARM_GCC_541\Debug\ZumoBot.a(IR_receiver.o)
 .debug_line    0x000035ad       0x91 .\CortexM3\ARM_GCC_541\Debug\ZumoBot.a(Trig.o)
 .debug_line    0x0000363e      0x182 .\CortexM3\ARM_GCC_541\Debug\ZumoBot.a(Timer.o)
 .debug_line    0x000037c0       0x91 .\CortexM3\ARM_GCC_541\Debug\ZumoBot.a(Echo.o)
 .debug_line    0x00003851      0x136 .\CortexM3\ARM_GCC_541\Debug\ZumoBot.a(ultra_isr.o)
 .debug_line    0x00003987      0x13f .\CortexM3\ARM_GCC_541\Debug\ZumoBot.a(Buzzer_PWM.o)
 .debug_line    0x00003ac6      0x133 .\CortexM3\ARM_GCC_541\Debug\ZumoBot.a(IR_isr.o)
 .debug_line    0x00003bf9      0x185 .\CortexM3\ARM_GCC_541\Debug\ZumoBot.a(Timer_IR.o)
 .debug_line    0x00003d7e      0x173 .\CortexM3\ARM_GCC_541\Debug\ZumoBot.a(Timer_R2.o)
 .debug_line    0x00003ef1      0x173 .\CortexM3\ARM_GCC_541\Debug\ZumoBot.a(Timer_L2.o)
 .debug_line    0x00004064       0x8f .\CortexM3\ARM_GCC_541\Debug\ZumoBot.a(L2.o)
 .debug_line    0x000040f3       0x8f .\CortexM3\ARM_GCC_541\Debug\ZumoBot.a(R2.o)
 .debug_line    0x00004182       0x75 .\CortexM3\ARM_GCC_541\Debug\ZumoBot.a(Control_Reg_1.o)
 .debug_line    0x000041f7      0x17e .\CortexM3\ARM_GCC_541\Debug\ZumoBot.a(UART_1_IntClock.o)
 .debug_line    0x00004375      0x1a5 .\CortexM3\ARM_GCC_541\Debug\ZumoBot.a(ADC_Battery_theACLK.o)
 .debug_line    0x0000451a      0x816 .\CortexM3\ARM_GCC_541\Debug\ZumoBot.a(CyLib.o)
 .debug_line    0x00004d30      0x367 .\CortexM3\ARM_GCC_541\Debug\ZumoBot.a(cyPm.o)
 .debug_line    0x00005097       0x60 .\CortexM3\ARM_GCC_541\Debug\ZumoBot.a(cyutils.o)
 .debug_line    0x000050f7       0x66 .\CortexM3\ARM_GCC_541\Debug\ZumoBot.a(CyBootAsmGnu.o)
 .debug_line    0x0000515d      0x21a .\CortexM3\ARM_GCC_541\Debug\ZumoBot.a(CyFlash.o)
 .debug_line    0x00005377      0x260 .\CortexM3\ARM_GCC_541\Debug\ZumoBot.a(CySpc.o)

.debug_frame    0x00000000     0x40a8
 *(.debug_frame)
 .debug_frame   0x00000000       0x38 .\CortexM3\ARM_GCC_541\Debug\Accel.o
 .debug_frame   0x00000038       0x3c .\CortexM3\ARM_GCC_541\Debug\Ambient.o
 .debug_frame   0x00000074       0x30 .\CortexM3\ARM_GCC_541\Debug\Beep.o
 .debug_frame   0x000000a4       0x2c .\CortexM3\ARM_GCC_541\Debug\Gyro.o
 .debug_frame   0x000000d0       0x64 .\CortexM3\ARM_GCC_541\Debug\I2C_made.o
 .debug_frame   0x00000134       0x90 .\CortexM3\ARM_GCC_541\Debug\IR.o
 .debug_frame   0x000001c4       0x2c .\CortexM3\ARM_GCC_541\Debug\Magnet.o
 .debug_frame   0x000001f0       0xa8 .\CortexM3\ARM_GCC_541\Debug\Motor.o
 .debug_frame   0x00000298       0x68 .\CortexM3\ARM_GCC_541\Debug\Nunchuk.o
 .debug_frame   0x00000300       0xa0 .\CortexM3\ARM_GCC_541\Debug\Reflectance.o
 .debug_frame   0x000003a0       0x78 .\CortexM3\ARM_GCC_541\Debug\Ultra.o
 .debug_frame   0x00000418       0x58 .\CortexM3\ARM_GCC_541\Debug\Systick.o
 .debug_frame   0x00000470       0x60 .\CortexM3\ARM_GCC_541\Debug\Retarget.o
 .debug_frame   0x000004d0       0x2c .\CortexM3\ARM_GCC_541\Debug\main.o
 .debug_frame   0x000004fc       0xfc .\CortexM3\ARM_GCC_541\Debug\cyfitter_cfg.o
 .debug_frame   0x000005f8       0xb8 .\CortexM3\ARM_GCC_541\Debug\Cm3Start.o
 .debug_frame   0x000006b0      0x154 .\CortexM3\ARM_GCC_541\Debug\ZumoBot.a(PWM.o)
 .debug_frame   0x00000804       0x94 .\CortexM3\ARM_GCC_541\Debug\ZumoBot.a(I2C.o)
 .debug_frame   0x00000898       0x30 .\CortexM3\ARM_GCC_541\Debug\ZumoBot.a(I2C_INT.o)
 .debug_frame   0x000008c8       0x74 .\CortexM3\ARM_GCC_541\Debug\ZumoBot.a(I2C_PM.o)
 .debug_frame   0x0000093c      0x138 .\CortexM3\ARM_GCC_541\Debug\ZumoBot.a(I2C_MASTER.o)
 .debug_frame   0x00000a74      0x250 .\CortexM3\ARM_GCC_541\Debug\ZumoBot.a(UART_1.o)
 .debug_frame   0x00000cc4       0x50 .\CortexM3\ARM_GCC_541\Debug\ZumoBot.a(MotorDirLeft.o)
 .debug_frame   0x00000d14       0x50 .\CortexM3\ARM_GCC_541\Debug\ZumoBot.a(MotorDirRight.o)
 .debug_frame   0x00000d64       0x50 .\CortexM3\ARM_GCC_541\Debug\ZumoBot.a(L3.o)
 .debug_frame   0x00000db4      0x108 .\CortexM3\ARM_GCC_541\Debug\ZumoBot.a(Timer_L3.o)
 .debug_frame   0x00000ebc      0x108 .\CortexM3\ARM_GCC_541\Debug\ZumoBot.a(Timer_R3.o)
 .debug_frame   0x00000fc4       0x50 .\CortexM3\ARM_GCC_541\Debug\ZumoBot.a(IR_led.o)
 .debug_frame   0x00001014      0x108 .\CortexM3\ARM_GCC_541\Debug\ZumoBot.a(Timer_R1.o)
 .debug_frame   0x0000111c       0x50 .\CortexM3\ARM_GCC_541\Debug\ZumoBot.a(R1.o)
 .debug_frame   0x0000116c       0x50 .\CortexM3\ARM_GCC_541\Debug\ZumoBot.a(R3.o)
 .debug_frame   0x000011bc      0x108 .\CortexM3\ARM_GCC_541\Debug\ZumoBot.a(Timer_L1.o)
 .debug_frame   0x000012c4       0x50 .\CortexM3\ARM_GCC_541\Debug\ZumoBot.a(L1.o)
 .debug_frame   0x00001314      0x1b4 .\CortexM3\ARM_GCC_541\Debug\ZumoBot.a(ADC_Battery.o)
 .debug_frame   0x000014c8       0x20 .\CortexM3\ARM_GCC_541\Debug\ZumoBot.a(ADC_Battery_INT.o)
 .debug_frame   0x000014e8       0x50 .\CortexM3\ARM_GCC_541\Debug\ZumoBot.a(BatteryLed.o)
 .debug_frame   0x00001538       0x50 .\CortexM3\ARM_GCC_541\Debug\ZumoBot.a(IR_receiver.o)
 .debug_frame   0x00001588       0x50 .\CortexM3\ARM_GCC_541\Debug\ZumoBot.a(Trig.o)
 .debug_frame   0x000015d8      0x134 .\CortexM3\ARM_GCC_541\Debug\ZumoBot.a(Timer.o)
 .debug_frame   0x0000170c       0x50 .\CortexM3\ARM_GCC_541\Debug\ZumoBot.a(Echo.o)
 .debug_frame   0x0000175c      0x104 .\CortexM3\ARM_GCC_541\Debug\ZumoBot.a(ultra_isr.o)
 .debug_frame   0x00001860       0xf8 .\CortexM3\ARM_GCC_541\Debug\ZumoBot.a(Buzzer_PWM.o)
 .debug_frame   0x00001958      0x104 .\CortexM3\ARM_GCC_541\Debug\ZumoBot.a(IR_isr.o)
 .debug_frame   0x00001a5c      0x14c .\CortexM3\ARM_GCC_541\Debug\ZumoBot.a(Timer_IR.o)
 .debug_frame   0x00001ba8      0x124 .\CortexM3\ARM_GCC_541\Debug\ZumoBot.a(Timer_R2.o)
 .debug_frame   0x00001ccc      0x124 .\CortexM3\ARM_GCC_541\Debug\ZumoBot.a(Timer_L2.o)
 .debug_frame   0x00001df0       0x50 .\CortexM3\ARM_GCC_541\Debug\ZumoBot.a(L2.o)
 .debug_frame   0x00001e40       0x50 .\CortexM3\ARM_GCC_541\Debug\ZumoBot.a(R2.o)
 .debug_frame   0x00001e90       0x30 .\CortexM3\ARM_GCC_541\Debug\ZumoBot.a(Control_Reg_1.o)
 .debug_frame   0x00001ec0       0xe0 .\CortexM3\ARM_GCC_541\Debug\ZumoBot.a(UART_1_IntClock.o)
 .debug_frame   0x00001fa0      0x100 .\CortexM3\ARM_GCC_541\Debug\ZumoBot.a(ADC_Battery_theACLK.o)
 .debug_frame   0x000020a0      0x738 .\CortexM3\ARM_GCC_541\Debug\ZumoBot.a(CyLib.o)
 .debug_frame   0x000027d8      0x1f8 .\CortexM3\ARM_GCC_541\Debug\ZumoBot.a(cyPm.o)
 .debug_frame   0x000029d0       0x20 .\CortexM3\ARM_GCC_541\Debug\ZumoBot.a(cyutils.o)
 .debug_frame   0x000029f0      0x194 .\CortexM3\ARM_GCC_541\Debug\ZumoBot.a(CyFlash.o)
 .debug_frame   0x00002b84      0x180 .\CortexM3\ARM_GCC_541\Debug\ZumoBot.a(CySpc.o)
 .debug_frame   0x00002d04       0x20 c:/program files (x86)/cypress/psoc creator/4.2/psoc creator/import/gnu/arm/5.4.1/bin/../lib/gcc/arm-none-eabi/5.4.1/../../../../arm-none-eabi/lib/armv7-m\libm.a(lib_a-w_atan2.o)
 .debug_frame   0x00002d24       0x4c c:/program files (x86)/cypress/psoc creator/4.2/psoc creator/import/gnu/arm/5.4.1/bin/../lib/gcc/arm-none-eabi/5.4.1/../../../../arm-none-eabi/lib/armv7-m\libm.a(lib_a-w_pow.o)
 .debug_frame   0x00002d70       0x48 c:/program files (x86)/cypress/psoc creator/4.2/psoc creator/import/gnu/arm/5.4.1/bin/../lib/gcc/arm-none-eabi/5.4.1/../../../../arm-none-eabi/lib/armv7-m\libm.a(lib_a-e_atan2.o)
 .debug_frame   0x00002db8       0x68 c:/program files (x86)/cypress/psoc creator/4.2/psoc creator/import/gnu/arm/5.4.1/bin/../lib/gcc/arm-none-eabi/5.4.1/../../../../arm-none-eabi/lib/armv7-m\libm.a(lib_a-e_pow.o)
 .debug_frame   0x00002e20       0x30 c:/program files (x86)/cypress/psoc creator/4.2/psoc creator/import/gnu/arm/5.4.1/bin/../lib/gcc/arm-none-eabi/5.4.1/../../../../arm-none-eabi/lib/armv7-m\libm.a(lib_a-e_sqrt.o)
 .debug_frame   0x00002e50       0x38 c:/program files (x86)/cypress/psoc creator/4.2/psoc creator/import/gnu/arm/5.4.1/bin/../lib/gcc/arm-none-eabi/5.4.1/../../../../arm-none-eabi/lib/armv7-m\libm.a(lib_a-s_atan.o)
 .debug_frame   0x00002e88       0x20 c:/program files (x86)/cypress/psoc creator/4.2/psoc creator/import/gnu/arm/5.4.1/bin/../lib/gcc/arm-none-eabi/5.4.1/../../../../arm-none-eabi/lib/armv7-m\libm.a(lib_a-s_fabs.o)
 .debug_frame   0x00002ea8       0x20 c:/program files (x86)/cypress/psoc creator/4.2/psoc creator/import/gnu/arm/5.4.1/bin/../lib/gcc/arm-none-eabi/5.4.1/../../../../arm-none-eabi/lib/armv7-m\libm.a(lib_a-s_finite.o)
 .debug_frame   0x00002ec8       0x20 c:/program files (x86)/cypress/psoc creator/4.2/psoc creator/import/gnu/arm/5.4.1/bin/../lib/gcc/arm-none-eabi/5.4.1/../../../../arm-none-eabi/lib/armv7-m\libm.a(lib_a-s_matherr.o)
 .debug_frame   0x00002ee8       0x20 c:/program files (x86)/cypress/psoc creator/4.2/psoc creator/import/gnu/arm/5.4.1/bin/../lib/gcc/arm-none-eabi/5.4.1/../../../../arm-none-eabi/lib/armv7-m\libm.a(lib_a-s_nan.o)
 .debug_frame   0x00002f08       0x3c c:/program files (x86)/cypress/psoc creator/4.2/psoc creator/import/gnu/arm/5.4.1/bin/../lib/gcc/arm-none-eabi/5.4.1/../../../../arm-none-eabi/lib/armv7-m\libm.a(lib_a-s_rint.o)
 .debug_frame   0x00002f44       0x30 c:/program files (x86)/cypress/psoc creator/4.2/psoc creator/import/gnu/arm/5.4.1/bin/../lib/gcc/arm-none-eabi/5.4.1/../../../../arm-none-eabi/lib/armv7-m\libm.a(lib_a-s_scalbn.o)
 .debug_frame   0x00002f74       0x20 c:/program files (x86)/cypress/psoc creator/4.2/psoc creator/import/gnu/arm/5.4.1/bin/../lib/gcc/arm-none-eabi/5.4.1/../../../../arm-none-eabi/lib/armv7-m\libm.a(lib_a-s_copysign.o)