Archive member included to satisfy reference by file (symbol)

.\CortexM3\ARM_GCC_541\Debug\ZumoBot.a(PWM.o)
                              .\CortexM3\ARM_GCC_541\Debug\Motor.o (PWM_Stop)
.\CortexM3\ARM_GCC_541\Debug\ZumoBot.a(I2C.o)
                              .\CortexM3\ARM_GCC_541\Debug\Nunchuk.o (I2C_Start)
.\CortexM3\ARM_GCC_541\Debug\ZumoBot.a(I2C_INT.o)
                              .\CortexM3\ARM_GCC_541\Debug\ZumoBot.a(I2C.o) (I2C_ISR)
.\CortexM3\ARM_GCC_541\Debug\ZumoBot.a(I2C_PM.o)
                              .\CortexM3\ARM_GCC_541\Debug\ZumoBot.a(I2C.o) (I2C_backup)
.\CortexM3\ARM_GCC_541\Debug\ZumoBot.a(I2C_MASTER.o)
                              .\CortexM3\ARM_GCC_541\Debug\I2C_made.o (I2C_MasterWriteBuf)
.\CortexM3\ARM_GCC_541\Debug\ZumoBot.a(UART_1.o)
                              .\CortexM3\ARM_GCC_541\Debug\main.o (UART_1_Start)
.\CortexM3\ARM_GCC_541\Debug\ZumoBot.a(MotorDirLeft.o)
                              .\CortexM3\ARM_GCC_541\Debug\Motor.o (MotorDirLeft_Write)
.\CortexM3\ARM_GCC_541\Debug\ZumoBot.a(MotorDirRight.o)
                              .\CortexM3\ARM_GCC_541\Debug\Motor.o (MotorDirRight_Write)
.\CortexM3\ARM_GCC_541\Debug\ZumoBot.a(L3.o)
                              .\CortexM3\ARM_GCC_541\Debug\Reflectance.o (L3_Write)
.\CortexM3\ARM_GCC_541\Debug\ZumoBot.a(Timer_L3.o)
                              .\CortexM3\ARM_GCC_541\Debug\Reflectance.o (Timer_L3_ReadStatusRegister)
.\CortexM3\ARM_GCC_541\Debug\ZumoBot.a(Timer_R3.o)
                              .\CortexM3\ARM_GCC_541\Debug\Reflectance.o (Timer_R3_ReadStatusRegister)
.\CortexM3\ARM_GCC_541\Debug\ZumoBot.a(IR_led.o)
                              .\CortexM3\ARM_GCC_541\Debug\Reflectance.o (IR_led_Write)
.\CortexM3\ARM_GCC_541\Debug\ZumoBot.a(Timer_R1.o)
                              .\CortexM3\ARM_GCC_541\Debug\Reflectance.o (Timer_R1_ReadStatusRegister)
.\CortexM3\ARM_GCC_541\Debug\ZumoBot.a(R1.o)
                              .\CortexM3\ARM_GCC_541\Debug\Reflectance.o (R1_Write)
.\CortexM3\ARM_GCC_541\Debug\ZumoBot.a(R3.o)
                              .\CortexM3\ARM_GCC_541\Debug\Reflectance.o (R3_Write)
.\CortexM3\ARM_GCC_541\Debug\ZumoBot.a(Timer_L1.o)
                              .\CortexM3\ARM_GCC_541\Debug\Reflectance.o (Timer_L1_ReadStatusRegister)
.\CortexM3\ARM_GCC_541\Debug\ZumoBot.a(L1.o)
                              .\CortexM3\ARM_GCC_541\Debug\Reflectance.o (L1_Write)
.\CortexM3\ARM_GCC_541\Debug\ZumoBot.a(ADC_Battery.o)
                              .\CortexM3\ARM_GCC_541\Debug\main.o (ADC_Battery_Start)
.\CortexM3\ARM_GCC_541\Debug\ZumoBot.a(ADC_Battery_INT.o)
                              .\CortexM3\ARM_GCC_541\Debug\ZumoBot.a(ADC_Battery.o) (ADC_Battery_ISR)
.\CortexM3\ARM_GCC_541\Debug\ZumoBot.a(BatteryLed.o)
                              .\CortexM3\ARM_GCC_541\Debug\main.o (BatteryLed_Write)
.\CortexM3\ARM_GCC_541\Debug\ZumoBot.a(IR_receiver.o)
                              .\CortexM3\ARM_GCC_541\Debug\IR.o (IR_receiver_Read)
.\CortexM3\ARM_GCC_541\Debug\ZumoBot.a(Trig.o)
                              .\CortexM3\ARM_GCC_541\Debug\Ultra.o (Trig_Write)
.\CortexM3\ARM_GCC_541\Debug\ZumoBot.a(Timer.o)
                              .\CortexM3\ARM_GCC_541\Debug\Ultra.o (Timer_ReadStatusRegister)
.\CortexM3\ARM_GCC_541\Debug\ZumoBot.a(Echo.o)
                              .\CortexM3\ARM_GCC_541\Debug\Ultra.o (Echo_Read)
.\CortexM3\ARM_GCC_541\Debug\ZumoBot.a(ultra_isr.o)
                              .\CortexM3\ARM_GCC_541\Debug\Ultra.o (ultra_isr_StartEx)
.\CortexM3\ARM_GCC_541\Debug\ZumoBot.a(Buzzer_PWM.o)
                              .\CortexM3\ARM_GCC_541\Debug\Beep.o (Buzzer_PWM_Stop)
.\CortexM3\ARM_GCC_541\Debug\ZumoBot.a(IR_isr.o)
                              .\CortexM3\ARM_GCC_541\Debug\IR.o (IR_isr_StartEx)
.\CortexM3\ARM_GCC_541\Debug\ZumoBot.a(Timer_IR.o)
                              .\CortexM3\ARM_GCC_541\Debug\IR.o (Timer_IR_ReadStatusRegister)
.\CortexM3\ARM_GCC_541\Debug\ZumoBot.a(Timer_R2.o)
                              .\CortexM3\ARM_GCC_541\Debug\Reflectance.o (Timer_R2_ReadStatusRegister)
.\CortexM3\ARM_GCC_541\Debug\ZumoBot.a(Timer_L2.o)
                              .\CortexM3\ARM_GCC_541\Debug\Reflectance.o (Timer_L2_ReadStatusRegister)
.\CortexM3\ARM_GCC_541\Debug\ZumoBot.a(L2.o)
                              .\CortexM3\ARM_GCC_541\Debug\Reflectance.o (L2_Write)
.\CortexM3\ARM_GCC_541\Debug\ZumoBot.a(R2.o)
                              .\CortexM3\ARM_GCC_541\Debug\Reflectance.o (R2_Write)
.\CortexM3\ARM_GCC_541\Debug\ZumoBot.a(ShieldLed.o)
                              .\CortexM3\ARM_GCC_541\Debug\main.o (ShieldLed_Write)
.\CortexM3\ARM_GCC_541\Debug\ZumoBot.a(Control_Reg_1.o)
                              .\CortexM3\ARM_GCC_541\Debug\Reflectance.o (Control_Reg_1_Write)
.\CortexM3\ARM_GCC_541\Debug\ZumoBot.a(UART_1_IntClock.o)
[...]
Memory Configuration

Name             Origin             Length             Attributes
rom              0x00000000         0x00040000         xr
ram              0x1fff8000         0x00010000         xrw
*default*        0x00000000         0xffffffff

Linker script and memory map

LOAD c:/program files (x86)/cypress/psoc creator/4.2/psoc creator/import/gnu/arm/5.4.1/bin/../lib/gcc/arm-none-eabi/5.4.1/armv7-m/crti.o
LOAD c:/program files (x86)/cypress/psoc creator/4.2/psoc creator/import/gnu/arm/5.4.1/bin/../lib/gcc/arm-none-eabi/5.4.1/armv7-m/crtbegin.o
LOAD c:/program files (x86)/cypress/psoc creator/4.2/psoc creator/import/gnu/arm/5.4.1/bin/../lib/gcc/arm-none-eabi/5.4.1/../../../../arm-none-eabi/lib/armv7-m/crt0.o
START GROUP
LOAD .\CortexM3\ARM_GCC_541\Debug\Accel.o
LOAD .\CortexM3\ARM_GCC_541\Debug\Ambient.o
LOAD .\CortexM3\ARM_GCC_541\Debug\Beep.o
LOAD .\CortexM3\ARM_GCC_541\Debug\Gyro.o
LOAD .\CortexM3\ARM_GCC_541\Debug\I2C_made.o
LOAD .\CortexM3\ARM_GCC_541\Debug\IR.o
LOAD .\CortexM3\ARM_GCC_541\Debug\Magnet.o
LOAD .\CortexM3\ARM_GCC_541\Debug\Motor.o
LOAD .\CortexM3\ARM_GCC_541\Debug\Nunchuk.o
LOAD .\CortexM3\ARM_GCC_541\Debug\Reflectance.o
LOAD .\CortexM3\ARM_GCC_541\Debug\Ultra.o
LOAD .\CortexM3\ARM_GCC_541\Debug\Systick.o
LOAD .\CortexM3\ARM_GCC_541\Debug\Retarget.o
LOAD .\CortexM3\ARM_GCC_541\Debug\main.o
LOAD .\CortexM3\ARM_GCC_541\Debug\music.o
LOAD .\CortexM3\ARM_GCC_541\Debug\drive.o
LOAD .\CortexM3\ARM_GCC_541\Debug\custom_motor.o
LOAD .\CortexM3\ARM_GCC_541\Debug\cyfitter_cfg.o
LOAD .\CortexM3\ARM_GCC_541\Debug\cymetadata.o
LOAD .\CortexM3\ARM_GCC_541\Debug\Cm3Start.o
LOAD .\CortexM3\ARM_GCC_541\Debug\ZumoBot.a
LOAD C:\Program Files (x86)\Cypress\PSoC Creator\4.2\PSoC Creator\psoc\content\cycomponentlibrary\CyComponentLibrary.cylib\CortexM3\ARM_GCC_541\Debug\CyComponentLibrary.a
LOAD c:/program files (x86)/cypress/psoc creator/4.2/psoc creator/import/gnu/arm/5.4.1/bin/../lib/gcc/arm-none-eabi/5.4.1/../../../../arm-none-eabi/lib/armv7-m\libm.a
END GROUP
START GROUP
LOAD c:/program files (x86)/cypress/psoc creator/4.2/psoc creator/import/gnu/arm/5.4.1/bin/../lib/gcc/arm-none-eabi/5.4.1/armv7-m\libgcc.a
LOAD c:/program files (x86)/cypress/psoc creator/4.2/psoc creator/import/gnu/arm/5.4.1/bin/../lib/gcc/arm-none-eabi/5.4.1/../../../../arm-none-eabi/lib/armv7-m\libg.a
LOAD c:/program files (x86)/cypress/psoc creator/4.2/psoc creator/import/gnu/arm/5.4.1/bin/../lib/gcc/arm-none-eabi/5.4.1/../../../../arm-none-eabi/lib/armv7-m\libc.a
END GROUP
LOAD c:/program files (x86)/cypress/psoc creator/4.2/psoc creator/import/gnu/arm/5.4.1/bin/../lib/gcc/arm-none-eabi/5.4.1/armv7-m/crtend.o
LOAD c:/program files (x86)/cypress/psoc creator/4.2/psoc creator/import/gnu/arm/5.4.1/bin/../lib/gcc/arm-none-eabi/5.4.1/armv7-m/crtn.o
START GROUP
LOAD c:/program files (x86)/cypress/psoc creator/4.2/psoc creator/import/gnu/arm/5.4.1/bin/../lib/gcc/arm-none-eabi/5.4.1/armv7-m\libgcc.a
LOAD c:/program files (x86)/cypress/psoc creator/4.2/psoc creator/import/gnu/arm/5.4.1/bin/../lib/gcc/arm-none-eabi/5.4.1/../../../../arm-none-eabi/lib/armv7-m\libc.a
LOAD c:/program files (x86)/cypress/psoc creator/4.2/psoc creator/import/gnu/arm/5.4.1/bin/../lib/gcc/arm-none-eabi/5.4.1/../../../../arm-none-eabi/lib/armv7-m\libnosys.a
END GROUP
                0x00000000                CY_APPL_ORIGIN = 0x0
                0x00000100                CY_FLASH_ROW_SIZE = 0x100
                0x00000020                CY_ECC_ROW_SIZE = 0x20
                0x00000000                CY_EE_IN_BTLDR = 0x0
                0x00000000                CY_APPL_LOADABLE = 0x0
                0x00000800                CY_EE_SIZE = 0x800
                0x00000001                CY_APPL_NUM = 0x1
                0x00000001                CY_APPL_MAX = 0x1
                0x00000040                CY_METADATA_SIZE = 0x40
                0x00000000                CY_APPL_LOADABLE = 0x0
                0x00000000                CY_CHECKSUM_EXCLUDE_SIZE = ALIGN (0x0, CY_FLASH_ROW_SIZE)
                [!provide]                PROVIDE (__cy_heap_start, _end)
                0x00000001                PROVIDE (__cy_region_num, ((__cy_regions_end - __cy_regions) / 0x10))
                0x20008000                PROVIDE (__cy_stack, (ORIGIN (ram) + LENGTH (ram)))
                [!provide]                PROVIDE (__cy_heap_end, (__cy_stack - 0x800))

.cybootloader   0x00000000        0x0
 *(.cybootloader)
                0x00000000                appl1_start = CY_APPL_ORIGIN?CY_APPL_ORIGIN:ALIGN (CY_FLASH_ROW_SIZE)
                0x0001ff00                appl2_start = (appl1_start + ALIGN ((((LENGTH (rom) - appl1_start) - (0x2 * CY_FLASH_ROW_SIZE)) / 0x2), CY_FLASH_ROW_SIZE))
                0x00000000                appl_start = (CY_APPL_NUM == 0x1)?appl1_start:appl2_start
                0x00000000                ecc_offset = ((appl_start / CY_FLASH_ROW_SIZE) * CY_ECC_ROW_SIZE)
                0x00000000                ee_offset = (CY_APPL_LOADABLE && ! (CY_EE_IN_BTLDR))?((CY_EE_SIZE / CY_APPL_MAX) * (CY_APPL_NUM - 0x1)):0x0
                0x00000800                ee_size = (CY_APPL_LOADABLE && ! (CY_EE_IN_BTLDR))?(CY_EE_SIZE / CY_APPL_MAX):CY_EE_SIZE
                [!provide]                PROVIDE (CY_ECC_OFFSET, ecc_offset)

.text           0x00000000     0x7b5c
 CREATE_OBJECT_SYMBOLS
                0x00000000                PROVIDE (__cy_interrupt_vector, RomVectors)
 *(.romvectors)
 .romvectors    0x00000000       0x10 .\CortexM3\ARM_GCC_541\Debug\Cm3Start.o
                0x00000000                RomVectors
                0x00000001                ASSERT ((. != __cy_interrupt_vector), No interrupt vector)
                0x00000001                ASSERT (CY_APPL_ORIGIN?(SIZEOF (.cybootloader) <= CY_APPL_ORIGIN):0x1, Wrong image location)
                0x00000010                PROVIDE (__cy_reset, Reset)
 *(.text.Reset)
 .text.Reset    0x00000010       0x18 .\CortexM3\ARM_GCC_541\Debug\Cm3Start.o
                0x00000010                Reset
                0x00000001                ASSERT ((. != __cy_reset), No reset code)
 *(.dma_init)
                0x00000001                ASSERT ((((appl_start + .) <= 0x10000) || 0x1), DMA Init must be within the first 64k of flash)
 *(.text .text.* .gnu.linkonce.t.*)
 .text          0x00000028       0x5c c:/program files (x86)/cypress/psoc creator/4.2/psoc creator/import/gnu/arm/5.4.1/bin/../lib/gcc/arm-none-eabi/5.4.1/armv7-m/crtbegin.o
 .text.reflectance_handler
                0x00000084      0x1c4 .\CortexM3\ARM_GCC_541\Debug\Reflectance.o
                0x00000084                reflectance_handler
 .text.reflectance_start
                0x00000248       0x30 .\CortexM3\ARM_GCC_541\Debug\Reflectance.o
                0x00000248                reflectance_start
 .text.reflectance_read
                0x00000278       0x18 .\CortexM3\ARM_GCC_541\Debug\Reflectance.o
                0x00000278                reflectance_read
 .text.ultrasonic_handler
                0x00000290       0x40 .\CortexM3\ARM_GCC_541\Debug\Ultra.o
                0x00000290                ultrasonic_handler
 .text.USER_ISR
                0x000002d0       0x18 .\CortexM3\ARM_GCC_541\Debug\Systick.o
                0x000002d0                USER_ISR
 .text.Systick_Start
                0x000002e8       0x40 .\CortexM3\ARM_GCC_541\Debug\Systick.o
                0x000002e8                Systick_Start
 .text.GetTicks
                0x00000328        0xc .\CortexM3\ARM_GCC_541\Debug\Systick.o
                0x00000328                GetTicks
 .text._write   0x00000334       0x2c .\CortexM3\ARM_GCC_541\Debug\Retarget.o
                0x00000334                _write
 .text._read    0x00000360       0xbc .\CortexM3\ARM_GCC_541\Debug\Retarget.o
                0x00000360                _read
 *fill*         0x0000041c        0x4 
 .text.main     0x00000420      0x1fc .\CortexM3\ARM_GCC_541\Debug\main.o
                0x00000420                main
 .text.normalize
                0x0000061c       0x58 .\CortexM3\ARM_GCC_541\Debug\drive.o
                0x0000061c                normalize
 .text.scalePairTo
                0x00000674       0x44 .\CortexM3\ARM_GCC_541\Debug\drive.o
                0x00000674                scalePairTo
 .text.driveStart
                0x000006b8       0x44 .\CortexM3\ARM_GCC_541\Debug\drive.o
                0x000006b8                driveStart
 .text.driveFetchData
                0x000006fc      0x1d4 .\CortexM3\ARM_GCC_541\Debug\drive.o
                0x000006fc                driveFetchData
 .text.driveResetIntegral
                0x000008d0       0x20 .\CortexM3\ARM_GCC_541\Debug\drive.o
                0x000008d0                driveResetIntegral
 .text.driveUpdateSpeed
                0x000008f0      0x344 .\CortexM3\ARM_GCC_541\Debug\drive.o
                0x000008f0                driveUpdateSpeed
 .text.cmotor_start
                0x00000c34        0x8 .\CortexM3\ARM_GCC_541\Debug\custom_motor.o
                0x00000c34                cmotor_start
 .text.getInRange
                0x00000c3c       0x10 .\CortexM3\ARM_GCC_541\Debug\custom_motor.o
                0x00000c3c                getInRange
 .text.cmotor_speed
                0x00000c4c       0xe8 .\CortexM3\ARM_GCC_541\Debug\custom_motor.o
                0x00000c4c                cmotor_speed
 .text.CyClockStartupError
                0x00000d34        0x4 .\CortexM3\ARM_GCC_541\Debug\cyfitter_cfg.o
 .text.cfg_write_bytes32
                0x00000d38       0x34 .\CortexM3\ARM_GCC_541\Debug\cyfitter_cfg.o
 .text.CYMEMZERO
                0x00000d6c        0xc .\CortexM3\ARM_GCC_541\Debug\cyfitter_cfg.o
 .text.AnalogSetDefault
                0x00000d78       0x80 .\CortexM3\ARM_GCC_541\Debug\cyfitter_cfg.o
 .text.CYCONFIGCPY
                0x00000df8        0x8 .\CortexM3\ARM_GCC_541\Debug\cyfitter_cfg.o
 .text.ClockSetup
                0x00000e00      0x160 .\CortexM3\ARM_GCC_541\Debug\cyfitter_cfg.o
 .text.cyfitter_cfg
                0x00000f60      0x144 .\CortexM3\ARM_GCC_541\Debug\cyfitter_cfg.o
                0x00000f60                cyfitter_cfg
 .text.IntDefaultHandler
                0x000010a4       0x10 .\CortexM3\ARM_GCC_541\Debug\Cm3Start.o
                0x000010a4                IntDefaultHandler
 .text._sbrk    0x000010b4       0x30 .\CortexM3\ARM_GCC_541\Debug\Cm3Start.o
                0x000010b4                _sbrk
 .text.Start_c  0x000010e4       0x4c .\CortexM3\ARM_GCC_541\Debug\Cm3Start.o
                0x000010e4                Start_c
 .text.initialize_psoc
                0x00001130       0x68 .\CortexM3\ARM_GCC_541\Debug\Cm3Start.o
                0x00001130                initialize_psoc
 .text.PWM_Enable
                0x00001198       0x10 .\CortexM3\ARM_GCC_541\Debug\ZumoBot.a(PWM.o)
                0x00001198                PWM_Enable
 .text.PWM_WriteCounter
                0x000011a8        0xc .\CortexM3\ARM_GCC_541\Debug\ZumoBot.a(PWM.o)
                0x000011a8                PWM_WriteCounter
 .text.PWM_WritePeriod
                0x000011b4        0xc .\CortexM3\ARM_GCC_541\Debug\ZumoBot.a(PWM.o)
                0x000011b4                PWM_WritePeriod
 .text.PWM_WriteCompare1
                0x000011c0        0xc .\CortexM3\ARM_GCC_541\Debug\ZumoBot.a(PWM.o)
                0x000011c0                PWM_WriteCompare1
 .text.PWM_WriteCompare2
                0x000011cc        0xc .\CortexM3\ARM_GCC_541\Debug\ZumoBot.a(PWM.o)
                0x000011cc                PWM_WriteCompare2
 .text.PWM_SetInterruptMode
                0x000011d8        0xc .\CortexM3\ARM_GCC_541\Debug\ZumoBot.a(PWM.o)
                0x000011d8                PWM_SetInterruptMode
 .text.PWM_ReadStatusRegister
                0x000011e4        0xc .\CortexM3\ARM_GCC_541\Debug\ZumoBot.a(PWM.o)
                0x000011e4                PWM_ReadStatusRegister
 .text.PWM_ReadCapture
                0x000011f0        0xc .\CortexM3\ARM_GCC_541\Debug\ZumoBot.a(PWM.o)
                0x000011f0                PWM_ReadCapture
 .text.PWM_ClearFIFO
                0x000011fc       0x14 .\CortexM3\ARM_GCC_541\Debug\ZumoBot.a(PWM.o)
                0x000011fc                PWM_ClearFIFO
 .text.PWM_Init
                0x00001210       0x58 .\CortexM3\ARM_GCC_541\Debug\ZumoBot.a(PWM.o)
                0x00001210                PWM_Init
 .text.PWM_Start
                0x00001268       0x1c .\CortexM3\ARM_GCC_541\Debug\ZumoBot.a(PWM.o)
                0x00001268                PWM_Start
 .text.UART_1_Init
                0x00001284       0x28 .\CortexM3\ARM_GCC_541\Debug\ZumoBot.a(UART_1.o)
                0x00001284                UART_1_Init
 .text.UART_1_Enable
                0x000012ac       0x38 .\CortexM3\ARM_GCC_541\Debug\ZumoBot.a(UART_1.o)
                0x000012ac                UART_1_Enable
 .text.UART_1_Start
                0x000012e4       0x1c .\CortexM3\ARM_GCC_541\Debug\ZumoBot.a(UART_1.o)
                0x000012e4                UART_1_Start
 .text.UART_1_GetChar
                0x00001300       0x2c .\CortexM3\ARM_GCC_541\Debug\ZumoBot.a(UART_1.o)
                0x00001300                UART_1_GetChar
 .text.UART_1_PutChar
                0x0000132c       0x18 .\CortexM3\ARM_GCC_541\Debug\ZumoBot.a(UART_1.o)
                0x0000132c                UART_1_PutChar
 .text.MotorDirLeft_Write
                0x00001344       0x18 .\CortexM3\ARM_GCC_541\Debug\ZumoBot.a(MotorDirLeft.o)
                0x00001344                MotorDirLeft_Write
 .text.MotorDirRight_Write
                0x0000135c       0x18 .\CortexM3\ARM_GCC_541\Debug\ZumoBot.a(MotorDirRight.o)
                0x0000135c                MotorDirRight_Write
 .text.L3_Write
                0x00001374       0x18 .\CortexM3\ARM_GCC_541\Debug\ZumoBot.a(L3.o)
                0x00001374                L3_Write
 .text.L3_SetDriveMode
                0x0000138c       0x18 .\CortexM3\ARM_GCC_541\Debug\ZumoBot.a(L3.o)
                0x0000138c                L3_SetDriveMode
 .text.Timer_L3_Enable
                0x000013a4       0x28 .\CortexM3\ARM_GCC_541\Debug\ZumoBot.a(Timer_L3.o)
                0x000013a4                Timer_L3_Enable
 .text.Timer_L3_SetInterruptMode
                0x000013cc        0xc .\CortexM3\ARM_GCC_541\Debug\ZumoBot.a(Timer_L3.o)
                0x000013cc                Timer_L3_SetInterruptMode
 .text.Timer_L3_ReadStatusRegister
                0x000013d8        0xc .\CortexM3\ARM_GCC_541\Debug\ZumoBot.a(Timer_L3.o)
                0x000013d8                Timer_L3_ReadStatusRegister
 .text.Timer_L3_ReadPeriod
                0x000013e4        0xc .\CortexM3\ARM_GCC_541\Debug\ZumoBot.a(Timer_L3.o)
                0x000013e4                Timer_L3_ReadPeriod
 .text.Timer_L3_WritePeriod
                0x000013f0        0xc .\CortexM3\ARM_GCC_541\Debug\ZumoBot.a(Timer_L3.o)
                0x000013f0                Timer_L3_WritePeriod
 .text.Timer_L3_ReadCapture
                0x000013fc        0xc .\CortexM3\ARM_GCC_541\Debug\ZumoBot.a(Timer_L3.o)
                0x000013fc                Timer_L3_ReadCapture
 .text.Timer_L3_WriteCounter
                0x00001408        0xc .\CortexM3\ARM_GCC_541\Debug\ZumoBot.a(Timer_L3.o)
                0x00001408                Timer_L3_WriteCounter
 .text.Timer_L3_Init
                0x00001414       0x68 .\CortexM3\ARM_GCC_541\Debug\ZumoBot.a(Timer_L3.o)
                0x00001414                Timer_L3_Init
 .text.Timer_L3_Start
                0x0000147c       0x1c .\CortexM3\ARM_GCC_541\Debug\ZumoBot.a(Timer_L3.o)
                0x0000147c                Timer_L3_Start
 .text.Timer_L3_ReadCounter
                0x00001498       0x14 .\CortexM3\ARM_GCC_541\Debug\ZumoBot.a(Timer_L3.o)
                0x00001498                Timer_L3_ReadCounter
 .text.Timer_R3_Enable
                0x000014ac       0x28 .\CortexM3\ARM_GCC_541\Debug\ZumoBot.a(Timer_R3.o)
                0x000014ac                Timer_R3_Enable
 .text.Timer_R3_SetInterruptMode
                0x000014d4        0xc .\CortexM3\ARM_GCC_541\Debug\ZumoBot.a(Timer_R3.o)
                0x000014d4                Timer_R3_SetInterruptMode
 .text.Timer_R3_ReadStatusRegister
                0x000014e0        0xc .\CortexM3\ARM_GCC_541\Debug\ZumoBot.a(Timer_R3.o)
                0x000014e0                Timer_R3_ReadStatusRegister
 .text.Timer_R3_ReadPeriod
                0x000014ec        0xc .\CortexM3\ARM_GCC_541\Debug\ZumoBot.a(Timer_R3.o)
                0x000014ec                Timer_R3_ReadPeriod
 .text.Timer_R3_WritePeriod
                0x000014f8        0xc .\CortexM3\ARM_GCC_541\Debug\ZumoBot.a(Timer_R3.o)
                0x000014f8                Timer_R3_WritePeriod
 .text.Timer_R3_ReadCapture
                0x00001504        0xc .\CortexM3\ARM_GCC_541\Debug\ZumoBot.a(Timer_R3.o)
                0x00001504                Timer_R3_ReadCapture
 .text.Timer_R3_WriteCounter
                0x00001510        0xc .\CortexM3\ARM_GCC_541\Debug\ZumoBot.a(Timer_R3.o)
                0x00001510                Timer_R3_WriteCounter
 .text.Timer_R3_Init
                0x0000151c       0x68 .\CortexM3\ARM_GCC_541\Debug\ZumoBot.a(Timer_R3.o)
                0x0000151c                Timer_R3_Init
 .text.Timer_R3_Start
                0x00001584       0x1c .\CortexM3\ARM_GCC_541\Debug\ZumoBot.a(Timer_R3.o)
                0x00001584                Timer_R3_Start
 .text.Timer_R3_ReadCounter
                0x000015a0       0x14 .\CortexM3\ARM_GCC_541\Debug\ZumoBot.a(Timer_R3.o)
                0x000015a0                Timer_R3_ReadCounter
 .text.IR_led_Write
                0x000015b4       0x18 .\CortexM3\ARM_GCC_541\Debug\ZumoBot.a(IR_led.o)
                0x000015b4                IR_led_Write
 .text.Timer_R1_Enable
                0x000015cc       0x28 .\CortexM3\ARM_GCC_541\Debug\ZumoBot.a(Timer_R1.o)
                0x000015cc                Timer_R1_Enable
 .text.Timer_R1_SetInterruptMode
                0x000015f4        0xc .\CortexM3\ARM_GCC_541\Debug\ZumoBot.a(Timer_R1.o)
                0x000015f4                Timer_R1_SetInterruptMode
 .text.Timer_R1_ReadStatusRegister
                0x00001600        0xc .\CortexM3\ARM_GCC_541\Debug\ZumoBot.a(Timer_R1.o)
                0x00001600                Timer_R1_ReadStatusRegister
 .text.Timer_R1_ReadPeriod
                0x0000160c        0xc .\CortexM3\ARM_GCC_541\Debug\ZumoBot.a(Timer_R1.o)
                0x0000160c                Timer_R1_ReadPeriod
 .text.Timer_R1_WritePeriod
                0x00001618        0xc .\CortexM3\ARM_GCC_541\Debug\ZumoBot.a(Timer_R1.o)
                0x00001618                Timer_R1_WritePeriod
 .text.Timer_R1_ReadCapture
                0x00001624        0xc .\CortexM3\ARM_GCC_541\Debug\ZumoBot.a(Timer_R1.o)
                0x00001624                Timer_R1_ReadCapture
 .text.Timer_R1_WriteCounter
                0x00001630        0xc .\CortexM3\ARM_GCC_541\Debug\ZumoBot.a(Timer_R1.o)
                0x00001630                Timer_R1_WriteCounter
 .text.Timer_R1_Init
                0x0000163c       0x68 .\CortexM3\ARM_GCC_541\Debug\ZumoBot.a(Timer_R1.o)
                0x0000163c                Timer_R1_Init
 .text.Timer_R1_Start
                0x000016a4       0x1c .\CortexM3\ARM_GCC_541\Debug\ZumoBot.a(Timer_R1.o)
                0x000016a4                Timer_R1_Start
 .text.Timer_R1_ReadCounter
                0x000016c0       0x14 .\CortexM3\ARM_GCC_541\Debug\ZumoBot.a(Timer_R1.o)
                0x000016c0                Timer_R1_ReadCounter
 .text.R1_Write
                0x000016d4       0x18 .\CortexM3\ARM_GCC_541\Debug\ZumoBot.a(R1.o)
                0x000016d4                R1_Write
 .text.R1_SetDriveMode
                0x000016ec       0x18 .\CortexM3\ARM_GCC_541\Debug\ZumoBot.a(R1.o)
                0x000016ec                R1_SetDriveMode
 .text.R3_Write
                0x00001704       0x18 .\CortexM3\ARM_GCC_541\Debug\ZumoBot.a(R3.o)
                0x00001704                R3_Write
 .text.R3_SetDriveMode
                0x0000171c       0x18 .\CortexM3\ARM_GCC_541\Debug\ZumoBot.a(R3.o)
                0x0000171c                R3_SetDriveMode
 .text.Timer_L1_Enable
                0x00001734       0x28 .\CortexM3\ARM_GCC_541\Debug\ZumoBot.a(Timer_L1.o)
                0x00001734                Timer_L1_Enable
 .text.Timer_L1_SetInterruptMode
                0x0000175c        0xc .\CortexM3\ARM_GCC_541\Debug\ZumoBot.a(Timer_L1.o)
                0x0000175c                Timer_L1_SetInterruptMode
 .text.Timer_L1_ReadStatusRegister
                0x00001768        0xc .\CortexM3\ARM_GCC_541\Debug\ZumoBot.a(Timer_L1.o)
                0x00001768                Timer_L1_ReadStatusRegister
 .text.Timer_L1_ReadPeriod
                0x00001774        0xc .\CortexM3\ARM_GCC_541\Debug\ZumoBot.a(Timer_L1.o)
                0x00001774                Timer_L1_ReadPeriod
 .text.Timer_L1_WritePeriod
                0x00001780        0xc .\CortexM3\ARM_GCC_541\Debug\ZumoBot.a(Timer_L1.o)
                0x00001780                Timer_L1_WritePeriod
 .text.Timer_L1_ReadCapture
                0x0000178c        0xc .\CortexM3\ARM_GCC_541\Debug\ZumoBot.a(Timer_L1.o)
                0x0000178c                Timer_L1_ReadCapture
 .text.Timer_L1_WriteCounter
                0x00001798        0xc .\CortexM3\ARM_GCC_541\Debug\ZumoBot.a(Timer_L1.o)
                0x00001798                Timer_L1_WriteCounter
 .text.Timer_L1_Init
                0x000017a4       0x68 .\CortexM3\ARM_GCC_541\Debug\ZumoBot.a(Timer_L1.o)
                0x000017a4                Timer_L1_Init
 .text.Timer_L1_Start
                0x0000180c       0x1c .\CortexM3\ARM_GCC_541\Debug\ZumoBot.a(Timer_L1.o)
                0x0000180c                Timer_L1_Start
 .text.Timer_L1_ReadCounter
                0x00001828       0x14 .\CortexM3\ARM_GCC_541\Debug\ZumoBot.a(Timer_L1.o)
                0x00001828                Timer_L1_ReadCounter
 .text.L1_Write
                0x0000183c       0x18 .\CortexM3\ARM_GCC_541\Debug\ZumoBot.a(L1.o)
                0x0000183c                L1_Write
 .text.L1_SetDriveMode
                0x00001854       0x18 .\CortexM3\ARM_GCC_541\Debug\ZumoBot.a(L1.o)
                0x00001854                L1_SetDriveMode
 .text.ADC_Battery_CalcGain
                0x0000186c       0x64 .\CortexM3\ARM_GCC_541\Debug\ZumoBot.a(ADC_Battery.o)
 .text.ADC_Battery_Enable
                0x000018d0       0x94 .\CortexM3\ARM_GCC_541\Debug\ZumoBot.a(ADC_Battery.o)
                0x000018d0                ADC_Battery_Enable
 .text.ADC_Battery_SetResolution
                0x00001964       0x38 .\CortexM3\ARM_GCC_541\Debug\ZumoBot.a(ADC_Battery.o)
                0x00001964                ADC_Battery_SetResolution
 .text.ADC_Battery_Init
                0x0000199c       0x3c .\CortexM3\ARM_GCC_541\Debug\ZumoBot.a(ADC_Battery.o)
                0x0000199c                ADC_Battery_Init
 .text.ADC_Battery_Start
                0x000019d8       0x1c .\CortexM3\ARM_GCC_541\Debug\ZumoBot.a(ADC_Battery.o)
                0x000019d8                ADC_Battery_Start
 .text.ADC_Battery_StartConvert
                0x000019f4       0x10 .\CortexM3\ARM_GCC_541\Debug\ZumoBot.a(ADC_Battery.o)
                0x000019f4                ADC_Battery_StartConvert
 .text.ADC_Battery_IsEndConversion
                0x00001a04       0x24 .\CortexM3\ARM_GCC_541\Debug\ZumoBot.a(ADC_Battery.o)
                0x00001a04                ADC_Battery_IsEndConversion
 .text.ADC_Battery_GetResult16
                0x00001a28       0x18 .\CortexM3\ARM_GCC_541\Debug\ZumoBot.a(ADC_Battery.o)
                0x00001a28                ADC_Battery_GetResult16
 .text.ADC_Battery_ISR
                0x00001a40        0x4 .\CortexM3\ARM_GCC_541\Debug\ZumoBot.a(ADC_Battery_INT.o)
                0x00001a40                ADC_Battery_ISR
 .text.BatteryLed_Write
                0x00001a44       0x18 .\CortexM3\ARM_GCC_541\Debug\ZumoBot.a(BatteryLed.o)
                0x00001a44                BatteryLed_Write
 .text.Trig_Write
                0x00001a5c       0x18 .\CortexM3\ARM_GCC_541\Debug\ZumoBot.a(Trig.o)
                0x00001a5c                Trig_Write
 .text.Echo_Read
                0x00001a74       0x10 .\CortexM3\ARM_GCC_541\Debug\ZumoBot.a(Echo.o)
                0x00001a74                Echo_Read
 .text.Timer_R2_Enable
                0x00001a84       0x10 .\CortexM3\ARM_GCC_541\Debug\ZumoBot.a(Timer_R2.o)
                0x00001a84                Timer_R2_Enable
 .text.Timer_R2_SetInterruptMode
                0x00001a94        0xc .\CortexM3\ARM_GCC_541\Debug\ZumoBot.a(Timer_R2.o)
                0x00001a94                Timer_R2_SetInterruptMode
 .text.Timer_R2_ReadStatusRegister
                0x00001aa0        0xc .\CortexM3\ARM_GCC_541\Debug\ZumoBot.a(Timer_R2.o)
                0x00001aa0                Timer_R2_ReadStatusRegister
 .text.Timer_R2_ReadPeriod
                0x00001aac        0xc .\CortexM3\ARM_GCC_541\Debug\ZumoBot.a(Timer_R2.o)
                0x00001aac                Timer_R2_ReadPeriod
 .text.Timer_R2_WritePeriod
                0x00001ab8        0xc .\CortexM3\ARM_GCC_541\Debug\ZumoBot.a(Timer_R2.o)
                0x00001ab8                Timer_R2_WritePeriod
 .text.Timer_R2_ReadCapture
                0x00001ac4        0xc .\CortexM3\ARM_GCC_541\Debug\ZumoBot.a(Timer_R2.o)
                0x00001ac4                Timer_R2_ReadCapture
 .text.Timer_R2_WriteCounter
                0x00001ad0        0xc .\CortexM3\ARM_GCC_541\Debug\ZumoBot.a(Timer_R2.o)
                0x00001ad0                Timer_R2_WriteCounter
 .text.Timer_R2_ReadCounter
                0x00001adc       0x14 .\CortexM3\ARM_GCC_541\Debug\ZumoBot.a(Timer_R2.o)
                0x00001adc                Timer_R2_ReadCounter
 .text.Timer_R2_ClearFIFO
                0x00001af0       0x14 .\CortexM3\ARM_GCC_541\Debug\ZumoBot.a(Timer_R2.o)
                0x00001af0                Timer_R2_ClearFIFO
 .text.Timer_R2_Init
                0x00001b04       0x34 .\CortexM3\ARM_GCC_541\Debug\ZumoBot.a(Timer_R2.o)
                0x00001b04                Timer_R2_Init
 .text.Timer_R2_Start
                0x00001b38       0x1c .\CortexM3\ARM_GCC_541\Debug\ZumoBot.a(Timer_R2.o)
                0x00001b38                Timer_R2_Start
 .text.Timer_L2_Enable
                0x00001b54       0x10 .\CortexM3\ARM_GCC_541\Debug\ZumoBot.a(Timer_L2.o)
                0x00001b54                Timer_L2_Enable
 .text.Timer_L2_SetInterruptMode
                0x00001b64        0xc .\CortexM3\ARM_GCC_541\Debug\ZumoBot.a(Timer_L2.o)
                0x00001b64                Timer_L2_SetInterruptMode
 .text.Timer_L2_ReadStatusRegister
                0x00001b70        0xc .\CortexM3\ARM_GCC_541\Debug\ZumoBot.a(Timer_L2.o)
                0x00001b70                Timer_L2_ReadStatusRegister
 .text.Timer_L2_ReadPeriod
                0x00001b7c        0xc .\CortexM3\ARM_GCC_541\Debug\ZumoBot.a(Timer_L2.o)
                0x00001b7c                Timer_L2_ReadPeriod
 .text.Timer_L2_WritePeriod
                0x00001b88        0xc .\CortexM3\ARM_GCC_541\Debug\ZumoBot.a(Timer_L2.o)
                0x00001b88                Timer_L2_WritePeriod
 .text.Timer_L2_ReadCapture
                0x00001b94        0xc .\CortexM3\ARM_GCC_541\Debug\ZumoBot.a(Timer_L2.o)
                0x00001b94                Timer_L2_ReadCapture
 .text.Timer_L2_WriteCounter
                0x00001ba0        0xc .\CortexM3\ARM_GCC_541\Debug\ZumoBot.a(Timer_L2.o)
                0x00001ba0                Timer_L2_WriteCounter
 .text.Timer_L2_ReadCounter
                0x00001bac       0x14 .\CortexM3\ARM_GCC_541\Debug\ZumoBot.a(Timer_L2.o)
                0x00001bac                Timer_L2_ReadCounter
 .text.Timer_L2_ClearFIFO
                0x00001bc0       0x14 .\CortexM3\ARM_GCC_541\Debug\ZumoBot.a(Timer_L2.o)
                0x00001bc0                Timer_L2_ClearFIFO
 .text.Timer_L2_Init
                0x00001bd4       0x34 .\CortexM3\ARM_GCC_541\Debug\ZumoBot.a(Timer_L2.o)
                0x00001bd4                Timer_L2_Init
 .text.Timer_L2_Start
                0x00001c08       0x1c .\CortexM3\ARM_GCC_541\Debug\ZumoBot.a(Timer_L2.o)
                0x00001c08                Timer_L2_Start
 .text.L2_Write
                0x00001c24       0x18 .\CortexM3\ARM_GCC_541\Debug\ZumoBot.a(L2.o)
                0x00001c24                L2_Write
 .text.L2_SetDriveMode
                0x00001c3c       0x18 .\CortexM3\ARM_GCC_541\Debug\ZumoBot.a(L2.o)
                0x00001c3c                L2_SetDriveMode
 .text.R2_Write
                0x00001c54       0x18 .\CortexM3\ARM_GCC_541\Debug\ZumoBot.a(R2.o)
                0x00001c54                R2_Write
 .text.R2_SetDriveMode
                0x00001c6c       0x18 .\CortexM3\ARM_GCC_541\Debug\ZumoBot.a(R2.o)
                0x00001c6c                R2_SetDriveMode
 .text.ShieldLed_Write
                0x00001c84       0x18 .\CortexM3\ARM_GCC_541\Debug\ZumoBot.a(ShieldLed.o)
                0x00001c84                ShieldLed_Write
 .text.Control_Reg_1_Write
                0x00001c9c        0xc .\CortexM3\ARM_GCC_541\Debug\ZumoBot.a(Control_Reg_1.o)
                0x00001c9c                Control_Reg_1_Write
 .text.UART_1_IntClock_Start
                0x00001ca8       0x1c .\CortexM3\ARM_GCC_541\Debug\ZumoBot.a(UART_1_IntClock.o)
                0x00001ca8                UART_1_IntClock_Start
 .text.ADC_Battery_theACLK_SetModeRegister
                0x00001cc4       0x14 .\CortexM3\ARM_GCC_541\Debug\ZumoBot.a(ADC_Battery_theACLK.o)
                0x00001cc4                ADC_Battery_theACLK_SetModeRegister
 .text.CyHalt   0x00001cd8        0x4 .\CortexM3\ARM_GCC_541\Debug\ZumoBot.a(CyLib.o)
                0x00001cd8                CyHalt
 .text.CyDelay  0x00001cdc       0x2c .\CortexM3\ARM_GCC_541\Debug\ZumoBot.a(CyLib.o)
                0x00001cdc                CyDelay
 .text.CyDelayUs
                0x00001d08       0x14 .\CortexM3\ARM_GCC_541\Debug\ZumoBot.a(CyLib.o)
                0x00001d08                CyDelayUs
 .text.CyIntSetSysVector
                0x00001d1c       0x28 .\CortexM3\ARM_GCC_541\Debug\ZumoBot.a(CyLib.o)
                0x00001d1c                CyIntSetSysVector
 .text.CyIntSetVector
                0x00001d44       0x28 .\CortexM3\ARM_GCC_541\Debug\ZumoBot.a(CyLib.o)
                0x00001d44                CyIntSetVector
 .text.CyIntSetPriority
                0x00001d6c       0x30 .\CortexM3\ARM_GCC_541\Debug\ZumoBot.a(CyLib.o)
                0x00001d6c                CyIntSetPriority
 *fill*         0x00001d9c        0x4 
 .text          0x00001da0       0x20 .\CortexM3\ARM_GCC_541\Debug\ZumoBot.a(CyBootAsmGnu.o)
                0x00001da0                CyDelayCycles
                0x00001db0                CyEnterCriticalSection
                0x00001db8                CyExitCriticalSection
 .text          0x00001dc0      0x370 c:/program files (x86)/cypress/psoc creator/4.2/psoc creator/import/gnu/arm/5.4.1/bin/../lib/gcc/arm-none-eabi/5.4.1/armv7-m\libgcc.a(_arm_addsubdf3.o)
                0x00001dc0                __aeabi_drsub
                0x00001dc8                __aeabi_dsub
                0x00001dc8                __subdf3
                0x00001dcc                __aeabi_dadd
                0x00001dcc                __adddf3
                0x00002044                __floatunsidf
                0x00002044                __aeabi_ui2d
                0x00002064                __floatsidf
                0x00002064                __aeabi_i2d
                0x00002088                __aeabi_f2d
                0x00002088                __extendsfdf2
                0x000020c4                __floatundidf
                0x000020c4                __aeabi_ul2d
                0x000020d4                __floatdidf
                0x000020d4                __aeabi_l2d
 .text          0x00002130      0x424 c:/program files (x86)/cypress/psoc creator/4.2/psoc creator/import/gnu/arm/5.4.1/bin/../lib/gcc/arm-none-eabi/5.4.1/armv7-m\libgcc.a(_arm_muldivdf3.o)
                0x00002130                __aeabi_dmul
                0x00002130                __muldf3
                0x00002384                __divdf3
                0x00002384                __aeabi_ddiv
 .text          0x00002554      0x110 c:/program files (x86)/cypress/psoc creator/4.2/psoc creator/import/gnu/arm/5.4.1/bin/../lib/gcc/arm-none-eabi/5.4.1/armv7-m\libgcc.a(_arm_cmpdf2.o)
                0x00002554                __gtdf2
                0x00002554                __gedf2
                0x0000255c                __ltdf2
                0x0000255c                __ledf2
                0x00002564                __nedf2
                0x00002564                __eqdf2
                0x00002564                __cmpdf2
                0x000025e0                __aeabi_cdrcmple
                0x000025f0                __aeabi_cdcmpeq
                0x000025f0                __aeabi_cdcmple
                0x00002600                __aeabi_dcmpeq
                0x00002614                __aeabi_dcmplt
                0x00002628                __aeabi_dcmple
                0x0000263c                __aeabi_dcmpge
                0x00002650                __aeabi_dcmpgt
 .text          0x00002664       0x2c c:/program files (x86)/cypress/psoc creator/4.2/psoc creator/import/gnu/arm/5.4.1/bin/../lib/gcc/arm-none-eabi/5.4.1/armv7-m\libgcc.a(_arm_unorddf2.o)
                0x00002664                __unorddf2
                0x00002664                __aeabi_dcmpun
 .text          0x00002690       0x50 c:/program files (x86)/cypress/psoc creator/4.2/psoc creator/import/gnu/arm/5.4.1/bin/../lib/gcc/arm-none-eabi/5.4.1/armv7-m\libgcc.a(_arm_fixdfsi.o)
                0x00002690                __aeabi_d2iz
                0x00002690                __fixdfsi
 .text          0x000026e0      0x21c c:/program files (x86)/cypress/psoc creator/4.2/psoc creator/import/gnu/arm/5.4.1/bin/../lib/gcc/arm-none-eabi/5.4.1/armv7-m\libgcc.a(_arm_addsubsf3.o)
                0x000026e0                __aeabi_frsub
                0x000026e8                __subsf3
                0x000026e8                __aeabi_fsub
                0x000026ec                __aeabi_fadd
                0x000026ec                __addsf3
                0x0000284c                __aeabi_ui2f
                0x0000284c                __floatunsisf
                0x00002854                __aeabi_i2f
                0x00002854                __floatsisf
                0x00002870                __aeabi_ul2f
                0x00002870                __floatundisf
                0x00002880                __aeabi_l2f
                0x00002880                __floatdisf
 .text          0x000028fc      0x2a0 c:/program files (x86)/cypress/psoc creator/4.2/psoc creator/import/gnu/arm/5.4.1/bin/../lib/gcc/arm-none-eabi/5.4.1/armv7-m\libgcc.a(_arm_muldivsf3.o)
                0x000028fc                __mulsf3
                0x000028fc                __aeabi_fmul
                0x00002a64                __aeabi_fdiv
                0x00002a64                __divsf3
 .text          0x00002b9c       0xec c:/program files (x86)/cypress/psoc creator/4.2/psoc creator/import/gnu/arm/5.4.1/bin/../lib/gcc/arm-none-eabi/5.4.1/armv7-m\libgcc.a(_arm_cmpsf2.o)
                0x00002b9c                __gesf2
                0x00002b9c                __gtsf2
                0x00002ba4                __lesf2
                0x00002ba4                __ltsf2
                0x00002bac                __nesf2
                0x00002bac                __eqsf2
                0x00002bac                __cmpsf2
                0x00002c0c                __aeabi_cfrcmple
                0x00002c14                __aeabi_cfcmpeq
                0x00002c14                __aeabi_cfcmple
                0x00002c24                __aeabi_fcmpeq
                0x00002c38                __aeabi_fcmplt
                0x00002c4c                __aeabi_fcmple
                0x00002c60                __aeabi_fcmpge
                0x00002c74                __aeabi_fcmpgt
 .text          0x00002c88       0x4c c:/program files (x86)/cypress/psoc creator/4.2/psoc creator/import/gnu/arm/5.4.1/bin/../lib/gcc/arm-none-eabi/5.4.1/armv7-m\libgcc.a(_arm_fixsfsi.o)
                0x00002c88                __aeabi_f2iz
                0x00002c88                __fixsfsi
 .text          0x00002cd4       0x40 c:/program files (x86)/cypress/psoc creator/4.2/psoc creator/import/gnu/arm/5.4.1/bin/../lib/gcc/arm-none-eabi/5.4.1/armv7-m\libgcc.a(_arm_fixunssfsi.o)
                0x00002cd4                __fixunssfsi
                0x00002cd4                __aeabi_f2uiz
 .text          0x00002d14      0x2ec c:/program files (x86)/cypress/psoc creator/4.2/psoc creator/import/gnu/arm/5.4.1/bin/../lib/gcc/arm-none-eabi/5.4.1/armv7-m\libgcc.a(_udivmoddi4.o)
                0x00002d14                __udivmoddi4
 .text          0x00003000        0x4 c:/program files (x86)/cypress/psoc creator/4.2/psoc creator/import/gnu/arm/5.4.1/bin/../lib/gcc/arm-none-eabi/5.4.1/armv7-m\libgcc.a(_dvmd_tls.o)
                0x00003000                __aeabi_idiv0
                0x00003000                __aeabi_ldiv0
 .text.__errno  0x00003004        0xc c:/program files (x86)/cypress/psoc creator/4.2/psoc creator/import/gnu/arm/5.4.1/bin/../lib/gcc/arm-none-eabi/5.4.1/../../../../arm-none-eabi/lib/armv7-m\libg.a(lib_a-errno.o)
                0x00003004                __errno
 .text.__libc_init_array
                0x00003010       0x50 c:/program files (x86)/cypress/psoc creator/4.2/psoc creator/import/gnu/arm/5.4.1/bin/../lib/gcc/arm-none-eabi/5.4.1/../../../../arm-none-eabi/lib/armv7-m\libg.a(lib_a-init.o)
                0x00003010                __libc_init_array
 .text          0x00003060       0xec c:/program files (x86)/cypress/psoc creator/4.2/psoc creator/import/gnu/arm/5.4.1/bin/../lib/gcc/arm-none-eabi/5.4.1/../../../../arm-none-eabi/lib/armv7-m\libg.a(lib_a-memcpy.o)
                0x00003060                memcpy
 .text.memset   0x0000314c       0x9c c:/program files (x86)/cypress/psoc creator/4.2/psoc creator/import/gnu/arm/5.4.1/bin/../lib/gcc/arm-none-eabi/5.4.1/../../../../arm-none-eabi/lib/armv7-m\libg.a(lib_a-memset.o)
                0x0000314c                memset
 .text.printf   0x000031e8       0x28 c:/program files (x86)/cypress/psoc creator/4.2/psoc creator/import/gnu/arm/5.4.1/bin/../lib/gcc/arm-none-eabi/5.4.1/../../../../arm-none-eabi/lib/armv7-m\libg.a(lib_a-printf.o)
                0x000031e8                printf
 .text._puts_r  0x00003210       0x68 c:/program files (x86)/cypress/psoc creator/4.2/psoc creator/import/gnu/arm/5.4.1/bin/../lib/gcc/arm-none-eabi/5.4.1/../../../../arm-none-eabi/lib/armv7-m\libg.a(lib_a-puts.o)
                0x00003210                _puts_r
 .text.puts     0x00003278       0x10 c:/program files (x86)/cypress/psoc creator/4.2/psoc creator/import/gnu/arm/5.4.1/bin/../lib/gcc/arm-none-eabi/5.4.1/../../../../arm-none-eabi/lib/armv7-m\libg.a(lib_a-puts.o)
                0x00003278                puts
 .text.strlen   0x00003288       0x5c c:/program files (x86)/cypress/psoc creator/4.2/psoc creator/import/gnu/arm/5.4.1/bin/../lib/gcc/arm-none-eabi/5.4.1/../../../../arm-none-eabi/lib/armv7-m\libg.a(lib_a-strlen-stub.o)
                0x00003288                strlen
 .text._vfprintf_r
                0x000032e4     0x1788 c:/program files (x86)/cypress/psoc creator/4.2/psoc creator/import/gnu/arm/5.4.1/bin/../lib/gcc/arm-none-eabi/5.4.1/../../../../arm-none-eabi/lib/armv7-m\libg.a(lib_a-vfprintf.o)
                0x000032e4                _vfprintf_r
 .text.__sbprintf
                0x00004a6c       0x6c c:/program files (x86)/cypress/psoc creator/4.2/psoc creator/import/gnu/arm/5.4.1/bin/../lib/gcc/arm-none-eabi/5.4.1/../../../../arm-none-eabi/lib/armv7-m\libg.a(lib_a-vfprintf.o)
 .text.__swsetup_r
                0x00004ad8       0xc8 c:/program files (x86)/cypress/psoc creator/4.2/psoc creator/import/gnu/arm/5.4.1/bin/../lib/gcc/arm-none-eabi/5.4.1/../../../../arm-none-eabi/lib/armv7-m\libg.a(lib_a-wsetup.o)
                0x00004ad8                __swsetup_r
 .text.startup.register_fini
                0x00004ba0       0x14 c:/program files (x86)/cypress/psoc creator/4.2/psoc creator/import/gnu/arm/5.4.1/bin/../lib/gcc/arm-none-eabi/5.4.1/../../../../arm-none-eabi/lib/armv7-m\libg.a(lib_a-__call_atexit.o)
 .text.atexit   0x00004bb4        0xc c:/program files (x86)/cypress/psoc creator/4.2/psoc creator/import/gnu/arm/5.4.1/bin/../lib/gcc/arm-none-eabi/5.4.1/../../../../arm-none-eabi/lib/armv7-m\libg.a(lib_a-atexit.o)
                0x00004bb4                atexit
 .text.quorem   0x00004bc0      0x12c c:/program files (x86)/cypress/psoc creator/4.2/psoc creator/import/gnu/arm/5.4.1/bin/../lib/gcc/arm-none-eabi/5.4.1/../../../../arm-none-eabi/lib/armv7-m\libg.a(lib_a-dtoa.o)
 *fill*         0x00004cec        0x4 
 .text._dtoa_r  0x00004cf0      0xe4c c:/program files (x86)/cypress/psoc creator/4.2/psoc creator/import/gnu/arm/5.4.1/bin/../lib/gcc/arm-none-eabi/5.4.1/../../../../arm-none-eabi/lib/armv7-m\libg.a(lib_a-dtoa.o)
                0x00004cf0                _dtoa_r
 .text.__sflush_r
                0x00005b3c      0x148 c:/program files (x86)/cypress/psoc creator/4.2/psoc creator/import/gnu/arm/5.4.1/bin/../lib/gcc/arm-none-eabi/5.4.1/../../../../arm-none-eabi/lib/armv7-m\libg.a(lib_a-fflush.o)
                0x00005b3c                __sflush_r
 .text._fflush_r
                0x00005c84       0x2c c:/program files (x86)/cypress/psoc creator/4.2/psoc creator/import/gnu/arm/5.4.1/bin/../lib/gcc/arm-none-eabi/5.4.1/../../../../arm-none-eabi/lib/armv7-m\libg.a(lib_a-fflush.o)
                0x00005c84                _fflush_r
 .text._cleanup_r
                0x00005cb0        0xc c:/program files (x86)/cypress/psoc creator/4.2/psoc creator/import/gnu/arm/5.4.1/bin/../lib/gcc/arm-none-eabi/5.4.1/../../../../arm-none-eabi/lib/armv7-m\libg.a(lib_a-findfp.o)
                0x00005cb0                _cleanup_r
 .text.__sinit.part.1
                0x00005cbc       0xf0 c:/program files (x86)/cypress/psoc creator/4.2/psoc creator/import/gnu/arm/5.4.1/bin/../lib/gcc/arm-none-eabi/5.4.1/../../../../arm-none-eabi/lib/armv7-m\libg.a(lib_a-findfp.o)
 .text.__sinit  0x00005dac        0xc c:/program files (x86)/cypress/psoc creator/4.2/psoc creator/import/gnu/arm/5.4.1/bin/../lib/gcc/arm-none-eabi/5.4.1/../../../../arm-none-eabi/lib/armv7-m\libg.a(lib_a-findfp.o)
                0x00005dac                __sinit
 .text.__sfp_lock_acquire
                0x00005db8        0x4 c:/program files (x86)/cypress/psoc creator/4.2/psoc creator/import/gnu/arm/5.4.1/bin/../lib/gcc/arm-none-eabi/5.4.1/../../../../arm-none-eabi/lib/armv7-m\libg.a(lib_a-findfp.o)
                0x00005db8                __sfp_lock_acquire
 .text.__sfp_lock_release
                0x00005dbc        0x4 c:/program files (x86)/cypress/psoc creator/4.2/psoc creator/import/gnu/arm/5.4.1/bin/../lib/gcc/arm-none-eabi/5.4.1/../../../../arm-none-eabi/lib/armv7-m\libg.a(lib_a-findfp.o)
                0x00005dbc                __sfp_lock_release
 .text.__libc_fini_array
                0x00005dc0       0x28 c:/program files (x86)/cypress/psoc creator/4.2/psoc creator/import/gnu/arm/5.4.1/bin/../lib/gcc/arm-none-eabi/5.4.1/../../../../arm-none-eabi/lib/armv7-m\libg.a(lib_a-fini.o)
                0x00005dc0                __libc_fini_array
 .text._malloc_trim_r
                0x00005de8       0x9c c:/program files (x86)/cypress/psoc creator/4.2/psoc creator/import/gnu/arm/5.4.1/bin/../lib/gcc/arm-none-eabi/5.4.1/../../../../arm-none-eabi/lib/armv7-m\libg.a(lib_a-freer.o)
                0x00005de8                _malloc_trim_r
 .text._free_r  0x00005e84      0x1d0 c:/program files (x86)/cypress/psoc creator/4.2/psoc creator/import/gnu/arm/5.4.1/bin/../lib/gcc/arm-none-eabi/5.4.1/../../../../arm-none-eabi/lib/armv7-m\libg.a(lib_a-freer.o)
                0x00005e84                _free_r
 .text.__sfvwrite_r
                0x00006054      0x308 c:/program files (x86)/cypress/psoc creator/4.2/psoc creator/import/gnu/arm/5.4.1/bin/../lib/gcc/arm-none-eabi/5.4.1/../../../../arm-none-eabi/lib/armv7-m\libg.a(lib_a-fvwrite.o)
                0x00006054                __sfvwrite_r
 .text._fwalk_reent
                0x0000635c       0x50 c:/program files (x86)/cypress/psoc creator/4.2/psoc creator/import/gnu/arm/5.4.1/bin/../lib/gcc/arm-none-eabi/5.4.1/../../../../arm-none-eabi/lib/armv7-m\libg.a(lib_a-fwalk.o)
                0x0000635c                _fwalk_reent
 .text.__locale_charset
                0x000063ac        0x8 c:/program files (x86)/cypress/psoc creator/4.2/psoc creator/import/gnu/arm/5.4.1/bin/../lib/gcc/arm-none-eabi/5.4.1/../../../../arm-none-eabi/lib/armv7-m\libg.a(lib_a-locale.o)
                0x000063ac                __locale_charset
 .text.__locale_mb_cur_max
                0x000063b4        0xc c:/program files (x86)/cypress/psoc creator/4.2/psoc creator/import/gnu/arm/5.4.1/bin/../lib/gcc/arm-none-eabi/5.4.1/../../../../arm-none-eabi/lib/armv7-m\libg.a(lib_a-locale.o)
                0x000063b4                __locale_mb_cur_max
 .text._localeconv_r
                0x000063c0        0x8 c:/program files (x86)/cypress/psoc creator/4.2/psoc creator/import/gnu/arm/5.4.1/bin/../lib/gcc/arm-none-eabi/5.4.1/../../../../arm-none-eabi/lib/armv7-m\libg.a(lib_a-locale.o)
                0x000063c0                _localeconv_r
 .text.__swhatbuf_r
                0x000063c8       0x60 c:/program files (x86)/cypress/psoc creator/4.2/psoc creator/import/gnu/arm/5.4.1/bin/../lib/gcc/arm-none-eabi/5.4.1/../../../../arm-none-eabi/lib/armv7-m\libg.a(lib_a-makebuf.o)
                0x000063c8                __swhatbuf_r
 .text.__smakebuf_r
                0x00006428       0x88 c:/program files (x86)/cypress/psoc creator/4.2/psoc creator/import/gnu/arm/5.4.1/bin/../lib/gcc/arm-none-eabi/5.4.1/../../../../arm-none-eabi/lib/armv7-m\libg.a(lib_a-makebuf.o)
                0x00006428                __smakebuf_r
 .text._malloc_r
                0x000064b0      0x558 c:/program files (x86)/cypress/psoc creator/4.2/psoc creator/import/gnu/arm/5.4.1/bin/../lib/gcc/arm-none-eabi/5.4.1/../../../../arm-none-eabi/lib/armv7-m\libg.a(lib_a-mallocr.o)
                0x000064b0                _malloc_r
 .text.memchr   0x00006a08       0x8c c:/program files (x86)/cypress/psoc creator/4.2/psoc creator/import/gnu/arm/5.4.1/bin/../lib/gcc/arm-none-eabi/5.4.1/../../../../arm-none-eabi/lib/armv7-m\libg.a(lib_a-memchr-stub.o)
                0x00006a08                memchr
 .text.memmove  0x00006a94       0xc8 c:/program files (x86)/cypress/psoc creator/4.2/psoc creator/import/gnu/arm/5.4.1/bin/../lib/gcc/arm-none-eabi/5.4.1/../../../../arm-none-eabi/lib/armv7-m\libg.a(lib_a-memmove.o)
                0x00006a94                memmove
 .text.__malloc_lock
                0x00006b5c        0x4 c:/program files (x86)/cypress/psoc creator/4.2/psoc creator/import/gnu/arm/5.4.1/bin/../lib/gcc/arm-none-eabi/5.4.1/../../../../arm-none-eabi/lib/armv7-m\libg.a(lib_a-mlock.o)
                0x00006b5c                __malloc_lock
 .text.__malloc_unlock
                0x00006b60        0x4 c:/program files (x86)/cypress/psoc creator/4.2/psoc creator/import/gnu/arm/5.4.1/bin/../lib/gcc/arm-none-eabi/5.4.1/../../../../arm-none-eabi/lib/armv7-m\libg.a(lib_a-mlock.o)
                0x00006b60                __malloc_unlock
 .text._Balloc  0x00006b64       0x50 c:/program files (x86)/cypress/psoc creator/4.2/psoc creator/import/gnu/arm/5.4.1/bin/../lib/gcc/arm-none-eabi/5.4.1/../../../../arm-none-eabi/lib/armv7-m\libg.a(lib_a-mprec.o)
                0x00006b64                _Balloc
 .text._Bfree   0x00006bb4       0x14 c:/program files (x86)/cypress/psoc creator/4.2/psoc creator/import/gnu/arm/5.4.1/bin/../lib/gcc/arm-none-eabi/5.4.1/../../../../arm-none-eabi/lib/armv7-m\libg.a(lib_a-mprec.o)
                0x00006bb4                _Bfree
 .text.__multadd
                0x00006bc8       0x80 c:/program files (x86)/cypress/psoc creator/4.2/psoc creator/import/gnu/arm/5.4.1/bin/../lib/gcc/arm-none-eabi/5.4.1/../../../../arm-none-eabi/lib/armv7-m\libg.a(lib_a-mprec.o)
                0x00006bc8                __multadd
 .text.__hi0bits
                0x00006c48       0x40 c:/program files (x86)/cypress/psoc creator/4.2/psoc creator/import/gnu/arm/5.4.1/bin/../lib/gcc/arm-none-eabi/5.4.1/../../../../arm-none-eabi/lib/armv7-m\libg.a(lib_a-mprec.o)
                0x00006c48                __hi0bits
 .text.__lo0bits
                0x00006c88       0x5c c:/program files (x86)/cypress/psoc creator/4.2/psoc creator/import/gnu/arm/5.4.1/bin/../lib/gcc/arm-none-eabi/5.4.1/../../../../arm-none-eabi/lib/armv7-m\libg.a(lib_a-mprec.o)
                0x00006c88                __lo0bits
 .text.__i2b    0x00006ce4       0x14 c:/program files (x86)/cypress/psoc creator/4.2/psoc creator/import/gnu/arm/5.4.1/bin/../lib/gcc/arm-none-eabi/5.4.1/../../../../arm-none-eabi/lib/armv7-m\libg.a(lib_a-mprec.o)
                0x00006ce4                __i2b
 .text.__multiply
                0x00006cf8      0x13c c:/program files (x86)/cypress/psoc creator/4.2/psoc creator/import/gnu/arm/5.4.1/bin/../lib/gcc/arm-none-eabi/5.4.1/../../../../arm-none-eabi/lib/armv7-m\libg.a(lib_a-mprec.o)
                0x00006cf8                __multiply
 .text.__pow5mult
                0x00006e34       0xa0 c:/program files (x86)/cypress/psoc creator/4.2/psoc creator/import/gnu/arm/5.4.1/bin/../lib/gcc/arm-none-eabi/5.4.1/../../../../arm-none-eabi/lib/armv7-m\libg.a(lib_a-mprec.o)
                0x00006e34                __pow5mult
 .text.__lshift
                0x00006ed4       0xac c:/program files (x86)/cypress/psoc creator/4.2/psoc creator/import/gnu/arm/5.4.1/bin/../lib/gcc/arm-none-eabi/5.4.1/../../../../arm-none-eabi/lib/armv7-m\libg.a(lib_a-mprec.o)
                0x00006ed4                __lshift
 .text.__mcmp   0x00006f80       0x40 c:/program files (x86)/cypress/psoc creator/4.2/psoc creator/import/gnu/arm/5.4.1/bin/../lib/gcc/arm-none-eabi/5.4.1/../../../../arm-none-eabi/lib/armv7-m\libg.a(lib_a-mprec.o)
                0x00006f80                __mcmp
 .text.__mdiff  0x00006fc0      0x128 c:/program files (x86)/cypress/psoc creator/4.2/psoc creator/import/gnu/arm/5.4.1/bin/../lib/gcc/arm-none-eabi/5.4.1/../../../../arm-none-eabi/lib/armv7-m\libg.a(lib_a-mprec.o)
                0x00006fc0                __mdiff
 .text.__d2b    0x000070e8       0xa8 c:/program files (x86)/cypress/psoc creator/4.2/psoc creator/import/gnu/arm/5.4.1/bin/../lib/gcc/arm-none-eabi/5.4.1/../../../../arm-none-eabi/lib/armv7-m\libg.a(lib_a-mprec.o)
                0x000070e8                __d2b
 .text._realloc_r
                0x00007190      0x3d4 c:/program files (x86)/cypress/psoc creator/4.2/psoc creator/import/gnu/arm/5.4.1/bin/../lib/gcc/arm-none-eabi/5.4.1/../../../../arm-none-eabi/lib/armv7-m\libg.a(lib_a-reallocr.o)
                0x00007190                _realloc_r
 .text._sbrk_r  0x00007564       0x24 c:/program files (x86)/cypress/psoc creator/4.2/psoc creator/import/gnu/arm/5.4.1/bin/../lib/gcc/arm-none-eabi/5.4.1/../../../../arm-none-eabi/lib/armv7-m\libg.a(lib_a-sbrkr.o)
                0x00007564                _sbrk_r
 .text.__sread  0x00007588       0x24 c:/program files (x86)/cypress/psoc creator/4.2/psoc creator/import/gnu/arm/5.4.1/bin/../lib/gcc/arm-none-eabi/5.4.1/../../../../arm-none-eabi/lib/armv7-m\libg.a(lib_a-stdio.o)
                0x00007588                __sread
 .text.__swrite
                0x000075ac       0x3c c:/program files (x86)/cypress/psoc creator/4.2/psoc creator/import/gnu/arm/5.4.1/bin/../lib/gcc/arm-none-eabi/5.4.1/../../../../arm-none-eabi/lib/armv7-m\libg.a(lib_a-stdio.o)
                0x000075ac                __swrite
 .text.__sseek  0x000075e8       0x20 c:/program files (x86)/cypress/psoc creator/4.2/psoc creator/import/gnu/arm/5.4.1/bin/../lib/gcc/arm-none-eabi/5.4.1/../../../../arm-none-eabi/lib/armv7-m\libg.a(lib_a-stdio.o)
                0x000075e8                __sseek
 .text.__sclose
                0x00007608        0x8 c:/program files (x86)/cypress/psoc creator/4.2/psoc creator/import/gnu/arm/5.4.1/bin/../lib/gcc/arm-none-eabi/5.4.1/../../../../arm-none-eabi/lib/armv7-m\libg.a(lib_a-stdio.o)
                0x00007608                __sclose
 .text.__sprint_r.part.0
                0x00007610       0x78 c:/program files (x86)/cypress/psoc creator/4.2/psoc creator/import/gnu/arm/5.4.1/bin/../lib/gcc/arm-none-eabi/5.4.1/../../../../arm-none-eabi/lib/armv7-m\libg.a(lib_a-vfiprintf.o)
 .text.__sprint_r
                0x00007688       0x14 c:/program files (x86)/cypress/psoc creator/4.2/psoc creator/import/gnu/arm/5.4.1/bin/../lib/gcc/arm-none-eabi/5.4.1/../../../../arm-none-eabi/lib/armv7-m\libg.a(lib_a-vfiprintf.o)
                0x00007688                __sprint_r
 .text._write_r
                0x0000769c       0x2c c:/program files (x86)/cypress/psoc creator/4.2/psoc creator/import/gnu/arm/5.4.1/bin/../lib/gcc/arm-none-eabi/5.4.1/../../../../arm-none-eabi/lib/armv7-m\libg.a(lib_a-writer.o)
                0x0000769c                _write_r
 .text.__register_exitproc
                0x000076c8       0xa4 c:/program files (x86)/cypress/psoc creator/4.2/psoc creator/import/gnu/arm/5.4.1/bin/../lib/gcc/arm-none-eabi/5.4.1/../../../../arm-none-eabi/lib/armv7-m\libg.a(lib_a-__atexit.o)
                0x000076c8                __register_exitproc
 .text._calloc_r
                0x0000776c       0x60 c:/program files (x86)/cypress/psoc creator/4.2/psoc creator/import/gnu/arm/5.4.1/bin/../lib/gcc/arm-none-eabi/5.4.1/../../../../arm-none-eabi/lib/armv7-m\libg.a(lib_a-callocr.o)
                0x0000776c                _calloc_r
 .text._close_r
                0x000077cc       0x24 c:/program files (x86)/cypress/psoc creator/4.2/psoc creator/import/gnu/arm/5.4.1/bin/../lib/gcc/arm-none-eabi/5.4.1/../../../../arm-none-eabi/lib/armv7-m\libg.a(lib_a-closer.o)
                0x000077cc                _close_r
 .text._fclose_r
                0x000077f0       0x84 c:/program files (x86)/cypress/psoc creator/4.2/psoc creator/import/gnu/arm/5.4.1/bin/../lib/gcc/arm-none-eabi/5.4.1/../../../../arm-none-eabi/lib/armv7-m\libg.a(lib_a-fclose.o)
                0x000077f0                _fclose_r
 .text.__fputwc
                0x00007874       0x94 c:/program files (x86)/cypress/psoc creator/4.2/psoc creator/import/gnu/arm/5.4.1/bin/../lib/gcc/arm-none-eabi/5.4.1/../../../../arm-none-eabi/lib/armv7-m\libg.a(lib_a-fputwc.o)
                0x00007874                __fputwc
 .text._fputwc_r
                0x00007908       0x24 c:/program files (x86)/cypress/psoc creator/4.2/psoc creator/import/gnu/arm/5.4.1/bin/../lib/gcc/arm-none-eabi/5.4.1/../../../../arm-none-eabi/lib/armv7-m\libg.a(lib_a-fputwc.o)
                0x00007908                _fputwc_r
 .text._fstat_r
                0x0000792c       0x28 c:/program files (x86)/cypress/psoc creator/4.2/psoc creator/import/gnu/arm/5.4.1/bin/../lib/gcc/arm-none-eabi/5.4.1/../../../../arm-none-eabi/lib/armv7-m\libg.a(lib_a-fstatr.o)
                0x0000792c                _fstat_r
 .text._isatty_r
                0x00007954       0x24 c:/program files (x86)/cypress/psoc creator/4.2/psoc creator/import/gnu/arm/5.4.1/bin/../lib/gcc/arm-none-eabi/5.4.1/../../../../arm-none-eabi/lib/armv7-m\libg.a(lib_a-isattyr.o)
                0x00007954                _isatty_r
 .text._lseek_r
                0x00007978       0x2c c:/program files (x86)/cypress/psoc creator/4.2/psoc creator/import/gnu/arm/5.4.1/bin/../lib/gcc/arm-none-eabi/5.4.1/../../../../arm-none-eabi/lib/armv7-m\libg.a(lib_a-lseekr.o)
                0x00007978                _lseek_r
 .text._read_r  0x000079a4       0x2c c:/program files (x86)/cypress/psoc creator/4.2/psoc creator/import/gnu/arm/5.4.1/bin/../lib/gcc/arm-none-eabi/5.4.1/../../../../arm-none-eabi/lib/armv7-m\libg.a(lib_a-readr.o)
                0x000079a4                _read_r
 .text.__swbuf_r
                0x000079d0       0xac c:/program files (x86)/cypress/psoc creator/4.2/psoc creator/import/gnu/arm/5.4.1/bin/../lib/gcc/arm-none-eabi/5.4.1/../../../../arm-none-eabi/lib/armv7-m\libg.a(lib_a-wbuf.o)
                0x000079d0                __swbuf_r
 .text._wcrtomb_r
                0x00007a7c       0x54 c:/program files (x86)/cypress/psoc creator/4.2/psoc creator/import/gnu/arm/5.4.1/bin/../lib/gcc/arm-none-eabi/5.4.1/../../../../arm-none-eabi/lib/armv7-m\libg.a(lib_a-wcrtomb.o)
                0x00007a7c                _wcrtomb_r
 .text.__ascii_wctomb
                0x00007ad0       0x1c c:/program files (x86)/cypress/psoc creator/4.2/psoc creator/import/gnu/arm/5.4.1/bin/../lib/gcc/arm-none-eabi/5.4.1/../../../../arm-none-eabi/lib/armv7-m\libg.a(lib_a-wctomb_r.o)
                0x00007ad0                __ascii_wctomb
 .text          0x00007aec       0x30 c:/program files (x86)/cypress/psoc creator/4.2/psoc creator/import/gnu/arm/5.4.1/bin/../lib/gcc/arm-none-eabi/5.4.1/armv7-m\libgcc.a(_aeabi_uldivmod.o)
                0x00007aec                __aeabi_uldivmod
 .text._close   0x00007b1c       0x10 c:/program files (x86)/cypress/psoc creator/4.2/psoc creator/import/gnu/arm/5.4.1/bin/../lib/gcc/arm-none-eabi/5.4.1/../../../../arm-none-eabi/lib/armv7-m\libnosys.a(close.o)
                0x00007b1c                _close
 .text._fstat   0x00007b2c       0x10 c:/program files (x86)/cypress/psoc creator/4.2/psoc creator/import/gnu/arm/5.4.1/bin/../lib/gcc/arm-none-eabi/5.4.1/../../../../arm-none-eabi/lib/armv7-m\libnosys.a(fstat.o)
                0x00007b2c                _fstat
 .text._isatty  0x00007b3c       0x10 c:/program files (x86)/cypress/psoc creator/4.2/psoc creator/import/gnu/arm/5.4.1/bin/../lib/gcc/arm-none-eabi/5.4.1/../../../../arm-none-eabi/lib/armv7-m\libnosys.a(isatty.o)
                0x00007b3c                _isatty
 .text._lseek   0x00007b4c       0x10 c:/program files (x86)/cypress/psoc creator/4.2/psoc creator/import/gnu/arm/5.4.1/bin/../lib/gcc/arm-none-eabi/5.4.1/../../../../arm-none-eabi/lib/armv7-m\libnosys.a(lseek.o)
                0x00007b4c                _lseek
 *(.plt)
 *(.gnu.warning)
 *(.glue_7t)
 .glue_7t       0x00007b5c        0x0 linker stubs
 *(.glue_7)
 .glue_7        0x00007b5c        0x0 linker stubs
 *(.vfp11_veneer)
 .vfp11_veneer  0x00007b5c        0x0 linker stubs
 *(.bootloader)
 *(.ARM.extab* .gnu.linkonce.armextab.*)
 *(.gcc_except_table)

.v4_bx          0x00007b5c        0x0
 .v4_bx         0x00007b5c        0x0 linker stubs

.iplt           0x00007b5c        0x0
 .iplt          0x00007b5c        0x0 c:/program files (x86)/cypress/psoc creator/4.2/psoc creator/import/gnu/arm/5.4.1/bin/../lib/gcc/arm-none-eabi/5.4.1/armv7-m/crtbegin.o

.eh_frame_hdr
 *(.eh_frame_hdr)

.eh_frame       0x00007b5c        0x4
 *(.eh_frame)
 .eh_frame      0x00007b5c        0x0 c:/program files (x86)/cypress/psoc creator/4.2/psoc creator/import/gnu/arm/5.4.1/bin/../lib/gcc/arm-none-eabi/5.4.1/armv7-m/crtbegin.o
 .eh_frame      0x00007b5c        0x4 c:/program files (x86)/cypress/psoc creator/4.2/psoc creator/import/gnu/arm/5.4.1/bin/../lib/gcc/arm-none-eabi/5.4.1/armv7-m/crtend.o
                [!provide]                PROVIDE (__exidx_start, .)

.ARM.exidx      0x00007b60        0x8
 *(.ARM.exidx* .gnu.linkonce.armexidx.*)
 .ARM.exidx     0x00007b60        0x8 c:/program files (x86)/cypress/psoc creator/4.2/psoc creator/import/gnu/arm/5.4.1/bin/../lib/gcc/arm-none-eabi/5.4.1/armv7-m\libgcc.a(_udivmoddi4.o)
                0x00007b68                __exidx_end = .

.rodata         0x00007b68      0x320
 *(.rodata .rodata.* .gnu.linkonce.r.*)
 .rodata        0x00007b68       0x90 .\CortexM3\ARM_GCC_541\Debug\main.o
 .rodata.str1.4
                0x00007bf8       0x88 .\CortexM3\ARM_GCC_541\Debug\main.o
 .rodata.str1.4
                0x00007c80        0x8 .\CortexM3\ARM_GCC_541\Debug\drive.o
 .rodata        0x00007c88       0x3a .\CortexM3\ARM_GCC_541\Debug\cyfitter_cfg.o
 *fill*         0x00007cc2        0x2 
 .rodata.str1.4
                0x00007cc4        0x2 c:/program files (x86)/cypress/psoc creator/4.2/psoc creator/import/gnu/arm/5.4.1/bin/../lib/gcc/arm-none-eabi/5.4.1/../../../../arm-none-eabi/lib/armv7-m\libg.a(lib_a-impure.o)
 *fill*         0x00007cc6        0x2 
 .rodata._global_impure_ptr
                0x00007cc8        0x4 c:/program files (x86)/cypress/psoc creator/4.2/psoc creator/import/gnu/arm/5.4.1/bin/../lib/gcc/arm-none-eabi/5.4.1/../../../../arm-none-eabi/lib/armv7-m\libg.a(lib_a-impure.o)
                0x00007cc8                _global_impure_ptr
 .rodata.str1.4
                0x00007ccc        0x2 c:/program files (x86)/cypress/psoc creator/4.2/psoc creator/import/gnu/arm/5.4.1/bin/../lib/gcc/arm-none-eabi/5.4.1/../../../../arm-none-eabi/lib/armv7-m\libg.a(lib_a-puts.o)
 *fill*         0x00007cce        0x2 
 .rodata.blanks.7070
                0x00007cd0       0x10 c:/program files (x86)/cypress/psoc creator/4.2/psoc creator/import/gnu/arm/5.4.1/bin/../lib/gcc/arm-none-eabi/5.4.1/../../../../arm-none-eabi/lib/armv7-m\libg.a(lib_a-vfprintf.o)
 .rodata.str1.4
                0x00007ce0       0x42 c:/program files (x86)/cypress/psoc creator/4.2/psoc creator/import/gnu/arm/5.4.1/bin/../lib/gcc/arm-none-eabi/5.4.1/../../../../arm-none-eabi/lib/armv7-m\libg.a(lib_a-vfprintf.o)
 *fill*         0x00007d22        0x2 
 .rodata.zeroes.7071
                0x00007d24       0x10 c:/program files (x86)/cypress/psoc creator/4.2/psoc creator/import/gnu/arm/5.4.1/bin/../lib/gcc/arm-none-eabi/5.4.1/../../../../arm-none-eabi/lib/armv7-m\libg.a(lib_a-vfprintf.o)
 .rodata.str1.4
                0x00007d34       0x10 c:/program files (x86)/cypress/psoc creator/4.2/psoc creator/import/gnu/arm/5.4.1/bin/../lib/gcc/arm-none-eabi/5.4.1/../../../../arm-none-eabi/lib/armv7-m\libg.a(lib_a-dtoa.o)
                                 0x12 (size before relaxing)
 .rodata.str1.4
                0x00007d44        0xc c:/program files (x86)/cypress/psoc creator/4.2/psoc creator/import/gnu/arm/5.4.1/bin/../lib/gcc/arm-none-eabi/5.4.1/../../../../arm-none-eabi/lib/armv7-m\libg.a(lib_a-locale.o)
                                 0x12 (size before relaxing)
 .rodata.__mprec_tens
                0x00007d50       0xc8 c:/program files (x86)/cypress/psoc creator/4.2/psoc creator/import/gnu/arm/5.4.1/bin/../lib/gcc/arm-none-eabi/5.4.1/../../../../arm-none-eabi/lib/armv7-m\libg.a(lib_a-mprec.o)
                0x00007d50                __mprec_tens
 .rodata.__mprec_bigtens
                0x00007e18       0x28 c:/program files (x86)/cypress/psoc creator/4.2/psoc creator/import/gnu/arm/5.4.1/bin/../lib/gcc/arm-none-eabi/5.4.1/../../../../arm-none-eabi/lib/armv7-m\libg.a(lib_a-mprec.o)
                0x00007e18                __mprec_bigtens
 .rodata.p05.5396
                0x00007e40        0xc c:/program files (x86)/cypress/psoc creator/4.2/psoc creator/import/gnu/arm/5.4.1/bin/../lib/gcc/arm-none-eabi/5.4.1/../../../../arm-none-eabi/lib/armv7-m\libg.a(lib_a-mprec.o)
                0x00007e4c                . = ALIGN (0x4)
 *(.init)
 .init          0x00007e4c        0x4 c:/program files (x86)/cypress/psoc creator/4.2/psoc creator/import/gnu/arm/5.4.1/bin/../lib/gcc/arm-none-eabi/5.4.1/armv7-m/crti.o
                0x00007e4c                _init
 .init          0x00007e50        0x8 c:/program files (x86)/cypress/psoc creator/4.2/psoc creator/import/gnu/arm/5.4.1/bin/../lib/gcc/arm-none-eabi/5.4.1/armv7-m/crtn.o
                0x00007e58                . = ALIGN (0x4)
                0x00007e58                __preinit_array_start = .
 *(.preinit_array)
                0x00007e58                __preinit_array_end = .
                0x00007e58                . = ALIGN (0x4)
                0x00007e58                __init_array_start = .
 *(SORT(.init_array.*))
 .init_array.00000
                0x00007e58        0x4 c:/program files (x86)/cypress/psoc creator/4.2/psoc creator/import/gnu/arm/5.4.1/bin/../lib/gcc/arm-none-eabi/5.4.1/../../../../arm-none-eabi/lib/armv7-m\libg.a(lib_a-__call_atexit.o)
 *(.init_array)
 .init_array    0x00007e5c        0x4 c:/program files (x86)/cypress/psoc creator/4.2/psoc creator/import/gnu/arm/5.4.1/bin/../lib/gcc/arm-none-eabi/5.4.1/armv7-m/crtbegin.o
 .init_array    0x00007e60        0x4 .\CortexM3\ARM_GCC_541\Debug\Cm3Start.o
                0x00007e64                __init_array_end = .
                0x00007e64                . = ALIGN (0x4)
 *(.fini)
 .fini          0x00007e64        0x4 c:/program files (x86)/cypress/psoc creator/4.2/psoc creator/import/gnu/arm/5.4.1/bin/../lib/gcc/arm-none-eabi/5.4.1/armv7-m/crti.o
                0x00007e64                _fini
 .fini          0x00007e68        0x8 c:/program files (x86)/cypress/psoc creator/4.2/psoc creator/import/gnu/arm/5.4.1/bin/../lib/gcc/arm-none-eabi/5.4.1/armv7-m/crtn.o
                0x00007e70                . = ALIGN (0x4)
                0x00007e70                __fini_array_start = .
 *(.fini_array)
 .fini_array    0x00007e70        0x4 c:/program files (x86)/cypress/psoc creator/4.2/psoc creator/import/gnu/arm/5.4.1/bin/../lib/gcc/arm-none-eabi/5.4.1/armv7-m/crtbegin.o
 *(SORT(.fini_array.*))
                0x00007e74                __fini_array_end = .
                0x00007e74                . = ALIGN (0x4)
 *crtbegin.o(.ctors)
 *(EXCLUDE_FILE(*crtend.o) .ctors)
 *(SORT(.ctors.*))
 *crtend.o(.ctors)
                0x00007e74                . = ALIGN (0x4)
 *crtbegin.o(.dtors)
 *(EXCLUDE_FILE(*crtend.o) .dtors)
 *(SORT(.dtors.*))
 *crtend.o(.dtors)
                0x00007e74                . = ALIGN (0x4)
                0x00007e74                __cy_regions = .
                0x00007e74        0x4 LONG 0x7e88 __cy_region_init_ram
                0x00007e78        0x4 LONG 0x1fff80c8 __cy_region_start_data
                0x00007e7c        0x4 LONG 0x8b8 __cy_region_init_size_ram
                0x00007e80        0x4 LONG 0x140 __cy_region_zero_size_ram
                0x00007e84                __cy_regions_end = .
                0x00007e88                . = ALIGN (0x8)
 *fill*         0x00007e84        0x4 
                0x00007e88                _etext = .

.cy_checksum_exclude
                0x00007e88        0x0
 *(.cy_checksum_exclude)

.ramvectors     0x1fff8000       0xc0
                0x1fff8000                __cy_region_start_ram = .
 *(.ramvectors)
 .ramvectors    0x1fff8000       0xc0 .\CortexM3\ARM_GCC_541\Debug\Cm3Start.o
                0x1fff8000                CyRamVectors

.noinit         0x1fff80c0        0x1
 *(.noinit)
 .noinit        0x1fff80c0        0x1 .\CortexM3\ARM_GCC_541\Debug\ZumoBot.a(CyLib.o)
                0x1fff80c0                CyResetStatus

.data           0x1fff80c8      0x8b8 load address 0x00007e88
                0x1fff80c8                __cy_region_start_data = .
 *(.jcr)
 .jcr           0x1fff80c8        0x0 c:/program files (x86)/cypress/psoc creator/4.2/psoc creator/import/gnu/arm/5.4.1/bin/../lib/gcc/arm-none-eabi/5.4.1/armv7-m/crtbegin.o
 .jcr           0x1fff80c8        0x4 c:/program files (x86)/cypress/psoc creator/4.2/psoc creator/import/gnu/arm/5.4.1/bin/../lib/gcc/arm-none-eabi/5.4.1/armv7-m/crtend.o
 *(.got.plt)
 *(.got)
 *(.shdata)
 *(.data .data.* .gnu.linkonce.d.*)
 .data          0x1fff80cc        0x4 .\CortexM3\ARM_GCC_541\Debug\Cm3Start.o
 .data          0x1fff80d0       0x10 .\CortexM3\ARM_GCC_541\Debug\ZumoBot.a(CyLib.o)
                0x1fff80d0                cydelay_32k_ms
                0x1fff80d4                cydelay_freq_khz
                0x1fff80d8                cydelay_freq_mhz
                0x1fff80dc                cydelay_freq_hz
 .data.impure_data
                0x1fff80e0      0x428 c:/program files (x86)/cypress/psoc creator/4.2/psoc creator/import/gnu/arm/5.4.1/bin/../lib/gcc/arm-none-eabi/5.4.1/../../../../arm-none-eabi/lib/armv7-m\libg.a(lib_a-impure.o)
 .data._impure_ptr
                0x1fff8508        0x4 c:/program files (x86)/cypress/psoc creator/4.2/psoc creator/import/gnu/arm/5.4.1/bin/../lib/gcc/arm-none-eabi/5.4.1/../../../../arm-none-eabi/lib/armv7-m\libg.a(lib_a-impure.o)
                0x1fff8508                _impure_ptr
 .data.lconv    0x1fff850c       0x38 c:/program files (x86)/cypress/psoc creator/4.2/psoc creator/import/gnu/arm/5.4.1/bin/../lib/gcc/arm-none-eabi/5.4.1/../../../../arm-none-eabi/lib/armv7-m\libg.a(lib_a-locale.o)
 .data.lc_ctype_charset
                0x1fff8544       0x20 c:/program files (x86)/cypress/psoc creator/4.2/psoc creator/import/gnu/arm/5.4.1/bin/../lib/gcc/arm-none-eabi/5.4.1/../../../../arm-none-eabi/lib/armv7-m\libg.a(lib_a-locale.o)
 .data.__mb_cur_max
                0x1fff8564        0x4 c:/program files (x86)/cypress/psoc creator/4.2/psoc creator/import/gnu/arm/5.4.1/bin/../lib/gcc/arm-none-eabi/5.4.1/../../../../arm-none-eabi/lib/armv7-m\libg.a(lib_a-locale.o)
                0x1fff8564                __mb_cur_max
 .data.__malloc_av_
                0x1fff8568      0x408 c:/program files (x86)/cypress/psoc creator/4.2/psoc creator/import/gnu/arm/5.4.1/bin/../lib/gcc/arm-none-eabi/5.4.1/../../../../arm-none-eabi/lib/armv7-m\libg.a(lib_a-mallocr.o)
                0x1fff8568                __malloc_av_
 .data.__malloc_trim_threshold
                0x1fff8970        0x4 c:/program files (x86)/cypress/psoc creator/4.2/psoc creator/import/gnu/arm/5.4.1/bin/../lib/gcc/arm-none-eabi/5.4.1/../../../../arm-none-eabi/lib/armv7-m\libg.a(lib_a-mallocr.o)
                0x1fff8970                __malloc_trim_threshold
 .data.__malloc_sbrk_base
                0x1fff8974        0x4 c:/program files (x86)/cypress/psoc creator/4.2/psoc creator/import/gnu/arm/5.4.1/bin/../lib/gcc/arm-none-eabi/5.4.1/../../../../arm-none-eabi/lib/armv7-m\libg.a(lib_a-mallocr.o)
                0x1fff8974                __malloc_sbrk_base
 .data.__wctomb
                0x1fff8978        0x4 c:/program files (x86)/cypress/psoc creator/4.2/psoc creator/import/gnu/arm/5.4.1/bin/../lib/gcc/arm-none-eabi/5.4.1/../../../../arm-none-eabi/lib/armv7-m\libg.a(lib_a-wctomb_r.o)
                0x1fff8978                __wctomb
                0x1fff8980                . = ALIGN (0x8)
 *fill*         0x1fff897c        0x4 
 *(.ram)
                0x1fff8980                _edata = .

.igot.plt       0x1fff8980        0x0 load address 0x00008740
 .igot.plt      0x1fff8980        0x0 c:/program files (x86)/cypress/psoc creator/4.2/psoc creator/import/gnu/arm/5.4.1/bin/../lib/gcc/arm-none-eabi/5.4.1/armv7-m/crtbegin.o

.bss            0x1fff8980      0x140 load address 0x00008740
                0x1fff8980                PROVIDE (__bss_start__, .)
 *(.shbss)
 *(.bss .bss.* .gnu.linkonce.b.*)
 .bss           0x1fff8980       0x1c c:/program files (x86)/cypress/psoc creator/4.2/psoc creator/import/gnu/arm/5.4.1/bin/../lib/gcc/arm-none-eabi/5.4.1/armv7-m/crtbegin.o
 .bss           0x1fff899c       0x1c .\CortexM3\ARM_GCC_541\Debug\Reflectance.o
 .bss           0x1fff89b8       0x18 .\CortexM3\ARM_GCC_541\Debug\Ultra.o
 .bss           0x1fff89d0        0x5 .\CortexM3\ARM_GCC_541\Debug\Systick.o
 *fill*         0x1fff89d5        0x3 
 .bss           0x1fff89d8       0x90 .\CortexM3\ARM_GCC_541\Debug\Retarget.o
 .bss           0x1fff8a68        0x4 .\CortexM3\ARM_GCC_541\Debug\custom_motor.o
                0x1fff8a68                calibration
 .bss           0x1fff8a6c        0x1 .\CortexM3\ARM_GCC_541\Debug\ZumoBot.a(PWM.o)
                0x1fff8a6c                PWM_initVar
 .bss           0x1fff8a6d        0x2 .\CortexM3\ARM_GCC_541\Debug\ZumoBot.a(UART_1.o)
                0x1fff8a6d                UART_1_initVar
 .bss           0x1fff8a6f        0x1 .\CortexM3\ARM_GCC_541\Debug\ZumoBot.a(Timer_L3.o)
                0x1fff8a6f                Timer_L3_initVar
 .bss           0x1fff8a70        0x1 .\CortexM3\ARM_GCC_541\Debug\ZumoBot.a(Timer_R3.o)
                0x1fff8a70                Timer_R3_initVar
 .bss           0x1fff8a71        0x1 .\CortexM3\ARM_GCC_541\Debug\ZumoBot.a(Timer_R1.o)
                0x1fff8a71                Timer_R1_initVar
 .bss           0x1fff8a72        0x1 .\CortexM3\ARM_GCC_541\Debug\ZumoBot.a(Timer_L1.o)
                0x1fff8a72                Timer_L1_initVar
 .bss           0x1fff8a73        0x1 .\CortexM3\ARM_GCC_541\Debug\ZumoBot.a(ADC_Battery.o)
                0x1fff8a73                ADC_Battery_initVar
 .bss           0x1fff8a74        0x1 .\CortexM3\ARM_GCC_541\Debug\ZumoBot.a(Timer_R2.o)
                0x1fff8a74                Timer_R2_initVar
 .bss           0x1fff8a75        0x1 .\CortexM3\ARM_GCC_541\Debug\ZumoBot.a(Timer_L2.o)
                0x1fff8a75                Timer_L2_initVar
 *fill*         0x1fff8a76        0x2 
 .bss.__malloc_max_total_mem
                0x1fff8a78        0x4 c:/program files (x86)/cypress/psoc creator/4.2/psoc creator/import/gnu/arm/5.4.1/bin/../lib/gcc/arm-none-eabi/5.4.1/../../../../arm-none-eabi/lib/armv7-m\libg.a(lib_a-mallocr.o)
                0x1fff8a78                __malloc_max_total_mem
 .bss.__malloc_max_sbrked_mem
                0x1fff8a7c        0x4 c:/program files (x86)/cypress/psoc creator/4.2/psoc creator/import/gnu/arm/5.4.1/bin/../lib/gcc/arm-none-eabi/5.4.1/../../../../arm-none-eabi/lib/armv7-m\libg.a(lib_a-mallocr.o)
                0x1fff8a7c                __malloc_max_sbrked_mem
 .bss.__malloc_top_pad
                0x1fff8a80        0x4 c:/program files (x86)/cypress/psoc creator/4.2/psoc creator/import/gnu/arm/5.4.1/bin/../lib/gcc/arm-none-eabi/5.4.1/../../../../arm-none-eabi/lib/armv7-m\libg.a(lib_a-mallocr.o)
                0x1fff8a80                __malloc_top_pad
 .bss.__malloc_current_mallinfo
                0x1fff8a84       0x28 c:/program files (x86)/cypress/psoc creator/4.2/psoc creator/import/gnu/arm/5.4.1/bin/../lib/gcc/arm-none-eabi/5.4.1/../../../../arm-none-eabi/lib/armv7-m\libg.a(lib_a-mallocr.o)
                0x1fff8a84                __malloc_current_mallinfo
 *(COMMON)
 COMMON         0x1fff8aac        0xc .\CortexM3\ARM_GCC_541\Debug\ZumoBot.a(ADC_Battery.o)
                0x1fff8aac                ADC_Battery_offset
                0x1fff8aae                ADC_Battery_countsPerVolt
                0x1fff8ab0                ADC_Battery_shift
                0x1fff8ab4                ADC_Battery_countsPer10Volt
 COMMON         0x1fff8ab8        0x4 c:/program files (x86)/cypress/psoc creator/4.2/psoc creator/import/gnu/arm/5.4.1/bin/../lib/gcc/arm-none-eabi/5.4.1/../../../../arm-none-eabi/lib/armv7-m\libg.a(lib_a-reent.o)
                0x1fff8ab8                errno
                0x1fff8ac0                . = ALIGN (0x8)
 *fill*         0x1fff8abc        0x4 
 *(.ram.b)
                0x1fff8ac0                _end = .
                0x1fff8ac0                __end = .
                0x1fff8ac0                PROVIDE (end, .)
                0x1fff8ac0                PROVIDE (__bss_end__, .)
                0x00007e88                __cy_region_init_ram = LOADADDR (.data)
                0x000008b8                __cy_region_init_size_ram = (_edata - ADDR (.data))
                0x00000140                __cy_region_zero_size_ram = (_end - _edata)

.heap           0x1fff8ac0      0x800 load address 0x00008740
                0x1fff8ac0                . = _end
                0x1fff92c0                . = (. + 0x800)
 *fill*         0x1fff8ac0      0x800 
                0x1fff92c0                __cy_heap_limit = .

.stack          0x20007800      0x800
                0x20007800                __cy_stack_limit = .
                0x20008000                . = (. + 0x800)
 *fill*         0x20007800      0x800 
                0x00000001                ASSERT ((__cy_stack_limit >= __cy_heap_limit), region RAM overflowed with stack)
                0x00000000                cy_checksum_exclude_size = (CY_APPL_LOADABLE == 0x1)?SIZEOF (.cy_checksum_exclude):0x0
                0x00000001                ASSERT ((cy_checksum_exclude_size <= CY_CHECKSUM_EXCLUDE_SIZE), CY_BOOT: Section .cy_checksum_exclude size exceedes specified limit.)

.cyloadermeta
 *(.cyloadermeta)

.cyloadablemeta
 *(.cyloadablemeta)

.cyconfigecc    0x80000000      0xcac
 *(.cyconfigecc)
 .cyconfigecc   0x80000000      0xcac .\CortexM3\ARM_GCC_541\Debug\cymetadata.o
                0x80000000                cy_meta_configecc

.cycustnvl      0x90000000        0x4
 *(.cycustnvl)
 .cycustnvl     0x90000000        0x4 .\CortexM3\ARM_GCC_541\Debug\cymetadata.o
                0x90000000                cy_meta_custnvl

.cywolatch      0x90100000        0x4
 *(.cywolatch)
 .cywolatch     0x90100000        0x4 .\CortexM3\ARM_GCC_541\Debug\cymetadata.o
                0x90100000                cy_meta_wonvl

.cyeeprom       0x90200000        0x0
 *(.cyeeprom)
                0x00000001                ASSERT ((. <= ((0x90200000 + ee_offset) + ee_size)), .cyeeprom data will not fit in EEPROM)

.cyflashprotect
                0x90400000      0x100
 *(.cyflashprotect)
 .cyflashprotect
                0x90400000      0x100 .\CortexM3\ARM_GCC_541\Debug\cymetadata.o
                0x90400000                cy_meta_flashprotect

.cymeta         0x90500000        0xc
 *(.cymeta)
 .cymeta        0x90500000        0xc .\CortexM3\ARM_GCC_541\Debug\cymetadata.o
                0x90500000                cy_metadata

.rel.dyn        0x00008740        0x0 load address 0x9050000c
 .rel.iplt      0x00008740        0x0 c:/program files (x86)/cypress/psoc creator/4.2/psoc creator/import/gnu/arm/5.4.1/bin/../lib/gcc/arm-none-eabi/5.4.1/armv7-m/crtbegin.o

.stab           0x00000000       0x6c
 *(.stab)
 .stab          0x00000000       0x24 c:/program files (x86)/cypress/psoc creator/4.2/psoc creator/import/gnu/arm/5.4.1/bin/../lib/gcc/arm-none-eabi/5.4.1/../../../../arm-none-eabi/lib/armv7-m\libnosys.a(close.o)
 .stab          0x00000024       0x18 c:/program files (x86)/cypress/psoc creator/4.2/psoc creator/import/gnu/arm/5.4.1/bin/../lib/gcc/arm-none-eabi/5.4.1/../../../../arm-none-eabi/lib/armv7-m\libnosys.a(fstat.o)
                                 0x24 (size before relaxing)
 .stab          0x0000003c       0x18 c:/program files (x86)/cypress/psoc creator/4.2/psoc creator/import/gnu/arm/5.4.1/bin/../lib/gcc/arm-none-eabi/5.4.1/../../../../arm-none-eabi/lib/armv7-m\libnosys.a(isatty.o)
                                 0x24 (size before relaxing)
 .stab          0x00000054       0x18 c:/program files (x86)/cypress/psoc creator/4.2/psoc creator/import/gnu/arm/5.4.1/bin/../lib/gcc/arm-none-eabi/5.4.1/../../../../arm-none-eabi/lib/armv7-m\libnosys.a(lseek.o)
                                 0x24 (size before relaxing)

.stabstr        0x00000000       0xe3
 *(.stabstr)
 .stabstr       0x00000000       0xe3 c:/program files (x86)/cypress/psoc creator/4.2/psoc creator/import/gnu/arm/5.4.1/bin/../lib/gcc/arm-none-eabi/5.4.1/../../../../arm-none-eabi/lib/armv7-m\libnosys.a(close.o)

.debug
 *(.debug)

.line
 *(.line)

.debug_srcinfo
 *(.debug_srcinfo)

.debug_sfnames
 *(.debug_sfnames)

.debug_aranges  0x00000000     0x1628
 *(.debug_aranges)
 .debug_aranges
                0x00000000       0x20 .\CortexM3\ARM_GCC_541\Debug\Accel.o
 .debug_aranges
                0x00000020       0x20 .\CortexM3\ARM_GCC_541\Debug\Ambient.o
 .debug_aranges
                0x00000040       0x20 .\CortexM3\ARM_GCC_541\Debug\Beep.o
 .debug_aranges
                0x00000060       0x20 .\CortexM3\ARM_GCC_541\Debug\Gyro.o
 .debug_aranges
                0x00000080       0x30 .\CortexM3\ARM_GCC_541\Debug\I2C_made.o
 .debug_aranges
                0x000000b0       0x40 .\CortexM3\ARM_GCC_541\Debug\IR.o
 .debug_aranges
                0x000000f0       0x20 .\CortexM3\ARM_GCC_541\Debug\Magnet.o
 .debug_aranges
                0x00000110       0x40 .\CortexM3\ARM_GCC_541\Debug\Motor.o
 .debug_aranges
                0x00000150       0x30 .\CortexM3\ARM_GCC_541\Debug\Nunchuk.o
 .debug_aranges
                0x00000180       0x40 .\CortexM3\ARM_GCC_541\Debug\Reflectance.o
 .debug_aranges
                0x000001c0       0x38 .\CortexM3\ARM_GCC_541\Debug\Ultra.o
 .debug_aranges
                0x000001f8       0x30 .\CortexM3\ARM_GCC_541\Debug\Systick.o
 .debug_aranges
                0x00000228       0x28 .\CortexM3\ARM_GCC_541\Debug\Retarget.o
 .debug_aranges
                0x00000250       0x20 .\CortexM3\ARM_GCC_541\Debug\main.o
 .debug_aranges
                0x00000270       0x60 .\CortexM3\ARM_GCC_541\Debug\music.o
 .debug_aranges
                0x000002d0       0x58 .\CortexM3\ARM_GCC_541\Debug\drive.o
 .debug_aranges
                0x00000328       0x40 .\CortexM3\ARM_GCC_541\Debug\custom_motor.o
 .debug_aranges
                0x00000368       0x58 .\CortexM3\ARM_GCC_541\Debug\cyfitter_cfg.o
 .debug_aranges
                0x000003c0       0x18 .\CortexM3\ARM_GCC_541\Debug\cymetadata.o
 .debug_aranges
                0x000003d8       0x48 .\CortexM3\ARM_GCC_541\Debug\Cm3Start.o
 .debug_aranges
                0x00000420       0xa8 .\CortexM3\ARM_GCC_541\Debug\ZumoBot.a(PWM.o)
 .debug_aranges
                0x000004c8       0x38 .\CortexM3\ARM_GCC_541\Debug\ZumoBot.a(I2C.o)
 .debug_aranges
                0x00000500       0x20 .\CortexM3\ARM_GCC_541\Debug\ZumoBot.a(I2C_INT.o)
 .debug_aranges
                0x00000520       0x38 .\CortexM3\ARM_GCC_541\Debug\ZumoBot.a(I2C_PM.o)
 .debug_aranges
                0x00000558       0x80 .\CortexM3\ARM_GCC_541\Debug\ZumoBot.a(I2C_MASTER.o)
 .debug_aranges
                0x000005d8       0xf0 .\CortexM3\ARM_GCC_541\Debug\ZumoBot.a(UART_1.o)
 .debug_aranges
                0x000006c8       0x38 .\CortexM3\ARM_GCC_541\Debug\ZumoBot.a(MotorDirLeft.o)
 .debug_aranges
                0x00000700       0x38 .\CortexM3\ARM_GCC_541\Debug\ZumoBot.a(MotorDirRight.o)
 .debug_aranges
                0x00000738       0x38 .\CortexM3\ARM_GCC_541\Debug\ZumoBot.a(L3.o)
 .debug_aranges
                0x00000770       0x88 .\CortexM3\ARM_GCC_541\Debug\ZumoBot.a(Timer_L3.o)
 .debug_aranges
                0x000007f8       0x88 .\CortexM3\ARM_GCC_541\Debug\ZumoBot.a(Timer_R3.o)
 .debug_aranges
                0x00000880       0x38 .\CortexM3\ARM_GCC_541\Debug\ZumoBot.a(IR_led.o)
 .debug_aranges
                0x000008b8       0x88 .\CortexM3\ARM_GCC_541\Debug\ZumoBot.a(Timer_R1.o)
 .debug_aranges
                0x00000940       0x38 .\CortexM3\ARM_GCC_541\Debug\ZumoBot.a(R1.o)
 .debug_aranges
                0x00000978       0x38 .\CortexM3\ARM_GCC_541\Debug\ZumoBot.a(R3.o)
 .debug_aranges
                0x000009b0       0x88 .\CortexM3\ARM_GCC_541\Debug\ZumoBot.a(Timer_L1.o)
 .debug_aranges
                0x00000a38       0x38 .\CortexM3\ARM_GCC_541\Debug\ZumoBot.a(L1.o)
 .debug_aranges
                0x00000a70       0xa8 .\CortexM3\ARM_GCC_541\Debug\ZumoBot.a(ADC_Battery.o)
 .debug_aranges
                0x00000b18       0x20 .\CortexM3\ARM_GCC_541\Debug\ZumoBot.a(ADC_Battery_INT.o)
 .debug_aranges
                0x00000b38       0x38 .\CortexM3\ARM_GCC_541\Debug\ZumoBot.a(BatteryLed.o)
 .debug_aranges
                0x00000b70       0x38 .\CortexM3\ARM_GCC_541\Debug\ZumoBot.a(IR_receiver.o)
 .debug_aranges
                0x00000ba8       0x38 .\CortexM3\ARM_GCC_541\Debug\ZumoBot.a(Trig.o)
 .debug_aranges
                0x00000be0       0x98 .\CortexM3\ARM_GCC_541\Debug\ZumoBot.a(Timer.o)
 .debug_aranges
                0x00000c78       0x38 .\CortexM3\ARM_GCC_541\Debug\ZumoBot.a(Echo.o)
 .debug_aranges
                0x00000cb0       0x80 .\CortexM3\ARM_GCC_541\Debug\ZumoBot.a(ultra_isr.o)
 .debug_aranges
                0x00000d30       0x80 .\CortexM3\ARM_GCC_541\Debug\ZumoBot.a(Buzzer_PWM.o)
 .debug_aranges
                0x00000db0       0x80 .\CortexM3\ARM_GCC_541\Debug\ZumoBot.a(IR_isr.o)
 .debug_aranges
                0x00000e30       0x98 .\CortexM3\ARM_GCC_541\Debug\ZumoBot.a(Timer_IR.o)
 .debug_aranges
                0x00000ec8       0x90 .\CortexM3\ARM_GCC_541\Debug\ZumoBot.a(Timer_R2.o)
 .debug_aranges
                0x00000f58       0x90 .\CortexM3\ARM_GCC_541\Debug\ZumoBot.a(Timer_L2.o)
 .debug_aranges
                0x00000fe8       0x38 .\CortexM3\ARM_GCC_541\Debug\ZumoBot.a(L2.o)
 .debug_aranges
                0x00001020       0x38 .\CortexM3\ARM_GCC_541\Debug\ZumoBot.a(R2.o)
 .debug_aranges
                0x00001058       0x38 .\CortexM3\ARM_GCC_541\Debug\ZumoBot.a(ShieldLed.o)
 .debug_aranges
                0x00001090       0x28 .\CortexM3\ARM_GCC_541\Debug\ZumoBot.a(Control_Reg_1.o)
 .debug_aranges
                0x000010b8       0x70 .\CortexM3\ARM_GCC_541\Debug\ZumoBot.a(UART_1_IntClock.o)
 .debug_aranges
                0x00001128       0x80 .\CortexM3\ARM_GCC_541\Debug\ZumoBot.a(ADC_Battery_theACLK.o)
 .debug_aranges
                0x000011a8      0x2a0 .\CortexM3\ARM_GCC_541\Debug\ZumoBot.a(CyLib.o)
 .debug_aranges
                0x00001448       0x98 .\CortexM3\ARM_GCC_541\Debug\ZumoBot.a(cyPm.o)
 .debug_aranges
                0x000014e0       0x20 .\CortexM3\ARM_GCC_541\Debug\ZumoBot.a(cyutils.o)
 .debug_aranges
                0x00001500       0x20 .\CortexM3\ARM_GCC_541\Debug\ZumoBot.a(CyBootAsmGnu.o)
 .debug_aranges
                0x00001520       0x88 .\CortexM3\ARM_GCC_541\Debug\ZumoBot.a(CyFlash.o)
 .debug_aranges
                0x000015a8       0x80 .\CortexM3\ARM_GCC_541\Debug\ZumoBot.a(CySpc.o)

.debug_pubnames
 *(.debug_pubnames)

.debug_info     0x00000000     0xbf39
 *(.debug_info .gnu.linkonce.wi.*)
 .debug_info    0x00000000      0x138 .\CortexM3\ARM_GCC_541\Debug\Accel.o
 .debug_info    0x00000138      0x10e .\CortexM3\ARM_GCC_541\Debug\Ambient.o
 .debug_info    0x00000246      0x194 .\CortexM3\ARM_GCC_541\Debug\Beep.o
 .debug_info    0x000003da      0x10a .\CortexM3\ARM_GCC_541\Debug\Gyro.o
 .debug_info    0x000004e4      0x2e3 .\CortexM3\ARM_GCC_541\Debug\I2C_made.o
 .debug_info    0x000007c7      0x2d2 .\CortexM3\ARM_GCC_541\Debug\IR.o
 .debug_info    0x00000a99      0x145 .\CortexM3\ARM_GCC_541\Debug\Magnet.o
 .debug_info    0x00000bde      0x2ed .\CortexM3\ARM_GCC_541\Debug\Motor.o
 .debug_info    0x00000ecb      0x2b4 .\CortexM3\ARM_GCC_541\Debug\Nunchuk.o
 .debug_info    0x0000117f      0x7af .\CortexM3\ARM_GCC_541\Debug\Reflectance.o
 .debug_info    0x0000192e      0x2b3 .\CortexM3\ARM_GCC_541\Debug\Ultra.o
 .debug_info    0x00001be1      0x597 .\CortexM3\ARM_GCC_541\Debug\Systick.o
 .debug_info    0x00002178      0x236 .\CortexM3\ARM_GCC_541\Debug\Retarget.o
 .debug_info    0x000023ae      0x5e6 .\CortexM3\ARM_GCC_541\Debug\main.o
 .debug_info    0x00002994      0x6ca .\CortexM3\ARM_GCC_541\Debug\music.o
 .debug_info    0x0000305e      0x71e .\CortexM3\ARM_GCC_541\Debug\drive.o
 .debug_info    0x0000377c      0x2a4 .\CortexM3\ARM_GCC_541\Debug\custom_motor.o
 .debug_info    0x00003a20      0x686 .\CortexM3\ARM_GCC_541\Debug\cyfitter_cfg.o
 .debug_info    0x000040a6      0x139 .\CortexM3\ARM_GCC_541\Debug\cymetadata.o
 .debug_info    0x000041df      0x3bb .\CortexM3\ARM_GCC_541\Debug\Cm3Start.o
 .debug_info    0x0000459a      0x383 .\CortexM3\ARM_GCC_541\Debug\ZumoBot.a(PWM.o)
 .debug_info    0x0000491d      0x2ad .\CortexM3\ARM_GCC_541\Debug\ZumoBot.a(I2C.o)
 .debug_info    0x00004bca      0x184 .\CortexM3\ARM_GCC_541\Debug\ZumoBot.a(I2C_INT.o)
 .debug_info    0x00004d4e      0x207 .\CortexM3\ARM_GCC_541\Debug\ZumoBot.a(I2C_PM.o)
 .debug_info    0x00004f55      0x407 .\CortexM3\ARM_GCC_541\Debug\ZumoBot.a(I2C_MASTER.o)
 .debug_info    0x0000535c      0x60c .\CortexM3\ARM_GCC_541\Debug\ZumoBot.a(UART_1.o)
 .debug_info    0x00005968      0x11f .\CortexM3\ARM_GCC_541\Debug\ZumoBot.a(MotorDirLeft.o)
 .debug_info    0x00005a87      0x11f .\CortexM3\ARM_GCC_541\Debug\ZumoBot.a(MotorDirRight.o)
 .debug_info    0x00005ba6      0x11f .\CortexM3\ARM_GCC_541\Debug\ZumoBot.a(L3.o)
 .debug_info    0x00005cc5      0x293 .\CortexM3\ARM_GCC_541\Debug\ZumoBot.a(Timer_L3.o)
 .debug_info    0x00005f58      0x293 .\CortexM3\ARM_GCC_541\Debug\ZumoBot.a(Timer_R3.o)
 .debug_info    0x000061eb      0x11f .\CortexM3\ARM_GCC_541\Debug\ZumoBot.a(IR_led.o)
 .debug_info    0x0000630a      0x293 .\CortexM3\ARM_GCC_541\Debug\ZumoBot.a(Timer_R1.o)
 .debug_info    0x0000659d      0x11f .\CortexM3\ARM_GCC_541\Debug\ZumoBot.a(R1.o)
 .debug_info    0x000066bc      0x11f .\CortexM3\ARM_GCC_541\Debug\ZumoBot.a(R3.o)
 .debug_info    0x000067db      0x293 .\CortexM3\ARM_GCC_541\Debug\ZumoBot.a(Timer_L1.o)
 .debug_info    0x00006a6e      0x11f .\CortexM3\ARM_GCC_541\Debug\ZumoBot.a(L1.o)
 .debug_info    0x00006b8d      0x5c0 .\CortexM3\ARM_GCC_541\Debug\ZumoBot.a(ADC_Battery.o)
 .debug_info    0x0000714d       0x92 .\CortexM3\ARM_GCC_541\Debug\ZumoBot.a(ADC_Battery_INT.o)
 .debug_info    0x000071df      0x11f .\CortexM3\ARM_GCC_541\Debug\ZumoBot.a(BatteryLed.o)
 .debug_info    0x000072fe      0x11f .\CortexM3\ARM_GCC_541\Debug\ZumoBot.a(IR_receiver.o)
 .debug_info    0x0000741d      0x11f .\CortexM3\ARM_GCC_541\Debug\ZumoBot.a(Trig.o)
 .debug_info    0x0000753c      0x328 .\CortexM3\ARM_GCC_541\Debug\ZumoBot.a(Timer.o)
 .debug_info    0x00007864      0x11f .\CortexM3\ARM_GCC_541\Debug\ZumoBot.a(Echo.o)
 .debug_info    0x00007983      0x2d2 .\CortexM3\ARM_GCC_541\Debug\ZumoBot.a(ultra_isr.o)
 .debug_info    0x00007c55      0x297 .\CortexM3\ARM_GCC_541\Debug\ZumoBot.a(Buzzer_PWM.o)
 .debug_info    0x00007eec      0x2d2 .\CortexM3\ARM_GCC_541\Debug\ZumoBot.a(IR_isr.o)
 .debug_info    0x000081be      0x372 .\CortexM3\ARM_GCC_541\Debug\ZumoBot.a(Timer_IR.o)
 .debug_info    0x00008530      0x2ee .\CortexM3\ARM_GCC_541\Debug\ZumoBot.a(Timer_R2.o)
 .debug_info    0x0000881e      0x2ee .\CortexM3\ARM_GCC_541\Debug\ZumoBot.a(Timer_L2.o)
 .debug_info    0x00008b0c      0x11f .\CortexM3\ARM_GCC_541\Debug\ZumoBot.a(L2.o)
 .debug_info    0x00008c2b      0x11f .\CortexM3\ARM_GCC_541\Debug\ZumoBot.a(R2.o)
 .debug_info    0x00008d4a      0x11f .\CortexM3\ARM_GCC_541\Debug\ZumoBot.a(ShieldLed.o)
 .debug_info    0x00008e69       0xd6 .\CortexM3\ARM_GCC_541\Debug\ZumoBot.a(Control_Reg_1.o)
 .debug_info    0x00008f3f      0x283 .\CortexM3\ARM_GCC_541\Debug\ZumoBot.a(UART_1_IntClock.o)
 .debug_info    0x000091c2      0x2c4 .\CortexM3\ARM_GCC_541\Debug\ZumoBot.a(ADC_Battery_theACLK.o)
 .debug_info    0x00009486     0x1374 .\CortexM3\ARM_GCC_541\Debug\ZumoBot.a(CyLib.o)
 .debug_info    0x0000a7fa      0xa2a .\CortexM3\ARM_GCC_541\Debug\ZumoBot.a(cyPm.o)
 .debug_info    0x0000b224       0xee .\CortexM3\ARM_GCC_541\Debug\ZumoBot.a(cyutils.o)
 .debug_info    0x0000b312       0x8a .\CortexM3\ARM_GCC_541\Debug\ZumoBot.a(CyBootAsmGnu.o)
 .debug_info    0x0000b39c      0x64d .\CortexM3\ARM_GCC_541\Debug\ZumoBot.a(CyFlash.o)
 .debug_info    0x0000b9e9      0x550 .\CortexM3\ARM_GCC_541\Debug\ZumoBot.a(CySpc.o)

.debug_abbrev   0x00000000     0x4028
 *(.debug_abbrev)
 .debug_abbrev  0x00000000       0xae .\CortexM3\ARM_GCC_541\Debug\Accel.o
 .debug_abbrev  0x000000ae       0x8c .\CortexM3\ARM_GCC_541\Debug\Ambient.o
 .debug_abbrev  0x0000013a       0xc9 .\CortexM3\ARM_GCC_541\Debug\Beep.o
 .debug_abbrev  0x00000203       0xa5 .\CortexM3\ARM_GCC_541\Debug\Gyro.o
 .debug_abbrev  0x000002a8      0x124 .\CortexM3\ARM_GCC_541\Debug\I2C_made.o
 .debug_abbrev  0x000003cc      0x163 .\CortexM3\ARM_GCC_541\Debug\IR.o
 .debug_abbrev  0x0000052f       0xba .\CortexM3\ARM_GCC_541\Debug\Magnet.o
 .debug_abbrev  0x000005e9       0xdd .\CortexM3\ARM_GCC_541\Debug\Motor.o
 .debug_abbrev  0x000006c6       0xe4 .\CortexM3\ARM_GCC_541\Debug\Nunchuk.o
 .debug_abbrev  0x000007aa      0x137 .\CortexM3\ARM_GCC_541\Debug\Reflectance.o
 .debug_abbrev  0x000008e1      0x12f .\CortexM3\ARM_GCC_541\Debug\Ultra.o
 .debug_abbrev  0x00000a10      0x1be .\CortexM3\ARM_GCC_541\Debug\Systick.o
 .debug_abbrev  0x00000bce      0x111 .\CortexM3\ARM_GCC_541\Debug\Retarget.o
 .debug_abbrev  0x00000cdf      0x159 .\CortexM3\ARM_GCC_541\Debug\main.o
 .debug_abbrev  0x00000e38      0x22d .\CortexM3\ARM_GCC_541\Debug\music.o
 .debug_abbrev  0x00001065      0x194 .\CortexM3\ARM_GCC_541\Debug\drive.o
 .debug_abbrev  0x000011f9      0x146 .\CortexM3\ARM_GCC_541\Debug\custom_motor.o
 .debug_abbrev  0x0000133f      0x20d .\CortexM3\ARM_GCC_541\Debug\cyfitter_cfg.o
 .debug_abbrev  0x0000154c       0x77 .\CortexM3\ARM_GCC_541\Debug\cymetadata.o
 .debug_abbrev  0x000015c3      0x1e8 .\CortexM3\ARM_GCC_541\Debug\Cm3Start.o
 .debug_abbrev  0x000017ab      0x133 .\CortexM3\ARM_GCC_541\Debug\ZumoBot.a(PWM.o)
 .debug_abbrev  0x000018de      0x10a .\CortexM3\ARM_GCC_541\Debug\ZumoBot.a(I2C.o)
 .debug_abbrev  0x000019e8       0xb6 .\CortexM3\ARM_GCC_541\Debug\ZumoBot.a(I2C_INT.o)
 .debug_abbrev  0x00001a9e       0xfe .\CortexM3\ARM_GCC_541\Debug\ZumoBot.a(I2C_PM.o)
 .debug_abbrev  0x00001b9c      0x13c .\CortexM3\ARM_GCC_541\Debug\ZumoBot.a(I2C_MASTER.o)
 .debug_abbrev  0x00001cd8      0x175 .\CortexM3\ARM_GCC_541\Debug\ZumoBot.a(UART_1.o)
 .debug_abbrev  0x00001e4d       0x90 .\CortexM3\ARM_GCC_541\Debug\ZumoBot.a(MotorDirLeft.o)
 .debug_abbrev  0x00001edd       0x90 .\CortexM3\ARM_GCC_541\Debug\ZumoBot.a(MotorDirRight.o)
 .debug_abbrev  0x00001f6d       0x90 .\CortexM3\ARM_GCC_541\Debug\ZumoBot.a(L3.o)
 .debug_abbrev  0x00001ffd      0x11a .\CortexM3\ARM_GCC_541\Debug\ZumoBot.a(Timer_L3.o)
 .debug_abbrev  0x00002117      0x11a .\CortexM3\ARM_GCC_541\Debug\ZumoBot.a(Timer_R3.o)